Archive member included to satisfy reference by file (symbol)

mcuboot/mcuboot_app/libmcuboot_app.a(main.c.obj)
                              (--whole-archive)
mcuboot/mcuboot_app/libmcuboot_app.a(flash_map_extended.c.obj)
                              (--whole-archive)
mcuboot/mcuboot_app/libmcuboot_app.a(os.c.obj)
                              (--whole-archive)
mcuboot/mcuboot_app/libmcuboot_app.a(keys.c.obj)
                              (--whole-archive)
mcuboot/mcuboot_app/libmcuboot_app.a(loader.c.obj)
                              (--whole-archive)
mcuboot/mcuboot_app/libmcuboot_app.a(bootutil_misc.c.obj)
                              (--whole-archive)
mcuboot/mcuboot_app/libmcuboot_app.a(image_validate.c.obj)
                              (--whole-archive)
mcuboot/mcuboot_app/libmcuboot_app.a(encrypted.c.obj)
                              (--whole-archive)
mcuboot/mcuboot_app/libmcuboot_app.a(image_rsa.c.obj)
                              (--whole-archive)
mcuboot/mcuboot_app/libmcuboot_app.a(image_ec256.c.obj)
                              (--whole-archive)
mcuboot/mcuboot_app/libmcuboot_app.a(image_ed25519.c.obj)
                              (--whole-archive)
mcuboot/mcuboot_app/libmcuboot_app.a(caps.c.obj)
                              (--whole-archive)
mcuboot/mcuboot_app/libmcuboot_app.a(tlv.c.obj)
                              (--whole-archive)
mcuboot/mcuboot_app/libmcuboot_app.a(autogen-pubkey.c.obj)
                              (--whole-archive)
mcuboot/zephyr/libmcuboot_zephyr.a(crc32_sw.c.obj)
                              (--whole-archive)
mcuboot/zephyr/libmcuboot_zephyr.a(crc16_sw.c.obj)
                              (--whole-archive)
mcuboot/zephyr/libmcuboot_zephyr.a(crc8_sw.c.obj)
                              (--whole-archive)
mcuboot/zephyr/libmcuboot_zephyr.a(crc7_sw.c.obj)
                              (--whole-archive)
mcuboot/zephyr/libmcuboot_zephyr.a(dec.c.obj)
                              (--whole-archive)
mcuboot/zephyr/libmcuboot_zephyr.a(fdtable.c.obj)
                              (--whole-archive)
mcuboot/zephyr/libmcuboot_zephyr.a(hex.c.obj)
                              (--whole-archive)
mcuboot/zephyr/libmcuboot_zephyr.a(mempool.c.obj)
                              (--whole-archive)
mcuboot/zephyr/libmcuboot_zephyr.a(rb.c.obj)
                              (--whole-archive)
mcuboot/zephyr/libmcuboot_zephyr.a(sem.c.obj)
                              (--whole-archive)
mcuboot/zephyr/libmcuboot_zephyr.a(thread_entry.c.obj)
                              (--whole-archive)
mcuboot/zephyr/libmcuboot_zephyr.a(timeutil.c.obj)
                              (--whole-archive)
mcuboot/zephyr/libmcuboot_zephyr.a(work_q.c.obj)
                              (--whole-archive)
mcuboot/zephyr/libmcuboot_zephyr.a(printk.c.obj)
                              (--whole-archive)
mcuboot/zephyr/libmcuboot_zephyr.a(configs.c.obj)
                              (--whole-archive)
mcuboot/zephyr/libmcuboot_zephyr.a(soc.c.obj)
                              (--whole-archive)
mcuboot/zephyr/libmcuboot_zephyr.a(mpu_regions.c.obj)
                              (--whole-archive)
mcuboot/zephyr/libmcuboot_zephyr.a(validate_base_addresses.c.obj)
                              (--whole-archive)
mcuboot/zephyr/libmcuboot_zephyr.a(log_list.c.obj)
                              (--whole-archive)
mcuboot/zephyr/libmcuboot_zephyr.a(log_core.c.obj)
                              (--whole-archive)
mcuboot/zephyr/libmcuboot_zephyr.a(log_msg.c.obj)
                              (--whole-archive)
mcuboot/zephyr/libmcuboot_zephyr.a(log_output.c.obj)
                              (--whole-archive)
mcuboot/zephyr/libmcuboot_zephyr.a(log_backend_uart.c.obj)
                              (--whole-archive)
mcuboot/zephyr/libmcuboot_zephyr.a(flash_map.c.obj)
                              (--whole-archive)
mcuboot/zephyr/libmcuboot_zephyr.a(flash_map_default.c.obj)
                              (--whole-archive)
mcuboot/zephyr/libmcuboot_zephyr.a(uart_console.c.obj)
                              (--whole-archive)
mcuboot/zephyr/libmcuboot_zephyr.a(nrf_power_clock.c.obj)
                              (--whole-archive)
mcuboot/zephyr/libmcuboot_zephyr.a(sys_clock_init.c.obj)
                              (--whole-archive)
mcuboot/zephyr/libmcuboot_zephyr.a(nrf_rtc_timer.c.obj)
                              (--whole-archive)
mcuboot/zephyr/arch/common/libmcuboot_arch__common.a(isr_tables.c.obj)
                              (--whole-archive)
mcuboot/zephyr/arch/common/libmcuboot_arch__common.a(sw_isr_common.c.obj)
                              (--whole-archive)
mcuboot/zephyr/arch/arch/arm/core/libmcuboot_arch__arm__core.a(exc_exit.S.obj)
                              (--whole-archive)
mcuboot/zephyr/arch/arch/arm/core/libmcuboot_arch__arm__core.a(swap.c.obj)
                              (--whole-archive)
mcuboot/zephyr/arch/arch/arm/core/libmcuboot_arch__arm__core.a(swap_helper.S.obj)
[...]
Memory Configuration

Name             Origin             Length             Attributes
FLASH            0x0000000000000000 0x000000000000c000 xr
SRAM             0x0000000020000000 0x0000000000010000 xw
IDT_LIST         0x0000000020010000 0x0000000000000800 xw
*default*        0x0000000000000000 0xffffffffffffffff

Linker script and memory map

LOAD mcuboot/zephyr/CMakeFiles/mcuboot_zephyr_prebuilt.dir/misc/empty_file.c.obj
                0x0000000000000020                _region_min_align = 0x20

.rel.plt        0x0000000000000000        0x0
 *(SORT_BY_ALIGNMENT(.rel.plt))
                [!provide]                        PROVIDE (__rel_iplt_start = .)
 *(SORT_BY_ALIGNMENT(.rel.iplt))
 .rel.iplt      0x0000000000000000        0x0 mcuboot/mcuboot_app/libmcuboot_app.a(main.c.obj)
                [!provide]                        PROVIDE (__rel_iplt_end = .)

.rela.plt       0x0000000000000000        0x0
 *(SORT_BY_ALIGNMENT(.rela.plt))
                [!provide]                        PROVIDE (__rela_iplt_start = .)
 *(SORT_BY_ALIGNMENT(.rela.iplt))
                [!provide]                        PROVIDE (__rela_iplt_end = .)

.rel.dyn
 *(SORT_BY_ALIGNMENT(.rel.*))

.rela.dyn
 *(SORT_BY_ALIGNMENT(.rela.*))

/DISCARD/
 *(SORT_BY_ALIGNMENT(.plt))
 *(SORT_BY_ALIGNMENT(.iplt))
 *(SORT_BY_ALIGNMENT(.got.plt))
 *(SORT_BY_ALIGNMENT(.igot.plt))
 *(SORT_BY_ALIGNMENT(.got))
 *(SORT_BY_ALIGNMENT(.igot))
 *(SORT_BY_ALIGNMENT(.note.GNU-stack))
                0x0000000000000000                _image_rom_start = 0x0

text            0x0000000000000000      0x144
                0x0000000000000000                . = 0x0
                0x0000000000000000                _vector_start = .
 *(SORT_BY_ALIGNMENT(.exc_vector_table))
 *(SORT_BY_ALIGNMENT(.exc_vector_table.*))
 .exc_vector_table._vector_table_section
                0x0000000000000000       0x40 mcuboot/zephyr/arch/arch/arm/core/cortex_m/libmcuboot_arch__arm__core__cortex_m.a(vector_table.S.obj)
                0x0000000000000000                _vector_table
 *(SORT_BY_ALIGNMENT(.gnu.linkonce.irq_vector_table))
 .gnu.linkonce.irq_vector_table
                0x0000000000000040      0x104 mcuboot/zephyr/arch/common/libmcuboot_arch__common.a(isr_tables.c.obj)
                0x0000000000000040                _irq_vector_table
 *(SORT_BY_ALIGNMENT(.vectors))
 *(SORT_BY_ALIGNMENT(.openocd_dbg))
 *(SORT_BY_ALIGNMENT(.openocd_dbg.*))
                0x0000000000000144                _vector_end = .

_TEXT_SECTION_NAME_2
                0x0000000000000144     0x7956
                0x0000000000000144                _image_text_start = .
 *(SORT_BY_ALIGNMENT(.text))
 .text          0x0000000000000144       0x30 /Users/justin/gnuarmemb/bin/../lib/gcc/arm-none-eabi/8.3.1/thumb/v8-m.main+fp/hard/libgcc.a(_aeabi_uldivmod.o)
                0x0000000000000144                __aeabi_uldivmod
 .text          0x0000000000000174      0x2c8 /Users/justin/gnuarmemb/bin/../lib/gcc/arm-none-eabi/8.3.1/thumb/v8-m.main+fp/hard/libgcc.a(_udivmoddi4.o)
                0x0000000000000174                __udivmoddi4
 .text          0x000000000000043c        0x4 /Users/justin/gnuarmemb/bin/../lib/gcc/arm-none-eabi/8.3.1/thumb/v8-m.main+fp/hard/libgcc.a(_dvmd_tls.o)
                0x000000000000043c                __aeabi_ldiv0
                0x000000000000043c                __aeabi_idiv0
 *(SORT_BY_ALIGNMENT(.text.*))
 .text.main     0x0000000000000440      0x100 mcuboot/mcuboot_app/libmcuboot_app.a(main.c.obj)
                0x0000000000000440                main
 .text.flash_device_get_binding
                0x0000000000000540       0x1c mcuboot/mcuboot_app/libmcuboot_app.a(flash_map_extended.c.obj)
                0x0000000000000540                flash_device_get_binding
 .text.flash_device_base
                0x000000000000055c       0x44 mcuboot/mcuboot_app/libmcuboot_app.a(flash_map_extended.c.obj)
                0x000000000000055c                flash_device_base
 .text.os_heap_init
                0x00000000000005a0       0x14 mcuboot/mcuboot_app/libmcuboot_app.a(os.c.obj)
                0x00000000000005a0                os_heap_init
 .text.boot_is_header_valid
                0x00000000000005b4       0x44 mcuboot/mcuboot_app/libmcuboot_app.a(loader.c.obj)
 .text.boot_slots_compatible
                0x00000000000005f8      0x17c mcuboot/mcuboot_app/libmcuboot_app.a(loader.c.obj)
 .text.boot_status_source
                0x0000000000000774      0x19c mcuboot/mcuboot_app/libmcuboot_app.a(loader.c.obj)
 .text.boot_read_status_bytes
                0x0000000000000910       0xd4 mcuboot/mcuboot_app/libmcuboot_app.a(loader.c.obj)
 .text.boot_copy_region
                0x00000000000009e4       0x58 mcuboot/mcuboot_app/libmcuboot_app.a(loader.c.obj)
 .text.boot_image_check
                0x0000000000000a3c       0x34 mcuboot/mcuboot_app/libmcuboot_app.a(loader.c.obj)
 .text.boot_validate_slot
                0x0000000000000a70       0xc0 mcuboot/mcuboot_app/libmcuboot_app.a(loader.c.obj)
 .text.boot_swap_sectors
                0x0000000000000b30      0x268 mcuboot/mcuboot_app/libmcuboot_app.a(loader.c.obj)
 .text.boot_swap_image
                0x0000000000000d98      0x10c mcuboot/mcuboot_app/libmcuboot_app.a(loader.c.obj)
 .text.boot_complete_partial_swap
                0x0000000000000ea4       0x8c mcuboot/mcuboot_app/libmcuboot_app.a(loader.c.obj)
 .text.boot_prepare_image_for_update
                0x0000000000000f30      0x11c mcuboot/mcuboot_app/libmcuboot_app.a(loader.c.obj)
 .text.context_boot_go
                0x000000000000104c      0x124 mcuboot/mcuboot_app/libmcuboot_app.a(loader.c.obj)
                0x000000000000104c                context_boot_go
 .text.boot_go  0x0000000000001170       0x10 mcuboot/mcuboot_app/libmcuboot_app.a(loader.c.obj)
                0x0000000000001170                boot_go
 .text.boot_magic_decode
                0x0000000000001180       0x18 mcuboot/mcuboot_app/libmcuboot_app.a(bootutil_misc.c.obj)
 .text.boot_find_status
                0x0000000000001198       0x70 mcuboot/mcuboot_app/libmcuboot_app.a(bootutil_misc.c.obj)
 .text.boot_write_magic
                0x0000000000001208       0x20 mcuboot/mcuboot_app/libmcuboot_app.a(bootutil_misc.c.obj)
                0x0000000000001208                boot_write_magic
 .text.boot_swap_type_multi
                0x0000000000001228      0x118 mcuboot/mcuboot_app/libmcuboot_app.a(bootutil_misc.c.obj)
                0x0000000000001228                boot_swap_type_multi
 .text.bootutil_find_key
                0x0000000000001340       0x68 mcuboot/mcuboot_app/libmcuboot_app.a(image_validate.c.obj)
 .text.bootutil_img_validate
                0x00000000000013a8      0x168 mcuboot/mcuboot_app/libmcuboot_app.a(image_validate.c.obj)
                0x00000000000013a8                bootutil_img_validate
 .text.bootutil_cmp_rsasig
                0x0000000000001510       0xe8 mcuboot/mcuboot_app/libmcuboot_app.a(image_rsa.c.obj)
 .text.bootutil_verify_sig
                0x00000000000015f8       0x68 mcuboot/mcuboot_app/libmcuboot_app.a(image_rsa.c.obj)
                0x00000000000015f8                bootutil_verify_sig
 .text.char_out
                0x0000000000001660       0x14 mcuboot/zephyr/libmcuboot_zephyr.a(printk.c.obj)
 .text._printk_dec_ulong
                0x0000000000001674       0xb0 mcuboot/zephyr/libmcuboot_zephyr.a(printk.c.obj)
 .text.__printk_hook_install
                0x0000000000001724        0xc mcuboot/zephyr/libmcuboot_zephyr.a(printk.c.obj)
                0x0000000000001724                __printk_hook_install
 .text.vprintk  0x0000000000001730       0x20 mcuboot/zephyr/libmcuboot_zephyr.a(printk.c.obj)
                0x0000000000001730                vprintk
 .text.nordicsemi_nrf91_init
                0x0000000000001750       0x28 mcuboot/zephyr/libmcuboot_zephyr.a(soc.c.obj)
 .text.log_generic
                0x0000000000001778       0x60 mcuboot/zephyr/libmcuboot_zephyr.a(log_core.c.obj)
                0x0000000000001778                log_generic
 .text.log_core_init
                0x00000000000017d8       0x1c mcuboot/zephyr/libmcuboot_zephyr.a(log_core.c.obj)
                0x00000000000017d8                log_core_init
 .text.log_source_name_get
                0x00000000000017f4       0x20 mcuboot/zephyr/libmcuboot_zephyr.a(log_core.c.obj)
                0x00000000000017f4                log_source_name_get
 .text.log_backend_enable
                0x0000000000001814       0x3c mcuboot/zephyr/libmcuboot_zephyr.a(log_core.c.obj)
                0x0000000000001814                log_backend_enable
 .text.log_init
                0x0000000000001850       0x5c mcuboot/zephyr/libmcuboot_zephyr.a(log_core.c.obj)
                0x0000000000001850                log_init
 .text.z_impl_log_panic
                0x00000000000018ac       0x50 mcuboot/zephyr/libmcuboot_zephyr.a(log_core.c.obj)
                0x00000000000018ac                z_impl_log_panic
 .text.print_formatted
                0x00000000000018fc       0x28 mcuboot/zephyr/libmcuboot_zephyr.a(log_output.c.obj)
 .text.timestamp_print
                0x0000000000001924       0x8c mcuboot/zephyr/libmcuboot_zephyr.a(log_output.c.obj)
 .text.color_print
                0x00000000000019b0       0x2c mcuboot/zephyr/libmcuboot_zephyr.a(log_output.c.obj)
 .text.newline_print
                0x00000000000019dc       0x28 mcuboot/zephyr/libmcuboot_zephyr.a(log_output.c.obj)
 .text.hexdump_line_print
                0x0000000000001a04       0xbc mcuboot/zephyr/libmcuboot_zephyr.a(log_output.c.obj)
 .text.ids_print
                0x0000000000001ac0       0x5c mcuboot/zephyr/libmcuboot_zephyr.a(log_output.c.obj)
 .text.log_output_string
                0x0000000000001b1c       0x68 mcuboot/zephyr/libmcuboot_zephyr.a(log_output.c.obj)
                0x0000000000001b1c                log_output_string
 .text.log_output_hexdump
                0x0000000000001b84       0x74 mcuboot/zephyr/libmcuboot_zephyr.a(log_output.c.obj)
                0x0000000000001b84                log_output_hexdump
 .text.log_output_timestamp_freq_set
                0x0000000000001bf8       0x2c mcuboot/zephyr/libmcuboot_zephyr.a(log_output.c.obj)
                0x0000000000001bf8                log_output_timestamp_freq_set
 .text.log_backend_uart_init
                0x0000000000001c24       0x18 mcuboot/zephyr/libmcuboot_zephyr.a(log_backend_uart.c.obj)
 .text.panic    0x0000000000001c3c       0x10 mcuboot/zephyr/libmcuboot_zephyr.a(log_backend_uart.c.obj)
 .text.sync_hexdump
                0x0000000000001c4c       0x50 mcuboot/zephyr/libmcuboot_zephyr.a(log_backend_uart.c.obj)
 .text.sync_string
                0x0000000000001c9c       0x4c mcuboot/zephyr/libmcuboot_zephyr.a(log_backend_uart.c.obj)
 .text.get_flash_area_from_id
                0x0000000000001ce8       0x30 mcuboot/zephyr/libmcuboot_zephyr.a(flash_map.c.obj)
 .text.flash_area_open
                0x0000000000001d18       0x28 mcuboot/zephyr/libmcuboot_zephyr.a(flash_map.c.obj)
                0x0000000000001d18                flash_area_open
 .text.flash_area_get_sectors
                0x0000000000001d40       0x18 mcuboot/zephyr/libmcuboot_zephyr.a(flash_map.c.obj)
                0x0000000000001d40                flash_area_get_sectors
 .text.console_out
                0x0000000000001d58       0x2c mcuboot/zephyr/libmcuboot_zephyr.a(uart_console.c.obj)
 .text.uart_console_hook_install
                0x0000000000001d84       0x18 mcuboot/zephyr/libmcuboot_zephyr.a(uart_console.c.obj)
                0x0000000000001d84                uart_console_hook_install
 .text.uart_console_init
                0x0000000000001d9c       0x1c mcuboot/zephyr/libmcuboot_zephyr.a(uart_console.c.obj)
 .text.nrf_power_clock_isr
                0x0000000000001db8       0x3c mcuboot/zephyr/libmcuboot_zephyr.a(nrf_power_clock.c.obj)
                0x0000000000001db8                nrf_power_clock_isr
 .text.set_comparator
                0x0000000000001df4       0x10 mcuboot/zephyr/libmcuboot_zephyr.a(nrf_rtc_timer.c.obj)
 .text.counter  0x0000000000001e04        0xc mcuboot/zephyr/libmcuboot_zephyr.a(nrf_rtc_timer.c.obj)
 .text.rtc1_nrf_isr
                0x0000000000001e10       0x44 mcuboot/zephyr/libmcuboot_zephyr.a(nrf_rtc_timer.c.obj)
                0x0000000000001e10                rtc1_nrf_isr
 .text.z_clock_driver_init
                0x0000000000001e54       0x74 mcuboot/zephyr/libmcuboot_zephyr.a(nrf_rtc_timer.c.obj)
                0x0000000000001e54                z_clock_driver_init
 .text.z_clock_set_timeout
                0x0000000000001ec8       0xac mcuboot/zephyr/libmcuboot_zephyr.a(nrf_rtc_timer.c.obj)
                0x0000000000001ec8                z_clock_set_timeout
 .text.z_clock_elapsed
                0x0000000000001f74       0x2c mcuboot/zephyr/libmcuboot_zephyr.a(nrf_rtc_timer.c.obj)
                0x0000000000001f74                z_clock_elapsed
 .text.z_timer_cycle_get_32
                0x0000000000001fa0       0x30 mcuboot/zephyr/libmcuboot_zephyr.a(nrf_rtc_timer.c.obj)
                0x0000000000001fa0                z_timer_cycle_get_32
 .text._HandlerModeExit
                0x0000000000001fd0        0x4 mcuboot/zephyr/arch/arch/arm/core/libmcuboot_arch__arm__core.a(exc_exit.S.obj)
                0x0000000000001fd0                z_arm_exc_exit
                0x0000000000001fd0                z_arm_int_exit
 .text.arch_swap
                0x0000000000001fd4       0x34 mcuboot/zephyr/arch/arch/arm/core/libmcuboot_arch__arm__core.a(swap.c.obj)
                0x0000000000001fd4                arch_swap
 .text.z_arm_pendsv
                0x0000000000002008       0x54 mcuboot/zephyr/arch/arch/arm/core/libmcuboot_arch__arm__core.a(swap_helper.S.obj)
                0x0000000000002008                z_arm_pendsv
 .text.z_arm_svc
                0x000000000000205c       0x20 mcuboot/zephyr/arch/arch/arm/core/libmcuboot_arch__arm__core.a(swap_helper.S.obj)
                0x000000000000205c                z_arm_svc
 .text.arch_irq_enable
                0x000000000000207c       0x20 mcuboot/zephyr/arch/arch/arm/core/libmcuboot_arch__arm__core.a(irq_manage.c.obj)
                0x000000000000207c                arch_irq_enable
 .text.z_arm_irq_priority_set
                0x000000000000209c       0x2c mcuboot/zephyr/arch/arch/arm/core/libmcuboot_arch__arm__core.a(irq_manage.c.obj)
                0x000000000000209c                z_arm_irq_priority_set
 .text.z_arm_cpu_idle_init
                0x00000000000020c8        0xc mcuboot/zephyr/arch/arch/arm/core/libmcuboot_arch__arm__core.a(cpu_idle.S.obj)
                0x00000000000020c8                z_arm_cpu_idle_init
 .text.__fault  0x00000000000020d4       0x14 mcuboot/zephyr/arch/arch/arm/core/libmcuboot_arch__arm__core.a(fault_s.S.obj)
                0x00000000000020d4                z_arm_bus_fault
                0x00000000000020d4                z_arm_usage_fault
                0x00000000000020d4                z_arm_mpu_fault
                0x00000000000020d4                z_arm_reserved
                0x00000000000020d4                z_arm_debug_monitor
                0x00000000000020d4                z_arm_hard_fault
 .text.z_SysNmiOnReset
                0x00000000000020e8        0x8 mcuboot/zephyr/arch/arch/arm/core/libmcuboot_arch__arm__core.a(nmi_on_reset.S.obj)
                0x00000000000020e8                z_SysNmiOnReset
 .text.z_arm_prep_c
                0x00000000000020f0       0x2c mcuboot/zephyr/arch/arch/arm/core/libmcuboot_arch__arm__core.a(prep_c.c.obj)
                0x00000000000020f0                z_arm_prep_c
 .text._isr_wrapper
                0x000000000000211c       0x28 mcuboot/zephyr/arch/arch/arm/core/libmcuboot_arch__arm__core.a(isr_wrapper.S.obj)
                0x000000000000211c                _isr_wrapper
 .text._reset_section
                0x0000000000002144       0x30 mcuboot/zephyr/arch/arch/arm/core/cortex_m/libmcuboot_arch__arm__core__cortex_m.a(reset.S.obj)
                0x0000000000002144                z_arm_reset
                0x0000000000002144                __start
 .text.mem_manage_fault
                0x0000000000002174       0x48 mcuboot/zephyr/arch/arch/arm/core/cortex_m/libmcuboot_arch__arm__core__cortex_m.a(fault.c.obj)
 .text.bus_fault
                0x00000000000021bc       0x54 mcuboot/zephyr/arch/arch/arm/core/cortex_m/libmcuboot_arch__arm__core__cortex_m.a(fault.c.obj)
 .text.usage_fault
                0x0000000000002210       0x24 mcuboot/zephyr/arch/arch/arm/core/cortex_m/libmcuboot_arch__arm__core__cortex_m.a(fault.c.obj)
 .text.hard_fault
                0x0000000000002234       0x5c mcuboot/zephyr/arch/arch/arm/core/cortex_m/libmcuboot_arch__arm__core__cortex_m.a(fault.c.obj)
 .text.z_arm_fault
                0x0000000000002290       0x98 mcuboot/zephyr/arch/arch/arm/core/cortex_m/libmcuboot_arch__arm__core__cortex_m.a(fault.c.obj)
                0x0000000000002290                z_arm_fault
 .text.z_arm_fault_init
                0x0000000000002328       0x10 mcuboot/zephyr/arch/arch/arm/core/cortex_m/libmcuboot_arch__arm__core__cortex_m.a(fault.c.obj)
                0x0000000000002328                z_arm_fault_init
 .text.z_arm_int_lib_init
                0x0000000000002338       0x34 mcuboot/zephyr/arch/arch/arm/core/cortex_m/libmcuboot_arch__arm__core__cortex_m.a(irq_init.c.obj)
                0x0000000000002338                z_arm_int_lib_init
 .text.z_impl_k_thread_abort
                0x000000000000236c       0x4c mcuboot/zephyr/arch/arch/arm/core/cortex_m/libmcuboot_arch__arm__core__cortex_m.a(thread_abort.c.obj)
                0x000000000000236c                z_impl_k_thread_abort
 .text.mpu_init
                0x00000000000023b8       0x10 mcuboot/zephyr/arch/arch/arm/core/cortex_m/mpu/libmcuboot_arch__arm__core__cortex_m__mpu.a(arm_mpu.c.obj)
 .text.region_init
                0x00000000000023c8       0x34 mcuboot/zephyr/arch/arch/arm/core/cortex_m/mpu/libmcuboot_arch__arm__core__cortex_m__mpu.a(arm_mpu.c.obj)
 .text.region_allocate_and_init
                0x00000000000023fc       0x48 mcuboot/zephyr/arch/arch/arm/core/cortex_m/mpu/libmcuboot_arch__arm__core__cortex_m__mpu.a(arm_mpu.c.obj)
 .text.mpu_configure_regions
                0x0000000000002444       0x78 mcuboot/zephyr/arch/arch/arm/core/cortex_m/mpu/libmcuboot_arch__arm__core__cortex_m__mpu.a(arm_mpu.c.obj)
 .text.mpu_configure_dynamic_mpu_regions
                0x00000000000024bc       0x48 mcuboot/zephyr/arch/arch/arm/core/cortex_m/mpu/libmcuboot_arch__arm__core__cortex_m__mpu.a(arm_mpu.c.obj)
 .text.arm_core_mpu_enable
                0x0000000000002504       0x14 mcuboot/zephyr/arch/arch/arm/core/cortex_m/mpu/libmcuboot_arch__arm__core__cortex_m__mpu.a(arm_mpu.c.obj)
                0x0000000000002504                arm_core_mpu_enable
 .text.arm_core_mpu_disable
                0x0000000000002518       0x10 mcuboot/zephyr/arch/arch/arm/core/cortex_m/mpu/libmcuboot_arch__arm__core__cortex_m__mpu.a(arm_mpu.c.obj)
                0x0000000000002518                arm_core_mpu_disable
 .text.arm_mpu_init
                0x0000000000002528       0x44 mcuboot/zephyr/arch/arch/arm/core/cortex_m/mpu/libmcuboot_arch__arm__core__cortex_m__mpu.a(arm_mpu.c.obj)
 .text.__stdout_hook_install
                0x000000000000256c        0xc mcuboot/zephyr/lib/libc/minimal/libmcuboot_lib__libc__minimal.a(stdout_console.c.obj)
                0x000000000000256c                __stdout_hook_install
 .text.gpiote_channel_alloc
                0x0000000000002578       0x8c mcuboot/zephyr/drivers/gpio/libmcuboot_drivers__gpio.a(gpio_nrfx.c.obj)
 .text.gpiote_channel_free
                0x0000000000002604       0x58 mcuboot/zephyr/drivers/gpio/libmcuboot_drivers__gpio.a(gpio_nrfx.c.obj)
 .text.gpiote_pin_int_cfg
                0x000000000000265c       0xbc mcuboot/zephyr/drivers/gpio/libmcuboot_drivers__gpio.a(gpio_nrfx.c.obj)
 .text.gpio_nrfx_config
                0x0000000000002718      0x194 mcuboot/zephyr/drivers/gpio/libmcuboot_drivers__gpio.a(gpio_nrfx.c.obj)
 .text.cfg_level_pins
                0x00000000000028ac       0x6c mcuboot/zephyr/drivers/gpio/libmcuboot_drivers__gpio.a(gpio_nrfx.c.obj)
 .text.check_level_trigger_pins
                0x0000000000002918       0x60 mcuboot/zephyr/drivers/gpio/libmcuboot_drivers__gpio.a(gpio_nrfx.c.obj)
 .text.gpiote_event_handler
                0x0000000000002978       0xd0 mcuboot/zephyr/drivers/gpio/libmcuboot_drivers__gpio.a(gpio_nrfx.c.obj)
 .text.gpio_nrfx_init
                0x0000000000002a48       0x38 mcuboot/zephyr/drivers/gpio/libmcuboot_drivers__gpio.a(gpio_nrfx.c.obj)
 .text.nvmc_wait_ready
                0x0000000000002a80       0x14 mcuboot/zephyr/drivers/flash/libmcuboot_drivers__flash.a(soc_flash_nrf.c.obj)
 .text.flash_nrf_write_protection
                0x0000000000002a94        0xc mcuboot/zephyr/drivers/flash/libmcuboot_drivers__flash.a(soc_flash_nrf.c.obj)
 .text.flash_nrf_pages_layout
                0x0000000000002aa0       0x10 mcuboot/zephyr/drivers/flash/libmcuboot_drivers__flash.a(soc_flash_nrf.c.obj)
 .text.nrf_flash_init
                0x0000000000002ab0       0x24 mcuboot/zephyr/drivers/flash/libmcuboot_drivers__flash.a(soc_flash_nrf.c.obj)
 .text.flash_nrf_erase
                0x0000000000002ad4       0x7c mcuboot/zephyr/drivers/flash/libmcuboot_drivers__flash.a(soc_flash_nrf.c.obj)
 .text.flash_nrf_write
                0x0000000000002b50       0x5c mcuboot/zephyr/drivers/flash/libmcuboot_drivers__flash.a(soc_flash_nrf.c.obj)
 .text.baudrate_set
                0x0000000000002bac      0x154 mcuboot/zephyr/drivers/serial/libmcuboot_drivers__serial.a(uart_nrfx_uarte.c.obj)
 .text.uarte_instance_init
                0x0000000000002d00       0xb4 mcuboot/zephyr/drivers/serial/libmcuboot_drivers__serial.a(uart_nrfx_uarte.c.obj)
 .text.uarte_0_init
                0x0000000000002db4       0x34 mcuboot/zephyr/drivers/serial/libmcuboot_drivers__serial.a(uart_nrfx_uarte.c.obj)
 .text.verify_header
                0x0000000000002de8       0x50 mcuboot/zephyr/modules/mbedtls/libmcuboot_..__modules__crypto__mbedtls.a(memory_buffer_alloc.c.obj)
 .text.verify_chain
                0x0000000000002e38       0x4c mcuboot/zephyr/modules/mbedtls/libmcuboot_..__modules__crypto__mbedtls.a(memory_buffer_alloc.c.obj)
 .text.buffer_alloc_free
                0x0000000000002e84      0x134 mcuboot/zephyr/modules/mbedtls/libmcuboot_..__modules__crypto__mbedtls.a(memory_buffer_alloc.c.obj)
 .text.buffer_alloc_calloc
                0x0000000000002fb8      0x150 mcuboot/zephyr/modules/mbedtls/libmcuboot_..__modules__crypto__mbedtls.a(memory_buffer_alloc.c.obj)
 .text.mbedtls_memory_buffer_alloc_init
                0x0000000000003108       0x68 mcuboot/zephyr/modules/mbedtls/libmcuboot_..__modules__crypto__mbedtls.a(memory_buffer_alloc.c.obj)
                0x0000000000003108                mbedtls_memory_buffer_alloc_init
 .text.mbedtls_calloc
                0x0000000000003170       0x10 mcuboot/zephyr/modules/mbedtls/libmcuboot_..__modules__crypto__mbedtls.a(platform.c.obj)
                0x0000000000003170                mbedtls_calloc
 .text.mbedtls_free
                0x0000000000003180       0x10 mcuboot/zephyr/modules/mbedtls/libmcuboot_..__modules__crypto__mbedtls.a(platform.c.obj)
                0x0000000000003180                mbedtls_free
 .text.mbedtls_platform_set_calloc_free
                0x0000000000003190       0x14 mcuboot/zephyr/modules/mbedtls/libmcuboot_..__modules__crypto__mbedtls.a(platform.c.obj)
                0x0000000000003190                mbedtls_platform_set_calloc_free
 .text.mbedtls_platform_zeroize
                0x00000000000031a4       0x14 mcuboot/zephyr/modules/mbedtls/libmcuboot_..__modules__crypto__mbedtls.a(platform_util.c.obj)
                0x00000000000031a4                mbedtls_platform_zeroize
 .text.rsa_check_context
                0x00000000000031b8       0xd0 mcuboot/zephyr/modules/mbedtls/libmcuboot_..__modules__crypto__mbedtls.a(rsa.c.obj)
 .text.mbedtls_rsa_check_pubkey
                0x0000000000003288       0x54 mcuboot/zephyr/modules/mbedtls/libmcuboot_..__modules__crypto__mbedtls.a(rsa.c.obj)
                0x0000000000003288                mbedtls_rsa_check_pubkey
 .text.mbedtls_rsa_public
                0x00000000000032dc       0x84 mcuboot/zephyr/modules/mbedtls/libmcuboot_..__modules__crypto__mbedtls.a(rsa.c.obj)
                0x00000000000032dc                mbedtls_rsa_public
 .text.mbedtls_sha256_starts_ret
                0x0000000000003360       0xa4 mcuboot/zephyr/modules/mbedtls/libmcuboot_..__modules__crypto__mbedtls.a(sha256.c.obj)
                0x0000000000003360                mbedtls_sha256_starts_ret
 .text.mbedtls_internal_sha256_process
                0x0000000000003404      0x7a8 mcuboot/zephyr/modules/mbedtls/libmcuboot_..__modules__crypto__mbedtls.a(sha256.c.obj)
                0x0000000000003404                mbedtls_internal_sha256_process
 .text.errata_6
                0x0000000000003bac       0x14 mcuboot/zephyr/modules/nordic/libmcuboot_..__modules__hal__nordic.a(system_nrf9160.c.obj)
 .text.errata_14
                0x0000000000003bc0       0x24 mcuboot/zephyr/modules/nordic/libmcuboot_..__modules__hal__nordic.a(system_nrf9160.c.obj)
 .text.errata_15
                0x0000000000003be4       0x24 mcuboot/zephyr/modules/nordic/libmcuboot_..__modules__hal__nordic.a(system_nrf9160.c.obj)
 .text.errata_20
                0x0000000000003c08       0x24 mcuboot/zephyr/modules/nordic/libmcuboot_..__modules__hal__nordic.a(system_nrf9160.c.obj)
 .text.errata_31
                0x0000000000003c2c       0x14 mcuboot/zephyr/modules/nordic/libmcuboot_..__modules__hal__nordic.a(system_nrf9160.c.obj)
 .text.uicr_HFXOCNT_erased
                0x0000000000003c40       0x18 mcuboot/zephyr/modules/nordic/libmcuboot_..__modules__hal__nordic.a(system_nrf9160.c.obj)
 .text.uicr_HFXOSRC_erased
                0x0000000000003c58       0x18 mcuboot/zephyr/modules/nordic/libmcuboot_..__modules__hal__nordic.a(system_nrf9160.c.obj)
 .text.SystemCoreClockUpdate
                0x0000000000003c70       0x10 mcuboot/zephyr/modules/nordic/libmcuboot_..__modules__hal__nordic.a(system_nrf9160.c.obj)
                0x0000000000003c70                SystemCoreClockUpdate
 .text.SystemInit
                0x0000000000003c80      0x15c mcuboot/zephyr/modules/nordic/libmcuboot_..__modules__hal__nordic.a(system_nrf9160.c.obj)
                0x0000000000003c80                SystemInit
 .text.nvmc_readonly_mode_set
                0x0000000000003ddc       0x10 mcuboot/zephyr/modules/nordic/libmcuboot_..__modules__hal__nordic.a(nrfx_nvmc.c.obj)
 .text.nvmc_write_mode_set
                0x0000000000003dec       0x10 mcuboot/zephyr/modules/nordic/libmcuboot_..__modules__hal__nordic.a(nrfx_nvmc.c.obj)
 .text.nvmc_erase_mode_set
                0x0000000000003dfc       0x10 mcuboot/zephyr/modules/nordic/libmcuboot_..__modules__hal__nordic.a(nrfx_nvmc.c.obj)
 .text.nvmc_word_write
                0x0000000000003e0c       0x18 mcuboot/zephyr/modules/nordic/libmcuboot_..__modules__hal__nordic.a(nrfx_nvmc.c.obj)
 .text.nrfx_nvmc_page_erase
                0x0000000000003e24       0x38 mcuboot/zephyr/modules/nordic/libmcuboot_..__modules__hal__nordic.a(nrfx_nvmc.c.obj)
                0x0000000000003e24                nrfx_nvmc_page_erase
 .text.z_sys_device_do_config_level
                0x0000000000003e5c       0x34 mcuboot/zephyr/kernel/libmcuboot_kernel.a(device.c.obj)
                0x0000000000003e5c                z_sys_device_do_config_level
 .text.z_impl_device_get_binding
                0x0000000000003e90       0x50 mcuboot/zephyr/kernel/libmcuboot_kernel.a(device.c.obj)
                0x0000000000003e90                z_impl_device_get_binding
 .text.z_bss_zero
                0x0000000000003ee0       0x18 mcuboot/zephyr/kernel/libmcuboot_kernel.a(init.c.obj)
                0x0000000000003ee0                z_bss_zero
 .text.z_data_copy
                0x0000000000003ef8       0x34 mcuboot/zephyr/kernel/libmcuboot_kernel.a(init.c.obj)
                0x0000000000003ef8                z_data_copy
 .text.bg_thread_main
                0x0000000000003f2c       0x2c mcuboot/zephyr/kernel/libmcuboot_kernel.a(init.c.obj)
 .text.z_cstart
                0x0000000000003f58       0x68 mcuboot/zephyr/kernel/libmcuboot_kernel.a(init.c.obj)
                0x0000000000003f58                z_cstart
 .text.init_mem_slab_module
                0x0000000000003fc0       0x20 mcuboot/zephyr/kernel/libmcuboot_kernel.a(mem_slab.c.obj)
 .text.z_priq_dumb_remove
                0x0000000000003fe0       0x30 mcuboot/zephyr/kernel/libmcuboot_kernel.a(sched.c.obj)
                0x0000000000003fe0                z_priq_dumb_remove
 .text.update_cache
                0x0000000000004010       0x44 mcuboot/zephyr/kernel/libmcuboot_kernel.a(sched.c.obj)
 .text.z_add_thread_to_ready_q
                0x0000000000004054       0x88 mcuboot/zephyr/kernel/libmcuboot_kernel.a(sched.c.obj)
                0x0000000000004054                z_add_thread_to_ready_q
 .text.z_remove_thread_from_ready_q
                0x00000000000040dc       0x58 mcuboot/zephyr/kernel/libmcuboot_kernel.a(sched.c.obj)
                0x00000000000040dc                z_remove_thread_from_ready_q
 .text.z_impl_k_current_get
                0x0000000000004134        0xc mcuboot/zephyr/kernel/libmcuboot_kernel.a(sched.c.obj)
                0x0000000000004134                z_impl_k_current_get
 .text.z_impl_k_sem_give
                0x0000000000004140       0x24 mcuboot/zephyr/kernel/libmcuboot_kernel.a(sem.c.obj)
                0x0000000000004140                z_impl_k_sem_give
 .text.first    0x0000000000004164       0x14 mcuboot/zephyr/kernel/libmcuboot_kernel.a(timeout.c.obj)
 .text.next     0x0000000000004178       0x18 mcuboot/zephyr/kernel/libmcuboot_kernel.a(timeout.c.obj)
 .text.elapsed  0x0000000000004190       0x18 mcuboot/zephyr/kernel/libmcuboot_kernel.a(timeout.c.obj)
 .text.z_clock_announce
                0x00000000000041a8       0xb0 mcuboot/zephyr/kernel/libmcuboot_kernel.a(timeout.c.obj)
                0x00000000000041a8                z_clock_announce
 .text.init_static_pools
                0x0000000000004258       0x20 mcuboot/zephyr/kernel/libmcuboot_kernel.a(mempool.c.obj)
                0x0000000000004258                init_static_pools
 .text.do_boot  0x0000000000004278       0x3c mcuboot/mcuboot_app/libmcuboot_app.a(main.c.obj)
 .text.flash_area_id_from_multi_image_slot
                0x00000000000042b4       0x1c mcuboot/mcuboot_app/libmcuboot_app.a(flash_map_extended.c.obj)
                0x00000000000042b4                flash_area_id_from_multi_image_slot
 .text.flash_area_erased_val
                0x00000000000042d0        0x4 mcuboot/mcuboot_app/libmcuboot_app.a(flash_map_extended.c.obj)
                0x00000000000042d0                flash_area_erased_val
 .text.flash_area_read_is_empty
                0x00000000000042d4       0x2c mcuboot/mcuboot_app/libmcuboot_app.a(flash_map_extended.c.obj)
                0x00000000000042d4                flash_area_read_is_empty
 .text.boot_status_internal_off
                0x0000000000004300       0x12 mcuboot/mcuboot_app/libmcuboot_app.a(loader.c.obj)
 .text.boot_copy_sz
                0x0000000000004312       0x2a mcuboot/mcuboot_app/libmcuboot_app.a(loader.c.obj)
 .text.boot_write_sz
                0x000000000000433c       0x1a mcuboot/mcuboot_app/libmcuboot_app.a(loader.c.obj)
 .text.boot_check_header_erased
                0x0000000000004356       0x5a mcuboot/mcuboot_app/libmcuboot_app.a(loader.c.obj)
 .text.boot_initialize_area
                0x00000000000043b0       0x44 mcuboot/mcuboot_app/libmcuboot_app.a(loader.c.obj)
 .text.boot_read_sectors
                0x00000000000043f4       0x3c mcuboot/mcuboot_app/libmcuboot_app.a(loader.c.obj)
 .text.boot_read_status
                0x0000000000004430       0x8a mcuboot/mcuboot_app/libmcuboot_app.a(loader.c.obj)
 .text.boot_read_image_size
                0x00000000000044ba       0xae mcuboot/mcuboot_app/libmcuboot_app.a(loader.c.obj)
 .text.boot_read_image_header
                0x0000000000004568       0x3a mcuboot/mcuboot_app/libmcuboot_app.a(loader.c.obj)
 .text.boot_read_image_headers
                0x00000000000045a2       0x32 mcuboot/mcuboot_app/libmcuboot_app.a(loader.c.obj)
 .text.boot_erase_trailer_sectors
                0x00000000000045d4       0x72 mcuboot/mcuboot_app/libmcuboot_app.a(loader.c.obj)
 .text.boot_set_copy_done
                0x0000000000004646       0x26 mcuboot/mcuboot_app/libmcuboot_app.a(loader.c.obj)
 .text.boot_set_image_ok
                0x000000000000466c       0x40 mcuboot/mcuboot_app/libmcuboot_app.a(loader.c.obj)
 .text.boot_validated_swap_type
                0x00000000000046ac       0x38 mcuboot/mcuboot_app/libmcuboot_app.a(loader.c.obj)
 .text.boot_write_status
                0x00000000000046e4       0x72 mcuboot/mcuboot_app/libmcuboot_app.a(loader.c.obj)
                0x00000000000046e4                boot_write_status
 .text.boot_perform_update
                0x0000000000004756       0x4a mcuboot/mcuboot_app/libmcuboot_app.a(loader.c.obj)
 .text.boot_flag_decode
                0x00000000000047a0        0xa mcuboot/mcuboot_app/libmcuboot_app.a(bootutil_misc.c.obj)
 .text.boot_write_trailer
                0x00000000000047aa       0x66 mcuboot/mcuboot_app/libmcuboot_app.a(bootutil_misc.c.obj)
 .text.boot_write_trailer_flag
                0x0000000000004810       0x16 mcuboot/mcuboot_app/libmcuboot_app.a(bootutil_misc.c.obj)
 .text.boot_magic_compatible_check
                0x0000000000004826       0x20 mcuboot/mcuboot_app/libmcuboot_app.a(bootutil_misc.c.obj)
                0x0000000000004826                boot_magic_compatible_check
 .text.boot_trailer_sz
                0x0000000000004846        0xc mcuboot/mcuboot_app/libmcuboot_app.a(bootutil_misc.c.obj)
                0x0000000000004846                boot_trailer_sz
 .text.boot_status_entries
                0x0000000000004852       0x24 mcuboot/mcuboot_app/libmcuboot_app.a(bootutil_misc.c.obj)
                0x0000000000004852                boot_status_entries
 .text.boot_status_off
                0x0000000000004876       0x12 mcuboot/mcuboot_app/libmcuboot_app.a(bootutil_misc.c.obj)
                0x0000000000004876                boot_status_off
 .text.boot_swap_info_off
                0x0000000000004888        0x6 mcuboot/mcuboot_app/libmcuboot_app.a(bootutil_misc.c.obj)
                0x0000000000004888                boot_swap_info_off
 .text.boot_read_swap_state
                0x000000000000488e       0xc0 mcuboot/mcuboot_app/libmcuboot_app.a(bootutil_misc.c.obj)
                0x000000000000488e                boot_read_swap_state
 .text.boot_read_swap_state_by_id
                0x000000000000494e       0x2a mcuboot/mcuboot_app/libmcuboot_app.a(bootutil_misc.c.obj)
                0x000000000000494e                boot_read_swap_state_by_id
 .text.boot_read_swap_size
                0x0000000000004978       0x36 mcuboot/mcuboot_app/libmcuboot_app.a(bootutil_misc.c.obj)
                0x0000000000004978                boot_read_swap_size
 .text.boot_write_copy_done
                0x00000000000049ae        0xe mcuboot/mcuboot_app/libmcuboot_app.a(bootutil_misc.c.obj)
                0x00000000000049ae                boot_write_copy_done
 .text.boot_write_image_ok
                0x00000000000049bc        0xe mcuboot/mcuboot_app/libmcuboot_app.a(bootutil_misc.c.obj)
                0x00000000000049bc                boot_write_image_ok
 .text.boot_write_swap_info
                0x00000000000049ca       0x24 mcuboot/mcuboot_app/libmcuboot_app.a(bootutil_misc.c.obj)
                0x00000000000049ca                boot_write_swap_info
 .text.boot_write_swap_size
                0x00000000000049ee       0x20 mcuboot/mcuboot_app/libmcuboot_app.a(bootutil_misc.c.obj)
                0x00000000000049ee                boot_write_swap_size
 .text.bootutil_img_hash
                0x0000000000004a0e       0x7e mcuboot/mcuboot_app/libmcuboot_app.a(image_validate.c.obj)
 .text.bootutil_parse_rsakey
                0x0000000000004a8c       0xa4 mcuboot/mcuboot_app/libmcuboot_app.a(image_rsa.c.obj)
 .text.pss_mgf1
                0x0000000000004b30       0x64 mcuboot/mcuboot_app/libmcuboot_app.a(image_rsa.c.obj)
 .text.bootutil_tlv_iter_begin
                0x0000000000004b94       0xca mcuboot/mcuboot_app/libmcuboot_app.a(tlv.c.obj)
                0x0000000000004b94                bootutil_tlv_iter_begin
 .text.bootutil_tlv_iter_next
                0x0000000000004c5e       0xb4 mcuboot/mcuboot_app/libmcuboot_app.a(tlv.c.obj)
                0x0000000000004c5e                bootutil_tlv_iter_next
 .text.block_ptr
                0x0000000000004d12        0x8 mcuboot/zephyr/libmcuboot_zephyr.a(mempool.c.obj)
 .text.z_sys_mem_pool_base_init
                0x0000000000004d1a       0x7c mcuboot/zephyr/libmcuboot_zephyr.a(mempool.c.obj)
                0x0000000000004d1a                z_sys_mem_pool_base_init
 .text.arch_printk_char_out
                0x0000000000004d96        0x4 mcuboot/zephyr/libmcuboot_zephyr.a(printk.c.obj)
                0x0000000000004d96                arch_printk_char_out
 .text.print_err
                0x0000000000004d9a       0x18 mcuboot/zephyr/libmcuboot_zephyr.a(printk.c.obj)
 .text._printk_hex_ulong
                0x0000000000004db2       0xbe mcuboot/zephyr/libmcuboot_zephyr.a(printk.c.obj)
 .text.z_vprintk
                0x0000000000004e70      0x340 mcuboot/zephyr/libmcuboot_zephyr.a(printk.c.obj)
                0x0000000000004e70                z_vprintk
 .text.printk   0x00000000000051b0       0x1c mcuboot/zephyr/libmcuboot_zephyr.a(printk.c.obj)
                0x00000000000051b0                printk
 .text._ConfigAbsSyms
                0x00000000000051cc        0x2 mcuboot/zephyr/libmcuboot_zephyr.a(configs.c.obj)
                0x00000000000051cc                _ConfigAbsSyms
 .text.z_platform_init
                0x00000000000051ce        0x8 mcuboot/zephyr/libmcuboot_zephyr.a(soc.c.obj)
                0x00000000000051ce                z_platform_init
 .text.dummy_timestamp
                0x00000000000051d6        0x4 mcuboot/zephyr/libmcuboot_zephyr.a(log_core.c.obj)
 .text.k_cycle_get_32_wrapper
                0x00000000000051da        0x8 mcuboot/zephyr/libmcuboot_zephyr.a(log_core.c.obj)
 .text.log_string_sync
                0x00000000000051e2       0x1c mcuboot/zephyr/libmcuboot_zephyr.a(log_core.c.obj)
                0x00000000000051e2                log_string_sync
 .text.enable_logger
                0x00000000000051fe        0xa mcuboot/zephyr/libmcuboot_zephyr.a(log_core.c.obj)
 .text.buffer_write
                0x0000000000005208       0x1a mcuboot/zephyr/libmcuboot_zephyr.a(log_output.c.obj)
 .text.ends_with_newline
                0x0000000000005222       0x16 mcuboot/zephyr/libmcuboot_zephyr.a(log_output.c.obj)
 .text.color_prefix
                0x0000000000005238        0xc mcuboot/zephyr/libmcuboot_zephyr.a(log_output.c.obj)
 .text.color_postfix
                0x0000000000005244        0xc mcuboot/zephyr/libmcuboot_zephyr.a(log_output.c.obj)
 .text.postfix_print
                0x0000000000005250       0x18 mcuboot/zephyr/libmcuboot_zephyr.a(log_output.c.obj)
 .text.prefix_print
                0x0000000000005268       0x4e mcuboot/zephyr/libmcuboot_zephyr.a(log_output.c.obj)
 .text.log_output_flush
                0x00000000000052b6       0x1a mcuboot/zephyr/libmcuboot_zephyr.a(log_output.c.obj)
                0x00000000000052b6                log_output_flush
 .text.out_func
                0x00000000000052d0       0x28 mcuboot/zephyr/libmcuboot_zephyr.a(log_output.c.obj)
 .text.char_out
                0x00000000000052f8       0x20 mcuboot/zephyr/libmcuboot_zephyr.a(log_backend_uart.c.obj)
 .text.should_bail
                0x0000000000005318       0x3e mcuboot/zephyr/libmcuboot_zephyr.a(flash_map.c.obj)
 .text.get_sectors_cb
                0x0000000000005356       0x3c mcuboot/zephyr/libmcuboot_zephyr.a(flash_map.c.obj)
 .text.flash_area_layout
                0x0000000000005392       0x4e mcuboot/zephyr/libmcuboot_zephyr.a(flash_map.c.obj)
 .text.flash_area_close
                0x00000000000053e0        0x2 mcuboot/zephyr/libmcuboot_zephyr.a(flash_map.c.obj)
                0x00000000000053e0                flash_area_close
 .text.flash_area_read
                0x00000000000053e2       0x3e mcuboot/zephyr/libmcuboot_zephyr.a(flash_map.c.obj)
                0x00000000000053e2                flash_area_read
 .text.flash_area_write
                0x0000000000005420       0x60 mcuboot/zephyr/libmcuboot_zephyr.a(flash_map.c.obj)
                0x0000000000005420                flash_area_write
 .text.flash_area_erase
                0x0000000000005480       0x5c mcuboot/zephyr/libmcuboot_zephyr.a(flash_map.c.obj)
                0x0000000000005480                flash_area_erase
 .text.flash_area_align
                0x00000000000054dc        0xe mcuboot/zephyr/libmcuboot_zephyr.a(flash_map.c.obj)
                0x00000000000054dc                flash_area_align
 .text.clock_event_check_and_clean
                0x00000000000054ea       0x28 mcuboot/zephyr/libmcuboot_zephyr.a(nrf_power_clock.c.obj)
 .text.get_status
                0x0000000000005512       0x1a mcuboot/zephyr/libmcuboot_zephyr.a(nrf_power_clock.c.obj)
 .text.clock_stop
                0x000000000000552c       0x64 mcuboot/zephyr/libmcuboot_zephyr.a(nrf_power_clock.c.obj)
 .text.is_in_list
                0x0000000000005590       0x1a mcuboot/zephyr/libmcuboot_zephyr.a(nrf_power_clock.c.obj)
 .text.clock_async_start
                0x00000000000055aa       0x94 mcuboot/zephyr/libmcuboot_zephyr.a(nrf_power_clock.c.obj)
 .text.clock_start
                0x000000000000563e        0xa mcuboot/zephyr/libmcuboot_zephyr.a(nrf_power_clock.c.obj)
 .text.lfclk_init
                0x0000000000005648        0xa mcuboot/zephyr/libmcuboot_zephyr.a(nrf_power_clock.c.obj)
 .text.clkstarted_handle
                0x0000000000005652       0x3c mcuboot/zephyr/libmcuboot_zephyr.a(nrf_power_clock.c.obj)
 .text.hfclk_init
                0x000000000000568e       0x2e mcuboot/zephyr/libmcuboot_zephyr.a(nrf_power_clock.c.obj)
 .text.z_clock_isr
                0x00000000000056bc        0x2 mcuboot/zephyr/libmcuboot_zephyr.a(sys_clock_init.c.obj)
                0x00000000000056bc                z_clock_isr
 .text.sys_clock_disable
                0x00000000000056be        0x2 mcuboot/zephyr/libmcuboot_zephyr.a(sys_clock_init.c.obj)
                0x00000000000056be                sys_clock_disable
 .text.counter_sub
                0x00000000000056c0        0x8 mcuboot/zephyr/libmcuboot_zephyr.a(nrf_rtc_timer.c.obj)
 .text.z_irq_spurious
                0x00000000000056c8        0x8 mcuboot/zephyr/arch/arch/arm/core/libmcuboot_arch__arm__core.a(irq_manage.c.obj)
                0x00000000000056c8                z_irq_spurious
 .text.z_arm_fatal_error
                0x00000000000056d0        0x8 mcuboot/zephyr/arch/arch/arm/core/libmcuboot_arch__arm__core.a(fatal.c.obj)
                0x00000000000056d0                z_arm_fatal_error
 .text.z_do_kernel_oops
                0x00000000000056d8        0xc mcuboot/zephyr/arch/arch/arm/core/libmcuboot_arch__arm__core.a(fatal.c.obj)
                0x00000000000056d8                z_do_kernel_oops
 .text.z_arm_nmi
                0x00000000000056e4        0xc mcuboot/zephyr/arch/arch/arm/core/libmcuboot_arch__arm__core.a(nmi.c.obj)
                0x00000000000056e4                z_arm_nmi
 .text.memory_fault_recoverable
                0x00000000000056f0        0x4 mcuboot/zephyr/arch/arch/arm/core/cortex_m/libmcuboot_arch__arm__core__cortex_m.a(fault.c.obj)
 .text.fault_handle
                0x00000000000056f4       0x36 mcuboot/zephyr/arch/arch/arm/core/cortex_m/libmcuboot_arch__arm__core__cortex_m.a(fault.c.obj)
 .text.z_arm_configure_dynamic_mpu_regions
                0x000000000000572a        0xc mcuboot/zephyr/arch/arch/arm/core/cortex_m/mpu/libmcuboot_arch__arm__core__cortex_m__mpu.a(arm_core_mpu.c.obj)
                0x000000000000572a                z_arm_configure_dynamic_mpu_regions
 .text.mpu_partition_is_valid
                0x0000000000005736       0x24 mcuboot/zephyr/arch/arch/arm/core/cortex_m/mpu/libmcuboot_arch__arm__core__cortex_m__mpu.a(arm_mpu.c.obj)
 .text.mpu_configure_region
                0x000000000000575a       0x36 mcuboot/zephyr/arch/arch/arm/core/cortex_m/mpu/libmcuboot_arch__arm__core__cortex_m__mpu.a(arm_mpu.c.obj)
 .text.arm_core_mpu_configure_dynamic_mpu_regions
                0x0000000000005790        0x8 mcuboot/zephyr/arch/arch/arm/core/cortex_m/mpu/libmcuboot_arch__arm__core__cortex_m__mpu.a(arm_mpu.c.obj)
                0x0000000000005790                arm_core_mpu_configure_dynamic_mpu_regions
 .text.strcmp   0x0000000000005798       0x14 mcuboot/zephyr/lib/libc/minimal/libmcuboot_lib__libc__minimal.a(string.c.obj)
                0x0000000000005798                strcmp
 .text.memcmp   0x00000000000057ac       0x30 mcuboot/zephyr/lib/libc/minimal/libmcuboot_lib__libc__minimal.a(string.c.obj)
                0x00000000000057ac                memcmp
 .text.memcpy   0x00000000000057dc       0x48 mcuboot/zephyr/lib/libc/minimal/libmcuboot_lib__libc__minimal.a(string.c.obj)
                0x00000000000057dc                memcpy
 .text.memset   0x0000000000005824       0x3e mcuboot/zephyr/lib/libc/minimal/libmcuboot_lib__libc__minimal.a(string.c.obj)
                0x0000000000005824                memset
 .text._stdout_hook_default
                0x0000000000005862        0x6 mcuboot/zephyr/lib/libc/minimal/libmcuboot_lib__libc__minimal.a(stdout_console.c.obj)
 .text.gpio_nrfx_write
                0x0000000000005868       0x44 mcuboot/zephyr/drivers/gpio/libmcuboot_drivers__gpio.a(gpio_nrfx.c.obj)
 .text.gpio_nrfx_read
                0x00000000000058ac       0x30 mcuboot/zephyr/drivers/gpio/libmcuboot_drivers__gpio.a(gpio_nrfx.c.obj)
 .text.gpio_nrfx_manage_callback
                0x00000000000058dc       0x60 mcuboot/zephyr/drivers/gpio/libmcuboot_drivers__gpio.a(gpio_nrfx.c.obj)
 .text.gpio_nrfx_pin_manage_callback
                0x000000000000593c       0x52 mcuboot/zephyr/drivers/gpio/libmcuboot_drivers__gpio.a(gpio_nrfx.c.obj)
 .text.gpio_nrfx_pin_enable_callback
                0x000000000000598e        0xa mcuboot/zephyr/drivers/gpio/libmcuboot_drivers__gpio.a(gpio_nrfx.c.obj)
 .text.gpio_nrfx_pin_disable_callback
                0x0000000000005998        0xa mcuboot/zephyr/drivers/gpio/libmcuboot_drivers__gpio.a(gpio_nrfx.c.obj)
 .text.shift_write_context
                0x00000000000059a2       0x14 mcuboot/zephyr/drivers/flash/libmcuboot_drivers__flash.a(soc_flash_nrf.c.obj)
 .text.erase_op
                0x00000000000059b6       0x24 mcuboot/zephyr/drivers/flash/libmcuboot_drivers__flash.a(soc_flash_nrf.c.obj)
 .text.erase    0x00000000000059da       0x18 mcuboot/zephyr/drivers/flash/libmcuboot_drivers__flash.a(soc_flash_nrf.c.obj)
 .text.write_op
                0x00000000000059f2       0x5e mcuboot/zephyr/drivers/flash/libmcuboot_drivers__flash.a(soc_flash_nrf.c.obj)
 .text.write    0x0000000000005a50       0x16 mcuboot/zephyr/drivers/flash/libmcuboot_drivers__flash.a(soc_flash_nrf.c.obj)
 .text.flash_nrf_read
                0x0000000000005a66       0x4c mcuboot/zephyr/drivers/flash/libmcuboot_drivers__flash.a(soc_flash_nrf.c.obj)
 .text.flash_page_foreach
                0x0000000000005ab2       0x54 mcuboot/zephyr/drivers/flash/libmcuboot_drivers__flash.a(flash_page_layout.c.obj)
                0x0000000000005ab2                flash_page_foreach
 .text.uarte_nrfx_isr_int
                0x0000000000005b06       0x34 mcuboot/zephyr/drivers/serial/libmcuboot_drivers__serial.a(uart_nrfx_uarte.c.obj)
 .text.uarte_nrfx_configure
                0x0000000000005b3a       0xb2 mcuboot/zephyr/drivers/serial/libmcuboot_drivers__serial.a(uart_nrfx_uarte.c.obj)
 .text.uarte_nrfx_config_get
                0x0000000000005bec       0x10 mcuboot/zephyr/drivers/serial/libmcuboot_drivers__serial.a(uart_nrfx_uarte.c.obj)
 .text.uarte_nrfx_err_check
                0x0000000000005bfc       0x16 mcuboot/zephyr/drivers/serial/libmcuboot_drivers__serial.a(uart_nrfx_uarte.c.obj)
 .text.uarte_nrfx_poll_in
                0x0000000000005c12       0x2a mcuboot/zephyr/drivers/serial/libmcuboot_drivers__serial.a(uart_nrfx_uarte.c.obj)
 .text.uarte_nrfx_poll_out
                0x0000000000005c3c       0x32 mcuboot/zephyr/drivers/serial/libmcuboot_drivers__serial.a(uart_nrfx_uarte.c.obj)
 .text.uarte_nrfx_fifo_fill
                0x0000000000005c6e       0x48 mcuboot/zephyr/drivers/serial/libmcuboot_drivers__serial.a(uart_nrfx_uarte.c.obj)
 .text.uarte_nrfx_fifo_read
                0x0000000000005cb6       0x22 mcuboot/zephyr/drivers/serial/libmcuboot_drivers__serial.a(uart_nrfx_uarte.c.obj)
 .text.uarte_nrfx_irq_tx_enable
                0x0000000000005cd8       0x18 mcuboot/zephyr/drivers/serial/libmcuboot_drivers__serial.a(uart_nrfx_uarte.c.obj)
 .text.uarte_nrfx_irq_tx_disable
                0x0000000000005cf0        0xa mcuboot/zephyr/drivers/serial/libmcuboot_drivers__serial.a(uart_nrfx_uarte.c.obj)
 .text.uarte_nrfx_irq_tx_ready_complete
                0x0000000000005cfa       0x22 mcuboot/zephyr/drivers/serial/libmcuboot_drivers__serial.a(uart_nrfx_uarte.c.obj)
 .text.uarte_nrfx_irq_rx_ready
                0x0000000000005d1c       0x12 mcuboot/zephyr/drivers/serial/libmcuboot_drivers__serial.a(uart_nrfx_uarte.c.obj)
 .text.uarte_nrfx_irq_rx_enable
                0x0000000000005d2e        0xe mcuboot/zephyr/drivers/serial/libmcuboot_drivers__serial.a(uart_nrfx_uarte.c.obj)
 .text.uarte_nrfx_irq_rx_disable
                0x0000000000005d3c        0xe mcuboot/zephyr/drivers/serial/libmcuboot_drivers__serial.a(uart_nrfx_uarte.c.obj)
 .text.uarte_nrfx_irq_err_enable
                0x0000000000005d4a       0x10 mcuboot/zephyr/drivers/serial/libmcuboot_drivers__serial.a(uart_nrfx_uarte.c.obj)
 .text.uarte_nrfx_irq_err_disable
                0x0000000000005d5a       0x10 mcuboot/zephyr/drivers/serial/libmcuboot_drivers__serial.a(uart_nrfx_uarte.c.obj)
 .text.uarte_nrfx_irq_is_pending
                0x0000000000005d6a       0x40 mcuboot/zephyr/drivers/serial/libmcuboot_drivers__serial.a(uart_nrfx_uarte.c.obj)
 .text.uarte_nrfx_irq_update
                0x0000000000005daa        0x4 mcuboot/zephyr/drivers/serial/libmcuboot_drivers__serial.a(uart_nrfx_uarte.c.obj)
 .text.uarte_nrfx_irq_callback_set
                0x0000000000005dae        0xc mcuboot/zephyr/drivers/serial/libmcuboot_drivers__serial.a(uart_nrfx_uarte.c.obj)
 .text._mbedtls_init
                0x0000000000005dba        0x4 mcuboot/zephyr/modules/mbedtls/libmcuboot_..__modules__crypto__mbedtls.a(zephyr_init.c.obj)
 .text.mbedtls_asn1_get_len
                0x0000000000005dbe       0xca mcuboot/zephyr/modules/mbedtls/libmcuboot_..__modules__crypto__mbedtls.a(asn1parse.c.obj)
                0x0000000000005dbe                mbedtls_asn1_get_len
 .text.mbedtls_asn1_get_tag
                0x0000000000005e88       0x26 mcuboot/zephyr/modules/mbedtls/libmcuboot_..__modules__crypto__mbedtls.a(asn1parse.c.obj)
                0x0000000000005e88                mbedtls_asn1_get_tag
 .text.mbedtls_asn1_get_mpi
                0x0000000000005eae       0x30 mcuboot/zephyr/modules/mbedtls/libmcuboot_..__modules__crypto__mbedtls.a(asn1parse.c.obj)
                0x0000000000005eae                mbedtls_asn1_get_mpi
 .text.mbedtls_clz
                0x0000000000005ede       0x18 mcuboot/zephyr/modules/mbedtls/libmcuboot_..__modules__crypto__mbedtls.a(bignum.c.obj)
 .text.mpi_uint_bigendian_to_host_c
                0x0000000000005ef6       0x26 mcuboot/zephyr/modules/mbedtls/libmcuboot_..__modules__crypto__mbedtls.a(bignum.c.obj)
 .text.mpi_uint_bigendian_to_host
                0x0000000000005f1c        0x8 mcuboot/zephyr/modules/mbedtls/libmcuboot_..__modules__crypto__mbedtls.a(bignum.c.obj)
 .text.mpi_bigendian_to_host
                0x0000000000005f24       0x30 mcuboot/zephyr/modules/mbedtls/libmcuboot_..__modules__crypto__mbedtls.a(bignum.c.obj)
 .text.mpi_sub_hlp
                0x0000000000005f54       0x4c mcuboot/zephyr/modules/mbedtls/libmcuboot_..__modules__crypto__mbedtls.a(bignum.c.obj)
 .text.mpi_mul_hlp
                0x0000000000005fa0      0x338 mcuboot/zephyr/modules/mbedtls/libmcuboot_..__modules__crypto__mbedtls.a(bignum.c.obj)
 .text.mbedtls_int_div_int
                0x00000000000062d8       0x4a mcuboot/zephyr/modules/mbedtls/libmcuboot_..__modules__crypto__mbedtls.a(bignum.c.obj)
 .text.mpi_montg_init
                0x0000000000006322       0x30 mcuboot/zephyr/modules/mbedtls/libmcuboot_..__modules__crypto__mbedtls.a(bignum.c.obj)
 .text.mbedtls_mpi_zeroize
                0x0000000000006352        0xa mcuboot/zephyr/modules/mbedtls/libmcuboot_..__modules__crypto__mbedtls.a(bignum.c.obj)
 .text.mbedtls_mpi_init
                0x000000000000635c        0xc mcuboot/zephyr/modules/mbedtls/libmcuboot_..__modules__crypto__mbedtls.a(bignum.c.obj)
                0x000000000000635c                mbedtls_mpi_init
 .text.mbedtls_mpi_free
                0x0000000000006368       0x24 mcuboot/zephyr/modules/mbedtls/libmcuboot_..__modules__crypto__mbedtls.a(bignum.c.obj)
                0x0000000000006368                mbedtls_mpi_free
 .text.mbedtls_mpi_grow
                0x000000000000638c       0x52 mcuboot/zephyr/modules/mbedtls/libmcuboot_..__modules__crypto__mbedtls.a(bignum.c.obj)
                0x000000000000638c                mbedtls_mpi_grow
 .text.mbedtls_mpi_copy
                0x00000000000063de       0x64 mcuboot/zephyr/modules/mbedtls/libmcuboot_..__modules__crypto__mbedtls.a(bignum.c.obj)
                0x00000000000063de                mbedtls_mpi_copy
 .text.mbedtls_mpi_lset
                0x0000000000006442       0x3c mcuboot/zephyr/modules/mbedtls/libmcuboot_..__modules__crypto__mbedtls.a(bignum.c.obj)
                0x0000000000006442                mbedtls_mpi_lset
 .text.mbedtls_mpi_get_bit
                0x000000000000647e       0x20 mcuboot/zephyr/modules/mbedtls/libmcuboot_..__modules__crypto__mbedtls.a(bignum.c.obj)
                0x000000000000647e                mbedtls_mpi_get_bit
 .text.mbedtls_mpi_bitlen
                0x000000000000649e       0x2c mcuboot/zephyr/modules/mbedtls/libmcuboot_..__modules__crypto__mbedtls.a(bignum.c.obj)
                0x000000000000649e                mbedtls_mpi_bitlen
 .text.mbedtls_mpi_size
                0x00000000000064ca        0xc mcuboot/zephyr/modules/mbedtls/libmcuboot_..__modules__crypto__mbedtls.a(bignum.c.obj)
                0x00000000000064ca                mbedtls_mpi_size
 .text.mbedtls_mpi_read_binary
                0x00000000000064d6       0x62 mcuboot/zephyr/modules/mbedtls/libmcuboot_..__modules__crypto__mbedtls.a(bignum.c.obj)
                0x00000000000064d6                mbedtls_mpi_read_binary
 .text.mbedtls_mpi_write_binary
                0x0000000000006538       0x66 mcuboot/zephyr/modules/mbedtls/libmcuboot_..__modules__crypto__mbedtls.a(bignum.c.obj)
                0x0000000000006538                mbedtls_mpi_write_binary
 .text.mbedtls_mpi_shift_l
                0x000000000000659e       0xa4 mcuboot/zephyr/modules/mbedtls/libmcuboot_..__modules__crypto__mbedtls.a(bignum.c.obj)
                0x000000000000659e                mbedtls_mpi_shift_l
 .text.mbedtls_mpi_shift_r
                0x0000000000006642       0x8e mcuboot/zephyr/modules/mbedtls/libmcuboot_..__modules__crypto__mbedtls.a(bignum.c.obj)
                0x0000000000006642                mbedtls_mpi_shift_r
 .text.mbedtls_mpi_cmp_abs
                0x00000000000066d0       0x72 mcuboot/zephyr/modules/mbedtls/libmcuboot_..__modules__crypto__mbedtls.a(bignum.c.obj)
                0x00000000000066d0                mbedtls_mpi_cmp_abs
 .text.mpi_montmul
                0x0000000000006742       0xda mcuboot/zephyr/modules/mbedtls/libmcuboot_..__modules__crypto__mbedtls.a(bignum.c.obj)
 .text.mpi_montred
                0x000000000000681c       0x20 mcuboot/zephyr/modules/mbedtls/libmcuboot_..__modules__crypto__mbedtls.a(bignum.c.obj)
 .text.mbedtls_mpi_cmp_mpi
                0x000000000000683c       0x92 mcuboot/zephyr/modules/mbedtls/libmcuboot_..__modules__crypto__mbedtls.a(bignum.c.obj)
                0x000000000000683c                mbedtls_mpi_cmp_mpi
 .text.mbedtls_mpi_cmp_int
                0x00000000000068ce       0x30 mcuboot/zephyr/modules/mbedtls/libmcuboot_..__modules__crypto__mbedtls.a(bignum.c.obj)
                0x00000000000068ce                mbedtls_mpi_cmp_int
 .text.mbedtls_mpi_add_abs
                0x00000000000068fe       0xa4 mcuboot/zephyr/modules/mbedtls/libmcuboot_..__modules__crypto__mbedtls.a(bignum.c.obj)
                0x00000000000068fe                mbedtls_mpi_add_abs
 .text.mbedtls_mpi_sub_abs
                0x00000000000069a2       0x76 mcuboot/zephyr/modules/mbedtls/libmcuboot_..__modules__crypto__mbedtls.a(bignum.c.obj)
                0x00000000000069a2                mbedtls_mpi_sub_abs
 .text.mbedtls_mpi_add_mpi
                0x0000000000006a18       0x54 mcuboot/zephyr/modules/mbedtls/libmcuboot_..__modules__crypto__mbedtls.a(bignum.c.obj)
                0x0000000000006a18                mbedtls_mpi_add_mpi
 .text.mbedtls_mpi_sub_mpi
                0x0000000000006a6c       0x58 mcuboot/zephyr/modules/mbedtls/libmcuboot_..__modules__crypto__mbedtls.a(bignum.c.obj)
                0x0000000000006a6c                mbedtls_mpi_sub_mpi
 .text.mbedtls_mpi_mul_mpi
                0x0000000000006ac4       0xca mcuboot/zephyr/modules/mbedtls/libmcuboot_..__modules__crypto__mbedtls.a(bignum.c.obj)
                0x0000000000006ac4                mbedtls_mpi_mul_mpi
 .text.mbedtls_mpi_mul_int
                0x0000000000006b8e       0x1c mcuboot/zephyr/modules/mbedtls/libmcuboot_..__modules__crypto__mbedtls.a(bignum.c.obj)
                0x0000000000006b8e                mbedtls_mpi_mul_int
 .text.mbedtls_mpi_div_mpi
                0x0000000000006baa      0x39a mcuboot/zephyr/modules/mbedtls/libmcuboot_..__modules__crypto__mbedtls.a(bignum.c.obj)
                0x0000000000006baa                mbedtls_mpi_div_mpi
 .text.mbedtls_mpi_mod_mpi
                0x0000000000006f44       0x68 mcuboot/zephyr/modules/mbedtls/libmcuboot_..__modules__crypto__mbedtls.a(bignum.c.obj)
                0x0000000000006f44                mbedtls_mpi_mod_mpi
 .text.mbedtls_mpi_exp_mod
                0x0000000000006fac      0x45c mcuboot/zephyr/modules/mbedtls/libmcuboot_..__modules__crypto__mbedtls.a(bignum.c.obj)
                0x0000000000006fac                mbedtls_mpi_exp_mod
 .text.platform_calloc_uninit
                0x0000000000007408        0x4 mcuboot/zephyr/modules/mbedtls/libmcuboot_..__modules__crypto__mbedtls.a(platform.c.obj)
 .text.platform_free_uninit
                0x000000000000740c        0x2 mcuboot/zephyr/modules/mbedtls/libmcuboot_..__modules__crypto__mbedtls.a(platform.c.obj)
 .text.platform_exit_uninit
                0x000000000000740e        0x2 mcuboot/zephyr/modules/mbedtls/libmcuboot_..__modules__crypto__mbedtls.a(platform.c.obj)
 .text.mbedtls_rsa_import
                0x0000000000007410       0x74 mcuboot/zephyr/modules/mbedtls/libmcuboot_..__modules__crypto__mbedtls.a(rsa.c.obj)
                0x0000000000007410                mbedtls_rsa_import
 .text.mbedtls_rsa_set_padding
                0x0000000000007484        0xa mcuboot/zephyr/modules/mbedtls/libmcuboot_..__modules__crypto__mbedtls.a(rsa.c.obj)
                0x0000000000007484                mbedtls_rsa_set_padding
 .text.mbedtls_rsa_init
                0x000000000000748e       0x1c mcuboot/zephyr/modules/mbedtls/libmcuboot_..__modules__crypto__mbedtls.a(rsa.c.obj)
                0x000000000000748e                mbedtls_rsa_init
 .text.mbedtls_rsa_free
                0x00000000000074aa       0x70 mcuboot/zephyr/modules/mbedtls/libmcuboot_..__modules__crypto__mbedtls.a(rsa.c.obj)
                0x00000000000074aa                mbedtls_rsa_free
 .text.mbedtls_sha256_init
                0x000000000000751a        0xc mcuboot/zephyr/modules/mbedtls/libmcuboot_..__modules__crypto__mbedtls.a(sha256.c.obj)
                0x000000000000751a                mbedtls_sha256_init
 .text.mbedtls_sha256_update_ret
                0x0000000000007526       0x86 mcuboot/zephyr/modules/mbedtls/libmcuboot_..__modules__crypto__mbedtls.a(sha256.c.obj)
                0x0000000000007526                mbedtls_sha256_update_ret
 .text.mbedtls_sha256_finish_ret
                0x00000000000075ac      0x13e mcuboot/zephyr/modules/mbedtls/libmcuboot_..__modules__crypto__mbedtls.a(sha256.c.obj)
                0x00000000000075ac                mbedtls_sha256_finish_ret
 .text.flash_page_size_get
                0x00000000000076ea        0x6 mcuboot/zephyr/modules/nordic/libmcuboot_..__modules__hal__nordic.a(nrfx_nvmc.c.obj)
 .text.flash_page_count_get
                0x00000000000076f0        0x6 mcuboot/zephyr/modules/nordic/libmcuboot_..__modules__hal__nordic.a(nrfx_nvmc.c.obj)
 .text.flash_total_size_get
                0x00000000000076f6       0x12 mcuboot/zephyr/modules/nordic/libmcuboot_..__modules__hal__nordic.a(nrfx_nvmc.c.obj)
 .text.is_page_aligned_check
                0x0000000000007708       0x18 mcuboot/zephyr/modules/nordic/libmcuboot_..__modules__hal__nordic.a(nrfx_nvmc.c.obj)
 .text.partial_word_create
                0x0000000000007720       0x28 mcuboot/zephyr/modules/nordic/libmcuboot_..__modules__hal__nordic.a(nrfx_nvmc.c.obj)
 .text.nvmc_words_write
                0x0000000000007748       0x20 mcuboot/zephyr/modules/nordic/libmcuboot_..__modules__hal__nordic.a(nrfx_nvmc.c.obj)
 .text.nrfx_nvmc_word_write
                0x0000000000007768       0x18 mcuboot/zephyr/modules/nordic/libmcuboot_..__modules__hal__nordic.a(nrfx_nvmc.c.obj)
                0x0000000000007768                nrfx_nvmc_word_write
 .text.nrfx_nvmc_bytes_write
                0x0000000000007780       0x6a mcuboot/zephyr/modules/nordic/libmcuboot_..__modules__hal__nordic.a(nrfx_nvmc.c.obj)
                0x0000000000007780                nrfx_nvmc_bytes_write
 .text.nrfx_nvmc_flash_size_get
                0x00000000000077ea        0x8 mcuboot/zephyr/modules/nordic/libmcuboot_..__modules__hal__nordic.a(nrfx_nvmc.c.obj)
                0x00000000000077ea                nrfx_nvmc_flash_size_get
 .text.nrfx_nvmc_flash_page_size_get
                0x00000000000077f2        0x8 mcuboot/zephyr/modules/nordic/libmcuboot_..__modules__hal__nordic.a(nrfx_nvmc.c.obj)
                0x00000000000077f2                nrfx_nvmc_flash_page_size_get
 .text.nrfx_nvmc_flash_page_count_get
                0x00000000000077fa        0x8 mcuboot/zephyr/modules/nordic/libmcuboot_..__modules__hal__nordic.a(nrfx_nvmc.c.obj)
                0x00000000000077fa                nrfx_nvmc_flash_page_count_get
 .text.arch_system_halt
                0x0000000000007802       0x12 mcuboot/zephyr/kernel/libmcuboot_kernel.a(fatal.c.obj)
                0x0000000000007802                arch_system_halt
 .text.k_sys_fatal_error_handler
                0x0000000000007814        0xe mcuboot/zephyr/kernel/libmcuboot_kernel.a(fatal.c.obj)
                0x0000000000007814                k_sys_fatal_error_handler
 .text.z_fatal_error
                0x0000000000007822       0x1c mcuboot/zephyr/kernel/libmcuboot_kernel.a(fatal.c.obj)
                0x0000000000007822                z_fatal_error
 .text.create_free_list
                0x000000000000783e       0x1c mcuboot/zephyr/kernel/libmcuboot_kernel.a(mem_slab.c.obj)
 .text.pended_on
                0x000000000000785a        0x4 mcuboot/zephyr/kernel/libmcuboot_kernel.a(sched.c.obj)
 .text.z_is_t1_higher_prio_than_t2
                0x000000000000785e       0x14 mcuboot/zephyr/kernel/libmcuboot_kernel.a(sched.c.obj)
                0x000000000000785e                z_is_t1_higher_prio_than_t2
 .text.z_unpend_thread_no_timeout
                0x0000000000007872       0x3e mcuboot/zephyr/kernel/libmcuboot_kernel.a(sched.c.obj)
                0x0000000000007872                z_unpend_thread_no_timeout
 .text.z_reschedule
                0x00000000000078b0       0x26 mcuboot/zephyr/kernel/libmcuboot_kernel.a(sched.c.obj)
                0x00000000000078b0                z_reschedule
 .text.z_reschedule_irqlock
                0x00000000000078d6       0x1c mcuboot/zephyr/kernel/libmcuboot_kernel.a(sched.c.obj)
                0x00000000000078d6                z_reschedule_irqlock
 .text.z_priq_dumb_best
                0x00000000000078f2        0xe mcuboot/zephyr/kernel/libmcuboot_kernel.a(sched.c.obj)
                0x00000000000078f2                z_priq_dumb_best
 .text.z_unpend_first_thread
                0x0000000000007900       0x76 mcuboot/zephyr/kernel/libmcuboot_kernel.a(sched.c.obj)
                0x0000000000007900                z_unpend_first_thread
 .text.do_sem_give
                0x0000000000007976       0x46 mcuboot/zephyr/kernel/libmcuboot_kernel.a(sem.c.obj)
 .text.z_thread_single_abort
                0x00000000000079bc       0x4e mcuboot/zephyr/kernel/libmcuboot_kernel.a(thread.c.obj)
                0x00000000000079bc                z_thread_single_abort
 .text.remove_timeout
                0x0000000000007a0a       0x24 mcuboot/zephyr/kernel/libmcuboot_kernel.a(timeout.c.obj)
 .text.next_timeout
                0x0000000000007a2e       0x1e mcuboot/zephyr/kernel/libmcuboot_kernel.a(timeout.c.obj)
 .text.z_abort_timeout
                0x0000000000007a4c       0x3c mcuboot/zephyr/kernel/libmcuboot_kernel.a(timeout.c.obj)
                0x0000000000007a4c                z_abort_timeout
 .text.k_mem_pool_init
                0x0000000000007a88       0x10 mcuboot/zephyr/kernel/libmcuboot_kernel.a(mempool.c.obj)
 .text._OffsetAbsSyms
                0x0000000000007a98        0x2 mcuboot/zephyr/CMakeFiles/mcuboot_offsets.dir/arch/arm/core/offsets/offsets.c.obj
                0x0000000000007a98                _OffsetAbsSyms
 *(SORT_BY_ALIGNMENT(.gnu.linkonce.t.*))
 *(SORT_BY_ALIGNMENT(.glue_7t))
 .glue_7t       0x0000000000007a9a        0x0 linker stubs
 *(SORT_BY_ALIGNMENT(.glue_7))
 .glue_7        0x0000000000007a9a        0x0 linker stubs
 *(SORT_BY_ALIGNMENT(.vfp11_veneer))
 .vfp11_veneer  0x0000000000007a9a        0x0 linker stubs
 *(SORT_BY_ALIGNMENT(.v4_bx))
 .v4_bx         0x0000000000007a9a        0x0 linker stubs
                0x0000000000007a9a                _image_text_end = .

.ARM.exidx      0x0000000000007a9c        0x8
                0x0000000000007a9c                __exidx_start = .
 *(SORT_BY_ALIGNMENT(.ARM.exidx*) SORT_BY_ALIGNMENT(gnu.linkonce.armexidx.*))
 .ARM.exidx     0x0000000000007a9c        0x8 /Users/justin/gnuarmemb/bin/../lib/gcc/arm-none-eabi/8.3.1/thumb/v8-m.main+fp/hard/libgcc.a(_udivmoddi4.o)
                0x0000000000007aa4                __exidx_end = .
                0x0000000000007aa4                _image_rodata_start = .

sw_isr_table    0x0000000000007aa4      0x208
                0x0000000000007aa4                . = ALIGN (0x0)
 *(SORT_BY_ALIGNMENT(.gnu.linkonce.sw_isr_table))
 .gnu.linkonce.sw_isr_table
                0x0000000000007aa4      0x208 mcuboot/zephyr/arch/common/libmcuboot_arch__common.a(isr_tables.c.obj)
                0x0000000000007aa4                _sw_isr_table

app_shmem_regions
                0x0000000000007cac        0x0
                0x0000000000007cac                __app_shmem_regions_start = .
 *(SORT_BY_NAME(SORT_BY_ALIGNMENT(.app_regions.*)))
                0x0000000000007cac                __app_shmem_regions_end = .

devconfig       0x0000000000007cac       0x9c
                0x0000000000007cac                __devconfig_start = .
 *(SORT_BY_ALIGNMENT(.devconfig.*))
 .devconfig.init
                0x0000000000007cac        0xc mcuboot/zephyr/libmcuboot_zephyr.a(soc.c.obj)
 .devconfig.init
                0x0000000000007cb8        0xc mcuboot/zephyr/libmcuboot_zephyr.a(log_core.c.obj)
 .devconfig.init
                0x0000000000007cc4        0xc mcuboot/zephyr/libmcuboot_zephyr.a(uart_console.c.obj)
 .devconfig.init
                0x0000000000007cd0       0x18 mcuboot/zephyr/libmcuboot_zephyr.a(nrf_power_clock.c.obj)
 .devconfig.init
                0x0000000000007ce8        0xc mcuboot/zephyr/libmcuboot_zephyr.a(sys_clock_init.c.obj)
 .devconfig.init
                0x0000000000007cf4        0xc mcuboot/zephyr/arch/arch/arm/core/cortex_m/mpu/libmcuboot_arch__arm__core__cortex_m__mpu.a(arm_mpu.c.obj)
 .devconfig.init
                0x0000000000007d00        0xc mcuboot/zephyr/drivers/gpio/libmcuboot_drivers__gpio.a(gpio_nrfx.c.obj)
 .devconfig.init
                0x0000000000007d0c        0xc mcuboot/zephyr/drivers/flash/libmcuboot_drivers__flash.a(soc_flash_nrf.c.obj)
 .devconfig.init
                0x0000000000007d18        0xc mcuboot/zephyr/drivers/serial/libmcuboot_drivers__serial.a(uart_nrfx_uarte.c.obj)
 .devconfig.init
                0x0000000000007d24        0xc mcuboot/zephyr/modules/mbedtls/libmcuboot_..__modules__crypto__mbedtls.a(zephyr_init.c.obj)
 .devconfig.init
                0x0000000000007d30        0xc mcuboot/zephyr/kernel/libmcuboot_kernel.a(mem_slab.c.obj)
 .devconfig.init
                0x0000000000007d3c        0xc mcuboot/zephyr/kernel/libmcuboot_kernel.a(mempool.c.obj)
 *(SORT_BY_NAME(SORT_BY_ALIGNMENT(.devconfig*)))
                0x0000000000007d48                __devconfig_end = .

net_l2          0x0000000000007d48        0x0
                0x0000000000007d48                __net_l2_start = .
 *(SORT_BY_ALIGNMENT(.net_l2.init))
 *(SORT_BY_NAME(SORT_BY_ALIGNMENT(.net_l2.init*)))
                0x0000000000007d48                __net_l2_end = .

_bt_channels_area
                0x0000000000007d48        0x0
                0x0000000000007d48                _bt_l2cap_fixed_chan_list_start = .
 *(SORT_BY_NAME(SORT_BY_ALIGNMENT(._bt_l2cap_fixed_chan.static.*)))
                0x0000000000007d48                _bt_l2cap_fixed_chan_list_end = .

_bt_services_area
                0x0000000000007d48        0x0
                0x0000000000007d48                _bt_gatt_service_static_list_start = .
 *(SORT_BY_NAME(SORT_BY_ALIGNMENT(._bt_gatt_service_static.static.*)))
                0x0000000000007d48                _bt_gatt_service_static_list_end = .

log_const_sections
                0x0000000000007d48       0x30
                0x0000000000007d48                __log_const_start = .
 *(SORT_BY_NAME(SORT_BY_ALIGNMENT(.log_const_*)))
 .log_const_clock_control
                0x0000000000007d48        0x8 mcuboot/zephyr/libmcuboot_zephyr.a(nrf_power_clock.c.obj)
                0x0000000000007d48                log_const_clock_control
 .log_const_mcuboot
                0x0000000000007d50        0x8 mcuboot/mcuboot_app/libmcuboot_app.a(main.c.obj)
                0x0000000000007d50                log_const_mcuboot
 .log_const_mpu
                0x0000000000007d58        0x8 mcuboot/zephyr/arch/arch/arm/core/cortex_m/mpu/libmcuboot_arch__arm__core__cortex_m__mpu.a(arm_core_mpu.c.obj)
                0x0000000000007d58                log_const_mpu
 .log_const_os  0x0000000000007d60        0x8 mcuboot/zephyr/kernel/libmcuboot_kernel.a(init.c.obj)
                0x0000000000007d60                log_const_os
 .log_const_soc
                0x0000000000007d68        0x8 mcuboot/zephyr/libmcuboot_zephyr.a(soc.c.obj)
                0x0000000000007d68                log_const_soc
 .log_const_uart_nrfx_uarte
                0x0000000000007d70        0x8 mcuboot/zephyr/drivers/serial/libmcuboot_drivers__serial.a(uart_nrfx_uarte.c.obj)
                0x0000000000007d70                log_const_uart_nrfx_uarte
                0x0000000000007d78                __log_const_end = .

log_backends_sections
                0x0000000000007d78       0x10
                0x0000000000007d78                __log_backends_start = .
 *(SORT_BY_ALIGNMENT(._log_backend.*))
 ._log_backend.static.log_backend_uart
                0x0000000000007d78       0x10 mcuboot/zephyr/libmcuboot_zephyr.a(log_backend_uart.c.obj)
                0x0000000000007d88                __log_backends_end = .

shell_root_cmds_sections
                0x0000000000007d88        0x0
                0x0000000000007d88                __shell_root_cmds_start = .
 *(SORT_BY_NAME(SORT_BY_ALIGNMENT(.shell_root_cmd_*)))
                0x0000000000007d88                __shell_root_cmds_end = .

font_entry_sections
                0x0000000000007d88        0x0
                0x0000000000007d88                __font_entry_start = .
 *(SORT_BY_NAME(SORT_BY_ALIGNMENT(._cfb_font.*)))
                0x0000000000007d88                __font_entry_end = .

rodata          0x0000000000007d88      0x9b4
 *(SORT_BY_ALIGNMENT(.rodata))
 .rodata        0x0000000000007d88        0x2 mcuboot/mcuboot_app/libmcuboot_app.a(bootutil_misc.c.obj)
 *fill*         0x0000000000007d8a        0x2 
 .rodata        0x0000000000007d8c       0x10 mcuboot/zephyr/drivers/serial/libmcuboot_drivers__serial.a(uart_nrfx_uarte.c.obj)
 *(SORT_BY_ALIGNMENT(.rodata.*))
 .rodata.main.str1.4
                0x0000000000007d9c       0xc6 mcuboot/mcuboot_app/libmcuboot_app.a(main.c.obj)
 *fill*         0x0000000000007e62        0x2 
 .rodata.str1.4
                0x0000000000007e64        0x8 mcuboot/mcuboot_app/libmcuboot_app.a(main.c.obj)
 .rodata.flash_device_base.str1.4
                0x0000000000007e6c       0x21 mcuboot/mcuboot_app/libmcuboot_app.a(flash_map_extended.c.obj)
 *fill*         0x0000000000007e8d        0x3 
 .rodata.bootutil_key_cnt
                0x0000000000007e90        0x4 mcuboot/mcuboot_app/libmcuboot_app.a(keys.c.obj)
                0x0000000000007e90                bootutil_key_cnt
 .rodata.bootutil_keys
                0x0000000000007e94        0x8 mcuboot/mcuboot_app/libmcuboot_app.a(keys.c.obj)
                0x0000000000007e94                bootutil_keys
 .rodata.boot_complete_partial_swap.str1.4
                0x0000000000007e9c        0x7 mcuboot/mcuboot_app/libmcuboot_app.a(loader.c.obj)
 *fill*         0x0000000000007ea3        0x1 
 .rodata.boot_prepare_image_for_update.str1.4
                0x0000000000007ea4       0x8d mcuboot/mcuboot_app/libmcuboot_app.a(loader.c.obj)
 *fill*         0x0000000000007f31        0x3 
 .rodata.boot_read_status_bytes.str1.4
                0x0000000000007f34       0x1e mcuboot/mcuboot_app/libmcuboot_app.a(loader.c.obj)
 *fill*         0x0000000000007f52        0x2 
 .rodata.boot_slots_compatible.str1.4
                0x0000000000007f54       0xbd mcuboot/mcuboot_app/libmcuboot_app.a(loader.c.obj)
 *fill*         0x0000000000008011        0x3 
 .rodata.boot_status_source.str1.4
                0x0000000000008014       0xbe mcuboot/mcuboot_app/libmcuboot_app.a(loader.c.obj)
 *fill*         0x00000000000080d2        0x2 
 .rodata.boot_status_tables
                0x00000000000080d4       0x10 mcuboot/mcuboot_app/libmcuboot_app.a(loader.c.obj)
 .rodata.boot_swap_image.str1.4
                0x00000000000080e4       0x2a mcuboot/mcuboot_app/libmcuboot_app.a(loader.c.obj)
 *fill*         0x000000000000810e        0x2 
 .rodata.boot_validate_slot.str1.4
                0x0000000000008110       0x37 mcuboot/mcuboot_app/libmcuboot_app.a(loader.c.obj)
 *fill*         0x0000000000008147        0x1 
 .rodata.boot_img_magic
                0x0000000000008148       0x10 mcuboot/mcuboot_app/libmcuboot_app.a(bootutil_misc.c.obj)
                0x0000000000008148                boot_img_magic
 .rodata.boot_swap_tables
                0x0000000000008158       0x12 mcuboot/mcuboot_app/libmcuboot_app.a(bootutil_misc.c.obj)
 *fill*         0x000000000000816a        0x2 
 .rodata.boot_swap_type_multi.str1.4
                0x000000000000816c       0x38 mcuboot/mcuboot_app/libmcuboot_app.a(bootutil_misc.c.obj)
                                         0x4c (size before relaxing)
 .rodata.pss_zeros
                0x00000000000081a4        0x8 mcuboot/mcuboot_app/libmcuboot_app.a(image_rsa.c.obj)
 .rodata.rsa_pub_key
                0x00000000000081ac      0x10e mcuboot/mcuboot_app/libmcuboot_app.a(autogen-pubkey.c.obj)
                0x00000000000081ac                rsa_pub_key
 *fill*         0x00000000000082ba        0x2 
 .rodata.rsa_pub_key_len
                0x00000000000082bc        0x4 mcuboot/mcuboot_app/libmcuboot_app.a(autogen-pubkey.c.obj)
                0x00000000000082bc                rsa_pub_key_len
 .rodata.str1.4
                0x00000000000082c0        0x4 mcuboot/zephyr/libmcuboot_zephyr.a(soc.c.obj)
                                          0x8 (size before relaxing)
 .rodata.mpu_config
                0x00000000000082c4        0x8 mcuboot/zephyr/libmcuboot_zephyr.a(mpu_regions.c.obj)
                0x00000000000082c4                mpu_config
 .rodata.mpu_regions
                0x00000000000082cc       0x20 mcuboot/zephyr/libmcuboot_zephyr.a(mpu_regions.c.obj)
 .rodata.str1.4
                0x00000000000082ec        0xf mcuboot/zephyr/libmcuboot_zephyr.a(mpu_regions.c.obj)
 .rodata.str1.4
                0x00000000000082fb        0x1 mcuboot/zephyr/libmcuboot_zephyr.a(log_core.c.obj)
 *fill*         0x00000000000082fb        0x1 
 .rodata.color_print.str1.4
                0x00000000000082fc        0xb mcuboot/zephyr/libmcuboot_zephyr.a(log_output.c.obj)
 *fill*         0x0000000000008307        0x1 
 .rodata.colors
                0x0000000000008308       0x14 mcuboot/zephyr/libmcuboot_zephyr.a(log_output.c.obj)
 .rodata.hexdump_line_print.str1.4
                0x000000000000831c       0x13 mcuboot/zephyr/libmcuboot_zephyr.a(log_output.c.obj)
                                         0x17 (size before relaxing)
 *fill*         0x000000000000832f        0x1 
 .rodata.ids_print.str1.4
                0x0000000000008330       0x12 mcuboot/zephyr/libmcuboot_zephyr.a(log_output.c.obj)
 *fill*         0x0000000000008342        0x2 
 .rodata.newline_print.str1.4
                0x0000000000008344        0x3 mcuboot/zephyr/libmcuboot_zephyr.a(log_output.c.obj)
                                          0x7 (size before relaxing)
 *fill*         0x0000000000008347        0x1 
 .rodata.raw_string_print.str1.4
                0x0000000000008348        0x2 mcuboot/zephyr/libmcuboot_zephyr.a(log_output.c.obj)
 *fill*         0x000000000000834a        0x2 
 .rodata.severity
                0x000000000000834c       0x14 mcuboot/zephyr/libmcuboot_zephyr.a(log_output.c.obj)
 .rodata.str1.4
                0x0000000000008360       0x20 mcuboot/zephyr/libmcuboot_zephyr.a(log_output.c.obj)
 .rodata.timestamp_print.str1.4
                0x0000000000008380       0x28 mcuboot/zephyr/libmcuboot_zephyr.a(log_output.c.obj)
 .rodata.log_backend_uart_api
                0x00000000000083a8       0x18 mcuboot/zephyr/libmcuboot_zephyr.a(log_backend_uart.c.obj)
                0x00000000000083a8                log_backend_uart_api
 .rodata.log_backend_uart_init.str1.4
                0x00000000000083c0        0x7 mcuboot/zephyr/libmcuboot_zephyr.a(log_backend_uart.c.obj)
 *fill*         0x00000000000083c7        0x1 
 .rodata.log_output
                0x00000000000083c8       0x10 mcuboot/zephyr/libmcuboot_zephyr.a(log_backend_uart.c.obj)
 .rodata.str1.4
                0x00000000000083d8       0x11 mcuboot/zephyr/libmcuboot_zephyr.a(log_backend_uart.c.obj)
 *fill*         0x00000000000083e9        0x3 
 .rodata.default_flash_map
                0x00000000000083ec       0x90 mcuboot/zephyr/libmcuboot_zephyr.a(flash_map_default.c.obj)
                0x00000000000083ec                default_flash_map
 .rodata.flash_map_entries
                0x000000000000847c        0x4 mcuboot/zephyr/libmcuboot_zephyr.a(flash_map_default.c.obj)
                0x000000000000847c                flash_map_entries
 .rodata.str1.4
                0x0000000000008480       0x13 mcuboot/zephyr/libmcuboot_zephyr.a(flash_map_default.c.obj)
 .rodata.str1.4
                0x0000000000008480        0x1 mcuboot/zephyr/libmcuboot_zephyr.a(uart_console.c.obj)
 .rodata.uart_console_init.str1.4
                0x0000000000008480        0x7 mcuboot/zephyr/libmcuboot_zephyr.a(uart_console.c.obj)
 .rodata.clock_control_api
                0x0000000000008480       0x14 mcuboot/zephyr/libmcuboot_zephyr.a(nrf_power_clock.c.obj)
 .rodata.hfclk_config
                0x0000000000008494        0xc mcuboot/zephyr/libmcuboot_zephyr.a(nrf_power_clock.c.obj)
 .rodata.lfclk_config
                0x00000000000084a0        0xc mcuboot/zephyr/libmcuboot_zephyr.a(nrf_power_clock.c.obj)
 .rodata.str1.4
                0x00000000000084ac       0x26 mcuboot/zephyr/libmcuboot_zephyr.a(nrf_power_clock.c.obj)
 *fill*         0x00000000000084d2        0x2 
 .rodata.str1.4
                0x00000000000084d4        0xa mcuboot/zephyr/libmcuboot_zephyr.a(sys_clock_init.c.obj)
 .rodata.z_clock_driver_init.str1.4
                0x00000000000084de        0xa mcuboot/zephyr/libmcuboot_zephyr.a(nrf_rtc_timer.c.obj)
 *fill*         0x00000000000084de        0x2 
 .rodata.str1.4
                0x00000000000084e0        0x4 mcuboot/zephyr/arch/arch/arm/core/cortex_m/mpu/libmcuboot_arch__arm__core__cortex_m__mpu.a(arm_core_mpu.c.obj)
 .rodata.mpu_configure_regions.str1.4
                0x00000000000084e4       0x23 mcuboot/zephyr/arch/arch/arm/core/cortex_m/mpu/libmcuboot_arch__arm__core__cortex_m__mpu.a(arm_mpu.c.obj)
 *fill*         0x0000000000008507        0x1 
 .rodata.region_allocate_and_init.str1.4
                0x0000000000008508       0x26 mcuboot/zephyr/arch/arch/arm/core/cortex_m/mpu/libmcuboot_arch__arm__core__cortex_m__mpu.a(arm_mpu.c.obj)
 .rodata.str1.4
                0x000000000000852e        0x1 mcuboot/zephyr/arch/arch/arm/core/cortex_m/mpu/libmcuboot_arch__arm__core__cortex_m__mpu.a(arm_mpu.c.obj)
 *fill*         0x000000000000852e        0x2 
 .rodata.gpio_nrfx_drv_api_funcs
                0x0000000000008530       0x1c mcuboot/zephyr/drivers/gpio/libmcuboot_drivers__gpio.a(gpio_nrfx.c.obj)
 .rodata.gpio_nrfx_p0_cfg
                0x000000000000854c        0x8 mcuboot/zephyr/drivers/gpio/libmcuboot_drivers__gpio.a(gpio_nrfx.c.obj)
 .rodata.str1.4
                0x0000000000008554        0x7 mcuboot/zephyr/drivers/gpio/libmcuboot_drivers__gpio.a(gpio_nrfx.c.obj)
 *fill*         0x000000000000855b        0x1 
 .rodata.flash_nrf_api
                0x000000000000855c       0x18 mcuboot/zephyr/drivers/flash/libmcuboot_drivers__flash.a(soc_flash_nrf.c.obj)
 .rodata.str1.4
                0x0000000000008574       0x13 mcuboot/zephyr/drivers/flash/libmcuboot_drivers__flash.a(soc_flash_nrf.c.obj)
 .rodata.str1.4
                0x0000000000008574       0x10 mcuboot/zephyr/drivers/serial/libmcuboot_drivers__serial.a(uart_nrfx_uarte.c.obj)
                                         0x18 (size before relaxing)
 .rodata.uart_nrfx_uarte_driver_api
                0x0000000000008584       0x4c mcuboot/zephyr/drivers/serial/libmcuboot_drivers__serial.a(uart_nrfx_uarte.c.obj)
 .rodata.uarte_0z_config
                0x00000000000085d0        0x8 mcuboot/zephyr/drivers/serial/libmcuboot_drivers__serial.a(uart_nrfx_uarte.c.obj)
 .rodata.str1.4
                0x00000000000085d8        0x1 mcuboot/zephyr/modules/mbedtls/libmcuboot_..__modules__crypto__mbedtls.a(zephyr_init.c.obj)
 .rodata.K      0x00000000000085d8      0x100 mcuboot/zephyr/modules/mbedtls/libmcuboot_..__modules__crypto__mbedtls.a(sha256.c.obj)
 .rodata.config_levels.9717
                0x00000000000086d8       0x14 mcuboot/zephyr/kernel/libmcuboot_kernel.a(device.c.obj)
 .rodata._k_neg_eagain
                0x00000000000086ec        0x4 mcuboot/zephyr/kernel/libmcuboot_kernel.a(errno.c.obj)
                0x00000000000086ec                _k_neg_eagain
 .rodata.bg_thread_main.str1.4
                0x00000000000086f0       0x48 mcuboot/zephyr/kernel/libmcuboot_kernel.a(init.c.obj)
 .rodata.str1.4
                0x0000000000008738        0x4 mcuboot/zephyr/kernel/libmcuboot_kernel.a(init.c.obj)
                                          0x3 (size before relaxing)
 .rodata.str1.4
                0x000000000000873c        0x1 mcuboot/zephyr/kernel/libmcuboot_kernel.a(mem_slab.c.obj)
 .rodata.str1.4
                0x000000000000873c        0x1 mcuboot/zephyr/kernel/libmcuboot_kernel.a(mempool.c.obj)
 *(SORT_BY_ALIGNMENT(.gnu.linkonce.r.*))
                0x0000000000008740                . = ALIGN (0x4)
                0x000000000000873c                _ext_abis_start = .
 *(SORT_BY_ALIGNMENT(.ext_abis))
                0x0000000000000000                _ext_abis_size = ABSOLUTE (((. - _ext_abis_start) / 0x4))
                0x0000000000008740                . = ALIGN (0x4)
                0x000000000000873c                _image_rodata_end = .
                0x0000000000008740                . = ALIGN (_region_min_align)
                0x0000000000008740                _image_rom_end = .
                0x0000000020000000                . = 0x20000000
                0x0000000020000000                . = ALIGN (_region_min_align)
                0x0000000020000000                _image_ram_start = .

.ramfunc        0x0000000020000000        0x0 load address 0x000000000000873c
                0x0000000020000000                . = ALIGN (_region_min_align)
                0x0000000020000000                _ramfunc_ram_start = .
 *(SORT_BY_ALIGNMENT(.ramfunc))
 *(SORT_BY_ALIGNMENT(.ramfunc.*))
                0x0000000020000000                . = ALIGN (_region_min_align)
                0x0000000020000000                _ramfunc_ram_end = .
                0x0000000000000000                _ramfunc_ram_size = (_ramfunc_ram_end - _ramfunc_ram_start)
                0x000000000000873c                _ramfunc_rom_start = LOADADDR (.ramfunc)

bss             0x0000000020000000     0x2b32
                0x0000000020000000                . = ALIGN (0x4)
                0x0000000020000000                __bss_start = .
                0x0000000020000000                __kernel_ram_start = .
 *(SORT_BY_ALIGNMENT(.bss))
 *(SORT_BY_ALIGNMENT(.bss.*))
 .bss.curr_tick
                0x0000000020000000        0x8 mcuboot/zephyr/kernel/libmcuboot_kernel.a(timeout.c.obj)
 .bss.flash_dev
                0x0000000020000008        0x4 mcuboot/mcuboot_app/libmcuboot_app.a(flash_map_extended.c.obj)
 .bss.mempool   0x000000002000000c     0x1800 mcuboot/mcuboot_app/libmcuboot_app.a(os.c.obj)
 .bss.boot_data
                0x000000002000180c       0x68 mcuboot/mcuboot_app/libmcuboot_app.a(loader.c.obj)
 .bss.boot_status_fails
                0x0000000020001874        0x4 mcuboot/mcuboot_app/libmcuboot_app.a(loader.c.obj)
 .bss.buf.6057  0x0000000020001878      0x400 mcuboot/mcuboot_app/libmcuboot_app.a(loader.c.obj)
 .bss.primary_slot_sectors.6185
                0x0000000020001c78      0x400 mcuboot/mcuboot_app/libmcuboot_app.a(loader.c.obj)
 .bss.scratch_sectors.6187
                0x0000000020002078      0x400 mcuboot/mcuboot_app/libmcuboot_app.a(loader.c.obj)
 .bss.secondary_slot_sectors.6186
                0x0000000020002478      0x400 mcuboot/mcuboot_app/libmcuboot_app.a(loader.c.obj)
 .bss.tmpbuf.5975
                0x0000000020002878      0x100 mcuboot/mcuboot_app/libmcuboot_app.a(loader.c.obj)
 .bss.initialized
                0x0000000020002978        0x4 mcuboot/zephyr/libmcuboot_zephyr.a(log_core.c.obj)
 .bss.freq      0x000000002000297c        0x4 mcuboot/zephyr/libmcuboot_zephyr.a(log_output.c.obj)
 .bss.timestamp_div
                0x0000000020002980        0x4 mcuboot/zephyr/libmcuboot_zephyr.a(log_output.c.obj)
 .bss.backend_cb_log_backend_uart
                0x0000000020002984        0x8 mcuboot/zephyr/libmcuboot_zephyr.a(log_backend_uart.c.obj)
 .bss.log_output_control_block
                0x000000002000298c        0xc mcuboot/zephyr/libmcuboot_zephyr.a(log_backend_uart.c.obj)
 .bss.uart_console_dev
                0x0000000020002998        0x4 mcuboot/zephyr/libmcuboot_zephyr.a(uart_console.c.obj)
 .bss.hfclk     0x000000002000299c        0xc mcuboot/zephyr/libmcuboot_zephyr.a(nrf_power_clock.c.obj)
 .bss.lfclk     0x00000000200029a8        0xc mcuboot/zephyr/libmcuboot_zephyr.a(nrf_power_clock.c.obj)
 .bss.last_count
                0x00000000200029b4        0x4 mcuboot/zephyr/libmcuboot_zephyr.a(nrf_rtc_timer.c.obj)
 .bss.dyn_reg_info
                0x00000000200029b8       0x14 mcuboot/zephyr/arch/arch/arm/core/cortex_m/mpu/libmcuboot_arch__arm__core__cortex_m__mpu.a(arm_mpu.c.obj)
 .bss.gpio_nrfx_p0_data
                0x00000000200029cc       0x20 mcuboot/zephyr/drivers/gpio/libmcuboot_drivers__gpio.a(gpio_nrfx.c.obj)
 .bss.dev_layout
                0x00000000200029ec        0x8 mcuboot/zephyr/drivers/flash/libmcuboot_drivers__flash.a(soc_flash_nrf.c.obj)
 .bss.uarte0_tx_buffer
                0x00000000200029f4       0x20 mcuboot/zephyr/drivers/serial/libmcuboot_drivers__serial.a(uart_nrfx_uarte.c.obj)
 .bss.heap      0x0000000020002a14       0x14 mcuboot/zephyr/modules/mbedtls/libmcuboot_..__modules__crypto__mbedtls.a(memory_buffer_alloc.c.obj)
 .bss.z_idle_thread
                0x0000000020002a28       0x6c mcuboot/zephyr/kernel/libmcuboot_kernel.a(init.c.obj)
                0x0000000020002a28                z_idle_thread
 .bss.z_main_thread
                0x0000000020002a94       0x6c mcuboot/zephyr/kernel/libmcuboot_kernel.a(init.c.obj)
                0x0000000020002a94                z_main_thread
 .bss._kernel   0x0000000020002b00       0x28 mcuboot/zephyr/kernel/libmcuboot_kernel.a(sched.c.obj)
                0x0000000020002b00                _kernel
 .bss.lock      0x0000000020002b28        0x0 mcuboot/zephyr/kernel/libmcuboot_kernel.a(sem.c.obj)
 .bss.announce_remaining
                0x0000000020002b28        0x4 mcuboot/zephyr/kernel/libmcuboot_kernel.a(timeout.c.obj)
 .bss.backend_attached
                0x0000000020002b2c        0x1 mcuboot/zephyr/libmcuboot_zephyr.a(log_core.c.obj)
 .bss.panic_mode
                0x0000000020002b2d        0x1 mcuboot/zephyr/libmcuboot_zephyr.a(log_core.c.obj)
 .bss.buf       0x0000000020002b2e        0x1 mcuboot/zephyr/libmcuboot_zephyr.a(log_backend_uart.c.obj)
 .bss.static_regions_num
                0x0000000020002b2f        0x1 mcuboot/zephyr/arch/arch/arm/core/cortex_m/mpu/libmcuboot_arch__arm__core__cortex_m__mpu.a(arm_mpu.c.obj)
 .bss.gpio_initialized.10602
                0x0000000020002b30        0x1 mcuboot/zephyr/drivers/gpio/libmcuboot_drivers__gpio.a(gpio_nrfx.c.obj)
 .bss.write_protect
                0x0000000020002b31        0x1 mcuboot/zephyr/drivers/flash/libmcuboot_drivers__flash.a(soc_flash_nrf.c.obj)
 *(SORT_BY_ALIGNMENT(COMMON))
 *(SORT_BY_ALIGNMENT(.kernel_bss.*))
                0x0000000020002b34                __bss_end = ALIGN (0x4)

noinit          0x0000000020002b38     0x3000
 *(SORT_BY_ALIGNMENT(.noinit))
 *(SORT_BY_ALIGNMENT(.noinit.*))
 .noinit."ZEPHYR_BASE/kernel/init.c".3
                0x0000000020002b38     0x2800 mcuboot/zephyr/kernel/libmcuboot_kernel.a(init.c.obj)
                0x0000000020002b38                z_main_stack
 .noinit."ZEPHYR_BASE/kernel/init.c".5
                0x0000000020005338      0x800 mcuboot/zephyr/kernel/libmcuboot_kernel.a(init.c.obj)
                0x0000000020005338                _interrupt_stack
 *(SORT_BY_ALIGNMENT(.kernel_noinit.*))

datas           0x0000000020005b38       0x4c load address 0x000000000000873c
                0x0000000020005b38                __data_ram_start = .
 *(SORT_BY_ALIGNMENT(.data))
 *(SORT_BY_ALIGNMENT(.data.*))
 .data._char_out
                0x0000000020005b38        0x4 mcuboot/zephyr/libmcuboot_zephyr.a(printk.c.obj)
                0x0000000020005b38                _char_out
 .data.timestamp_func
                0x0000000020005b3c        0x4 mcuboot/zephyr/libmcuboot_zephyr.a(log_core.c.obj)
 .data.flash_map
                0x0000000020005b40        0x4 mcuboot/zephyr/libmcuboot_zephyr.a(flash_map_default.c.obj)
                0x0000000020005b40                flash_map
 .data._stdout_hook
                0x0000000020005b44        0x4 mcuboot/zephyr/lib/libc/minimal/libmcuboot_lib__libc__minimal.a(stdout_console.c.obj)
 .data.uarte0_int_driven
                0x0000000020005b48       0x10 mcuboot/zephyr/drivers/serial/libmcuboot_drivers__serial.a(uart_nrfx_uarte.c.obj)
 .data.uarte_0_data
                0x0000000020005b58       0x10 mcuboot/zephyr/drivers/serial/libmcuboot_drivers__serial.a(uart_nrfx_uarte.c.obj)
 .data.mbedtls_calloc_func
                0x0000000020005b68        0x4 mcuboot/zephyr/modules/mbedtls/libmcuboot_..__modules__crypto__mbedtls.a(platform.c.obj)
 .data.mbedtls_exit
                0x0000000020005b6c        0x4 mcuboot/zephyr/modules/mbedtls/libmcuboot_..__modules__crypto__mbedtls.a(platform.c.obj)
                0x0000000020005b6c                mbedtls_exit
 .data.mbedtls_free_func
                0x0000000020005b70        0x4 mcuboot/zephyr/modules/mbedtls/libmcuboot_..__modules__crypto__mbedtls.a(platform.c.obj)
 .data.memset_func
                0x0000000020005b74        0x4 mcuboot/zephyr/modules/mbedtls/libmcuboot_..__modules__crypto__mbedtls.a(platform_util.c.obj)
 .data.SystemCoreClock
                0x0000000020005b78        0x4 mcuboot/zephyr/modules/nordic/libmcuboot_..__modules__hal__nordic.a(system_nrf9160.c.obj)
                0x0000000020005b78                SystemCoreClock
 .data.timeout_list
                0x0000000020005b7c        0x8 mcuboot/zephyr/kernel/libmcuboot_kernel.a(timeout.c.obj)
 *(SORT_BY_ALIGNMENT(.kernel.*))
                0x000000000000873c                __data_rom_start = LOADADDR (datas)

initlevel       0x0000000020005b84       0x9c load address 0x0000000000008788
                0x0000000020005b84                __device_init_start = .
                0x0000000020005b84                __device_PRE_KERNEL_1_start = .
 *(SORT_BY_NAME(SORT_BY_ALIGNMENT(.init_PRE_KERNEL_1[0-9])))
 .init_PRE_KERNEL_10
                0x0000000020005b84        0xc mcuboot/zephyr/libmcuboot_zephyr.a(soc.c.obj)
 *(SORT_BY_NAME(SORT_BY_ALIGNMENT(.init_PRE_KERNEL_1[1-9][0-9])))
 .init_PRE_KERNEL_130
                0x0000000020005b90        0xc mcuboot/zephyr/kernel/libmcuboot_kernel.a(mem_slab.c.obj)
 .init_PRE_KERNEL_130
                0x0000000020005b9c        0xc mcuboot/zephyr/kernel/libmcuboot_kernel.a(mempool.c.obj)
 .init_PRE_KERNEL_140
                0x0000000020005ba8        0xc mcuboot/zephyr/arch/arch/arm/core/cortex_m/mpu/libmcuboot_arch__arm__core__cortex_m__mpu.a(arm_mpu.c.obj)