Archive member included to satisfy reference by file (symbol)

spm/spm_app/libspm_app.a(main.c.obj)
                              (--whole-archive)
spm/zephyr/libspm_zephyr.a(crc32_sw.c.obj)
                              (--whole-archive)
spm/zephyr/libspm_zephyr.a(crc16_sw.c.obj)
                              (--whole-archive)
spm/zephyr/libspm_zephyr.a(crc8_sw.c.obj)
                              (--whole-archive)
spm/zephyr/libspm_zephyr.a(crc7_sw.c.obj)
                              (--whole-archive)
spm/zephyr/libspm_zephyr.a(dec.c.obj)
                              (--whole-archive)
spm/zephyr/libspm_zephyr.a(fdtable.c.obj)
                              (--whole-archive)
spm/zephyr/libspm_zephyr.a(hex.c.obj)
                              (--whole-archive)
spm/zephyr/libspm_zephyr.a(mempool.c.obj)
                              (--whole-archive)
spm/zephyr/libspm_zephyr.a(rb.c.obj)
                              (--whole-archive)
spm/zephyr/libspm_zephyr.a(sem.c.obj)
                              (--whole-archive)
spm/zephyr/libspm_zephyr.a(thread_entry.c.obj)
                              (--whole-archive)
spm/zephyr/libspm_zephyr.a(timeutil.c.obj)
                              (--whole-archive)
spm/zephyr/libspm_zephyr.a(work_q.c.obj)
                              (--whole-archive)
spm/zephyr/libspm_zephyr.a(printk.c.obj)
                              (--whole-archive)
spm/zephyr/libspm_zephyr.a(configs.c.obj)
                              (--whole-archive)
spm/zephyr/libspm_zephyr.a(soc.c.obj)
                              (--whole-archive)
spm/zephyr/libspm_zephyr.a(mpu_regions.c.obj)
                              (--whole-archive)
spm/zephyr/libspm_zephyr.a(validate_base_addresses.c.obj)
                              (--whole-archive)
spm/zephyr/libspm_zephyr.a(power.c.obj)
                              (--whole-archive)
spm/zephyr/libspm_zephyr.a(policy_residency.c.obj)
                              (--whole-archive)
spm/zephyr/libspm_zephyr.a(uart_console.c.obj)
                              (--whole-archive)
spm/zephyr/libspm_zephyr.a(nrf_power_clock.c.obj)
                              (--whole-archive)
spm/zephyr/libspm_zephyr.a(sys_clock_init.c.obj)
                              (--whole-archive)
spm/zephyr/libspm_zephyr.a(nrf_rtc_timer.c.obj)
                              (--whole-archive)
spm/zephyr/libspm_zephyr.a(spm.c.obj)
                              (--whole-archive)
spm/zephyr/libspm_zephyr.a(secure_services.c.obj)
                              (--whole-archive)
spm/zephyr/libspm_zephyr.a(nrf_cc310_platform_abort_zephyr.c.obj)
                              (--whole-archive)
spm/zephyr/libspm_zephyr.a(nrf_cc310_platform_mutex_zephyr.c.obj)
                              (--whole-archive)
spm/zephyr/arch/common/libspm_arch__common.a(isr_tables.c.obj)
                              (--whole-archive)
spm/zephyr/arch/common/libspm_arch__common.a(sw_isr_common.c.obj)
                              (--whole-archive)
spm/zephyr/arch/arch/arm/core/libspm_arch__arm__core.a(exc_exit.S.obj)
                              (--whole-archive)
spm/zephyr/arch/arch/arm/core/libspm_arch__arm__core.a(swap.c.obj)
                              (--whole-archive)
spm/zephyr/arch/arch/arm/core/libspm_arch__arm__core.a(swap_helper.S.obj)
                              (--whole-archive)
spm/zephyr/arch/arch/arm/core/libspm_arch__arm__core.a(irq_manage.c.obj)
                              (--whole-archive)
spm/zephyr/arch/arch/arm/core/libspm_arch__arm__core.a(thread.c.obj)
                              (--whole-archive)
spm/zephyr/arch/arch/arm/core/libspm_arch__arm__core.a(cpu_idle.S.obj)
                              (--whole-archive)
spm/zephyr/arch/arch/arm/core/libspm_arch__arm__core.a(fault_s.S.obj)
                              (--whole-archive)
spm/zephyr/arch/arch/arm/core/libspm_arch__arm__core.a(fatal.c.obj)
                              (--whole-archive)
spm/zephyr/arch/arch/arm/core/libspm_arch__arm__core.a(nmi.c.obj)
                              (--whole-archive)
spm/zephyr/arch/arch/arm/core/libspm_arch__arm__core.a(nmi_on_reset.S.obj)
                              (--whole-archive)
spm/zephyr/arch/arch/arm/core/libspm_arch__arm__core.a(prep_c.c.obj)
                              (--whole-archive)
spm/zephyr/arch/arch/arm/core/libspm_arch__arm__core.a(isr_wrapper.S.obj)
                              (--whole-archive)
spm/zephyr/arch/arch/arm/core/cortex_m/libspm_arch__arm__core__cortex_m.a(vector_table.S.obj)
                              (--whole-archive)
spm/zephyr/arch/arch/arm/core/cortex_m/libspm_arch__arm__core__cortex_m.a(reset.S.obj)
                              (--whole-archive)
spm/zephyr/arch/arch/arm/core/cortex_m/libspm_arch__arm__core__cortex_m.a(fault.c.obj)
                              (--whole-archive)
spm/zephyr/arch/arch/arm/core/cortex_m/libspm_arch__arm__core__cortex_m.a(scb.c.obj)
                              (--whole-archive)
[...]
Memory Configuration

Name             Origin             Length             Attributes
FLASH            0x000000000000c200 0x000000000000c000 xr
SRAM             0x0000000020000000 0x0000000000010000 xw
IDT_LIST         0x0000000020010000 0x0000000000000800 xw
*default*        0x0000000000000000 0xffffffffffffffff

Linker script and memory map

LOAD spm/zephyr/CMakeFiles/spm_zephyr_prebuilt.dir/misc/empty_file.c.obj
                0x0000000000000020                _region_min_align = 0x20

.rel.plt        0x000000000000c200        0x0
 *(SORT_BY_ALIGNMENT(.rel.plt))
                [!provide]                        PROVIDE (__rel_iplt_start = .)
 *(SORT_BY_ALIGNMENT(.rel.iplt))
 .rel.iplt      0x000000000000c200        0x0 spm/spm_app/libspm_app.a(main.c.obj)
                [!provide]                        PROVIDE (__rel_iplt_end = .)

.rela.plt       0x0000000000000000        0x0
 *(SORT_BY_ALIGNMENT(.rela.plt))
                [!provide]                        PROVIDE (__rela_iplt_start = .)
 *(SORT_BY_ALIGNMENT(.rela.iplt))
                [!provide]                        PROVIDE (__rela_iplt_end = .)

.rel.dyn
 *(SORT_BY_ALIGNMENT(.rel.*))

.rela.dyn
 *(SORT_BY_ALIGNMENT(.rela.*))

/DISCARD/
 *(SORT_BY_ALIGNMENT(.plt))
 *(SORT_BY_ALIGNMENT(.iplt))
 *(SORT_BY_ALIGNMENT(.got.plt))
 *(SORT_BY_ALIGNMENT(.igot.plt))
 *(SORT_BY_ALIGNMENT(.got))
 *(SORT_BY_ALIGNMENT(.igot))
 *(SORT_BY_ALIGNMENT(.note.GNU-stack))
                0x000000000000c200                _image_rom_start = 0xc200

text            0x000000000000c200      0x220
                0x0000000000000000                . = 0x0
                0x000000000000c200                _vector_start = .
 *(SORT_BY_ALIGNMENT(.exc_vector_table))
 *(SORT_BY_ALIGNMENT(.exc_vector_table.*))
 .exc_vector_table._vector_table_section
                0x000000000000c200       0x40 spm/zephyr/arch/arch/arm/core/cortex_m/libspm_arch__arm__core__cortex_m.a(vector_table.S.obj)
                0x000000000000c200                _vector_table
 *(SORT_BY_ALIGNMENT(.gnu.linkonce.irq_vector_table))
 .gnu.linkonce.irq_vector_table
                0x000000000000c240      0x104 spm/zephyr/arch/common/libspm_arch__common.a(isr_tables.c.obj)
                0x000000000000c240                _irq_vector_table
 *(SORT_BY_ALIGNMENT(.vectors))
 *(SORT_BY_ALIGNMENT(.openocd_dbg))
 *(SORT_BY_ALIGNMENT(.openocd_dbg.*))
                0x000000000000c344                _vector_end = .
                0x0000000000000200                . = 0x200
 *fill*         0x000000000000c344       0xbc 
 *(SORT_BY_ALIGNMENT(.firmware_info))
 .firmware_info
                0x000000000000c400       0x20 spm/zephyr/modules/nrf/subsys/fw_info/libspm_..__nrf__subsys__fw_info.a(fw_info.c.obj)
                0x000000000000c400                m_firmware_info

_TEXT_SECTION_NAME_2
                0x000000000000c420     0x3e06
                0x000000000000c420                _image_text_start = .
 *(SORT_BY_ALIGNMENT(.text))
 .text          0x000000000000c420       0x30 /Users/justin/gnuarmemb/bin/../lib/gcc/arm-none-eabi/8.3.1/thumb/v8-m.main+fp/hard/libgcc.a(_aeabi_uldivmod.o)
                0x000000000000c420                __aeabi_uldivmod
 .text          0x000000000000c450      0x2c8 /Users/justin/gnuarmemb/bin/../lib/gcc/arm-none-eabi/8.3.1/thumb/v8-m.main+fp/hard/libgcc.a(_udivmoddi4.o)
                0x000000000000c450                __udivmoddi4
 .text          0x000000000000c718        0x4 /Users/justin/gnuarmemb/bin/../lib/gcc/arm-none-eabi/8.3.1/thumb/v8-m.main+fp/hard/libgcc.a(_dvmd_tls.o)
                0x000000000000c718                __aeabi_ldiv0
                0x000000000000c718                __aeabi_idiv0
 .text          0x000000000000c71c       0x5c /Users/justin/gnuarmemb/bin/../lib/gcc/arm-none-eabi/8.3.1/thumb/v8-m.main+fp/hard/libgcc.a(cmse_nonsecure_call.o)
                0x000000000000c71c                __gnu_cmse_nonsecure_call
 *(SORT_BY_ALIGNMENT(.text.*))
 .text.char_out
                0x000000000000c778       0x10 spm/zephyr/libspm_zephyr.a(printk.c.obj)
 .text._printk_dec_ulong
                0x000000000000c788       0x98 spm/zephyr/libspm_zephyr.a(printk.c.obj)
 .text.__printk_hook_install
                0x000000000000c820        0xc spm/zephyr/libspm_zephyr.a(printk.c.obj)
                0x000000000000c820                __printk_hook_install
 .text.vprintk  0x000000000000c82c       0x1c spm/zephyr/libspm_zephyr.a(printk.c.obj)
                0x000000000000c82c                vprintk
 .text.nordicsemi_nrf91_init
                0x000000000000c848       0x28 spm/zephyr/libspm_zephyr.a(soc.c.obj)
 .text.console_out
                0x000000000000c870       0x28 spm/zephyr/libspm_zephyr.a(uart_console.c.obj)
 .text.uart_console_hook_install
                0x000000000000c898       0x18 spm/zephyr/libspm_zephyr.a(uart_console.c.obj)
                0x000000000000c898                uart_console_hook_install
 .text.uart_console_init
                0x000000000000c8b0       0x1c spm/zephyr/libspm_zephyr.a(uart_console.c.obj)
 .text.nrf_power_clock_isr
                0x000000000000c8cc       0x58 spm/zephyr/libspm_zephyr.a(nrf_power_clock.c.obj)
                0x000000000000c8cc                nrf_power_clock_isr
 .text.rtc1_nrf_isr
                0x000000000000c924       0x40 spm/zephyr/libspm_zephyr.a(nrf_rtc_timer.c.obj)
                0x000000000000c924                rtc1_nrf_isr
 .text.z_clock_driver_init
                0x000000000000c964       0x78 spm/zephyr/libspm_zephyr.a(nrf_rtc_timer.c.obj)
                0x000000000000c964                z_clock_driver_init
 .text.z_clock_set_timeout
                0x000000000000c9dc       0x9c spm/zephyr/libspm_zephyr.a(nrf_rtc_timer.c.obj)
                0x000000000000c9dc                z_clock_set_timeout
 .text.z_clock_elapsed
                0x000000000000ca78       0x34 spm/zephyr/libspm_zephyr.a(nrf_rtc_timer.c.obj)
                0x000000000000ca78                z_clock_elapsed
 .text.spm_config_peripheral.constprop.1
                0x000000000000caac       0x5c spm/zephyr/libspm_zephyr.a(spm.c.obj)
 .text.spm_jump
                0x000000000000cb08       0xd8 spm/zephyr/libspm_zephyr.a(spm.c.obj)
                0x000000000000cb08                spm_jump
 .text.spm_config
                0x000000000000cbe0      0x228 spm/zephyr/libspm_zephyr.a(spm.c.obj)
                0x000000000000cbe0                spm_config
 .text.spm_request_read
                0x000000000000ce08       0xbc spm/zephyr/libspm_zephyr.a(secure_services.c.obj)
                0x000000000000ce08                __acle_se_spm_request_read
 .text.spm_firmware_info
                0x000000000000cec4      0x100 spm/zephyr/libspm_zephyr.a(secure_services.c.obj)
                0x000000000000cec4                __acle_se_spm_firmware_info
 .text.nrf_cc310_platform_abort_init
                0x000000000000cfc4        0xc spm/zephyr/libspm_zephyr.a(nrf_cc310_platform_abort_zephyr.c.obj)
                0x000000000000cfc4                nrf_cc310_platform_abort_init
 .text.mutex_unlock
                0x000000000000cfd0       0x20 spm/zephyr/libspm_zephyr.a(nrf_cc310_platform_mutex_zephyr.c.obj)
 .text.mutex_free
                0x000000000000cff0       0x40 spm/zephyr/libspm_zephyr.a(nrf_cc310_platform_mutex_zephyr.c.obj)
 .text.mutex_init
                0x000000000000d030       0x64 spm/zephyr/libspm_zephyr.a(nrf_cc310_platform_mutex_zephyr.c.obj)
 .text.mutex_lock
                0x000000000000d094       0x30 spm/zephyr/libspm_zephyr.a(nrf_cc310_platform_mutex_zephyr.c.obj)
 .text.nrf_cc310_platform_mutex_init
                0x000000000000d0c4       0x2c spm/zephyr/libspm_zephyr.a(nrf_cc310_platform_mutex_zephyr.c.obj)
                0x000000000000d0c4                nrf_cc310_platform_mutex_init
 .text._HandlerModeExit
                0x000000000000d0f0       0x1c spm/zephyr/arch/arch/arm/core/libspm_arch__arm__core.a(exc_exit.S.obj)
                0x000000000000d0f0                z_arm_exc_exit
                0x000000000000d0f0                z_arm_int_exit
 .text.arch_swap
                0x000000000000d10c       0x34 spm/zephyr/arch/arch/arm/core/libspm_arch__arm__core.a(swap.c.obj)
                0x000000000000d10c                arch_swap
 .text.z_arm_pendsv
                0x000000000000d140       0x54 spm/zephyr/arch/arch/arm/core/libspm_arch__arm__core.a(swap_helper.S.obj)
                0x000000000000d140                z_arm_pendsv
 .text.z_arm_svc
                0x000000000000d194       0x20 spm/zephyr/arch/arch/arm/core/libspm_arch__arm__core.a(swap_helper.S.obj)
                0x000000000000d194                z_arm_svc
 .text.arch_irq_enable
                0x000000000000d1b4       0x20 spm/zephyr/arch/arch/arm/core/libspm_arch__arm__core.a(irq_manage.c.obj)
                0x000000000000d1b4                arch_irq_enable
 .text.z_arm_irq_priority_set
                0x000000000000d1d4       0x30 spm/zephyr/arch/arch/arm/core/libspm_arch__arm__core.a(irq_manage.c.obj)
                0x000000000000d1d4                z_arm_irq_priority_set
 .text.arch_new_thread
                0x000000000000d204       0x44 spm/zephyr/arch/arch/arm/core/libspm_arch__arm__core.a(thread.c.obj)
                0x000000000000d204                arch_new_thread
 .text.arch_switch_to_main_thread
                0x000000000000d248       0x44 spm/zephyr/arch/arch/arm/core/libspm_arch__arm__core.a(thread.c.obj)
                0x000000000000d248                arch_switch_to_main_thread
 .text.z_arm_cpu_idle_init
                0x000000000000d28c        0xc spm/zephyr/arch/arch/arm/core/libspm_arch__arm__core.a(cpu_idle.S.obj)
                0x000000000000d28c                z_arm_cpu_idle_init
 .text.arch_cpu_idle
                0x000000000000d298        0xc spm/zephyr/arch/arch/arm/core/libspm_arch__arm__core.a(cpu_idle.S.obj)
                0x000000000000d298                arch_cpu_idle
 .text.__fault  0x000000000000d2a4       0x14 spm/zephyr/arch/arch/arm/core/libspm_arch__arm__core.a(fault_s.S.obj)
                0x000000000000d2a4                z_arm_secure_fault
                0x000000000000d2a4                z_arm_bus_fault
                0x000000000000d2a4                z_arm_usage_fault
                0x000000000000d2a4                z_arm_mpu_fault
                0x000000000000d2a4                z_arm_reserved
                0x000000000000d2a4                z_arm_debug_monitor
                0x000000000000d2a4                z_arm_hard_fault
 .text.z_SysNmiOnReset
                0x000000000000d2b8        0x8 spm/zephyr/arch/arch/arm/core/libspm_arch__arm__core.a(nmi_on_reset.S.obj)
                0x000000000000d2b8                z_SysNmiOnReset
 .text.z_arm_prep_c
                0x000000000000d2c0       0x54 spm/zephyr/arch/arch/arm/core/libspm_arch__arm__core.a(prep_c.c.obj)
                0x000000000000d2c0                z_arm_prep_c
 .text._isr_wrapper
                0x000000000000d314       0x40 spm/zephyr/arch/arch/arm/core/libspm_arch__arm__core.a(isr_wrapper.S.obj)
                0x000000000000d314                _isr_wrapper
 .text._reset_section
                0x000000000000d354       0x30 spm/zephyr/arch/arch/arm/core/cortex_m/libspm_arch__arm__core__cortex_m.a(reset.S.obj)
                0x000000000000d354                z_arm_reset
                0x000000000000d354                __start
 .text.mem_manage_fault.isra.2
                0x000000000000d384       0x38 spm/zephyr/arch/arch/arm/core/cortex_m/libspm_arch__arm__core__cortex_m.a(fault.c.obj)
 .text.bus_fault.isra.3
                0x000000000000d3bc       0x3c spm/zephyr/arch/arch/arm/core/cortex_m/libspm_arch__arm__core__cortex_m.a(fault.c.obj)
 .text.usage_fault.isra.4
                0x000000000000d3f8       0x24 spm/zephyr/arch/arch/arm/core/cortex_m/libspm_arch__arm__core__cortex_m.a(fault.c.obj)
 .text.secure_fault.isra.5
                0x000000000000d41c       0x3c spm/zephyr/arch/arch/arm/core/cortex_m/libspm_arch__arm__core__cortex_m.a(fault.c.obj)
 .text.z_arm_fault
                0x000000000000d458      0x118 spm/zephyr/arch/arch/arm/core/cortex_m/libspm_arch__arm__core__cortex_m.a(fault.c.obj)
                0x000000000000d458                z_arm_fault
 .text.z_arm_fault_init
                0x000000000000d570       0x10 spm/zephyr/arch/arch/arm/core/cortex_m/libspm_arch__arm__core__cortex_m.a(fault.c.obj)
                0x000000000000d570                z_arm_fault_init
 .text.z_arm_int_lib_init
                0x000000000000d580       0x18 spm/zephyr/arch/arch/arm/core/cortex_m/libspm_arch__arm__core__cortex_m.a(irq_init.c.obj)
                0x000000000000d580                z_arm_int_lib_init
 .text.z_impl_k_thread_abort
                0x000000000000d598       0x4c spm/zephyr/arch/arch/arm/core/cortex_m/libspm_arch__arm__core__cortex_m.a(thread_abort.c.obj)
                0x000000000000d598                z_impl_k_thread_abort
 .text.z_arm_configure_static_mpu_regions
                0x000000000000d5e4       0x54 spm/zephyr/arch/arch/arm/core/cortex_m/mpu/libspm_arch__arm__core__cortex_m__mpu.a(arm_core_mpu.c.obj)
                0x000000000000d5e4                z_arm_configure_static_mpu_regions
 .text.region_init
                0x000000000000d638       0x30 spm/zephyr/arch/arch/arm/core/cortex_m/mpu/libspm_arch__arm__core__cortex_m__mpu.a(arm_mpu.c.obj)
 .text.arm_core_mpu_enable
                0x000000000000d668       0x14 spm/zephyr/arch/arch/arm/core/cortex_m/mpu/libspm_arch__arm__core__cortex_m__mpu.a(arm_mpu.c.obj)
                0x000000000000d668                arm_core_mpu_enable
 .text.arm_core_mpu_disable
                0x000000000000d67c       0x10 spm/zephyr/arch/arch/arm/core/cortex_m/mpu/libspm_arch__arm__core__cortex_m__mpu.a(arm_mpu.c.obj)
                0x000000000000d67c                arm_core_mpu_disable
 .text.arm_mpu_init
                0x000000000000d68c       0x4c spm/zephyr/arch/arch/arm/core/cortex_m/mpu/libspm_arch__arm__core__cortex_m__mpu.a(arm_mpu.c.obj)
 .text.arm_core_mpu_configure_static_mpu_regions
                0x000000000000d6d8      0x144 spm/zephyr/arch/arch/arm/core/cortex_m/mpu/libspm_arch__arm__core__cortex_m__mpu.a(arm_mpu.c.obj)
                0x000000000000d6d8                arm_core_mpu_configure_static_mpu_regions
 .text.arm_core_mpu_mark_areas_for_dynamic_regions
                0x000000000000d81c       0xa8 spm/zephyr/arch/arch/arm/core/cortex_m/mpu/libspm_arch__arm__core__cortex_m__mpu.a(arm_mpu.c.obj)
                0x000000000000d81c                arm_core_mpu_mark_areas_for_dynamic_regions
 .text.arm_core_mpu_configure_dynamic_mpu_regions
                0x000000000000d8c4       0x60 spm/zephyr/arch/arch/arm/core/cortex_m/mpu/libspm_arch__arm__core__cortex_m__mpu.a(arm_mpu.c.obj)
                0x000000000000d8c4                arm_core_mpu_configure_dynamic_mpu_regions
 .text.tz_nonsecure_state_setup
                0x000000000000d924       0x38 spm/zephyr/arch/arch/arm/core/cortex_m/tz/libspm_arch__arm__core__cortex_m__tz.a(arm_core_tz.c.obj)
                0x000000000000d924                tz_nonsecure_state_setup
 .text.tz_nbanked_exception_target_state_set
                0x000000000000d95c       0x28 spm/zephyr/arch/arch/arm/core/cortex_m/tz/libspm_arch__arm__core__cortex_m__tz.a(arm_core_tz.c.obj)
                0x000000000000d95c                tz_nbanked_exception_target_state_set
 .text.tz_nonsecure_exception_prio_config
                0x000000000000d984       0x28 spm/zephyr/arch/arch/arm/core/cortex_m/tz/libspm_arch__arm__core__cortex_m__tz.a(arm_core_tz.c.obj)
                0x000000000000d984                tz_nonsecure_exception_prio_config
 .text.tz_nonsecure_system_reset_req_block
                0x000000000000d9ac       0x28 spm/zephyr/arch/arch/arm/core/cortex_m/tz/libspm_arch__arm__core__cortex_m__tz.a(arm_core_tz.c.obj)
                0x000000000000d9ac                tz_nonsecure_system_reset_req_block
 .text.tz_nonsecure_fpu_access_enable
                0x000000000000d9d4       0x14 spm/zephyr/arch/arch/arm/core/cortex_m/tz/libspm_arch__arm__core__cortex_m__tz.a(arm_core_tz.c.obj)
                0x000000000000d9d4                tz_nonsecure_fpu_access_enable
 .text.tz_sau_configure
                0x000000000000d9e8       0x28 spm/zephyr/arch/arch/arm/core/cortex_m/tz/libspm_arch__arm__core__cortex_m__tz.a(arm_core_tz.c.obj)
                0x000000000000d9e8                tz_sau_configure
 .text.__stdout_hook_install
                0x000000000000da10        0xc spm/zephyr/lib/libc/minimal/libspm_lib__libc__minimal.a(stdout_console.c.obj)
                0x000000000000da10                __stdout_hook_install
 .text.uarte_nrfx_configure
                0x000000000000da1c      0x16c spm/zephyr/drivers/serial/libspm_drivers__serial.a(uart_nrfx_uarte.c.obj)
 .text.uarte_0_init
                0x000000000000db88       0x6c spm/zephyr/drivers/serial/libspm_drivers__serial.a(uart_nrfx_uarte.c.obj)
 .text.abi_getter
                0x000000000000dbf4       0x4c spm/zephyr/modules/nrf/subsys/fw_info/libspm_..__nrf__subsys__fw_info.a(fw_info.c.obj)
                0x000000000000dbf4                abi_getter
 .text.errata_14
                0x000000000000dc40       0x1c spm/zephyr/modules/nordic/libspm_..__modules__hal__nordic.a(system_nrf9160.c.obj)
 .text.SystemInit
                0x000000000000dc5c      0x174 spm/zephyr/modules/nordic/libspm_..__modules__hal__nordic.a(system_nrf9160.c.obj)
                0x000000000000dc5c                SystemInit
 .text.z_sys_device_do_config_level
                0x000000000000ddd0       0x2c spm/zephyr/kernel/libspm_kernel.a(device.c.obj)
                0x000000000000ddd0                z_sys_device_do_config_level
 .text.z_impl_device_get_binding
                0x000000000000ddfc       0x4c spm/zephyr/kernel/libspm_kernel.a(device.c.obj)
                0x000000000000ddfc                z_impl_device_get_binding
 .text.idle     0x000000000000de48       0x34 spm/zephyr/kernel/libspm_kernel.a(idle.c.obj)
                0x000000000000de48                idle
 .text.z_bss_zero
                0x000000000000de7c       0x14 spm/zephyr/kernel/libspm_kernel.a(init.c.obj)
                0x000000000000de7c                z_bss_zero
 .text.z_data_copy
                0x000000000000de90       0x34 spm/zephyr/kernel/libspm_kernel.a(init.c.obj)
                0x000000000000de90                z_data_copy
 .text.bg_thread_main
                0x000000000000dec4       0x30 spm/zephyr/kernel/libspm_kernel.a(init.c.obj)
 .text.z_cstart
                0x000000000000def4      0x110 spm/zephyr/kernel/libspm_kernel.a(init.c.obj)
                0x000000000000def4                z_cstart
 .text.init_mem_slab_module
                0x000000000000e004       0x38 spm/zephyr/kernel/libspm_kernel.a(mem_slab.c.obj)
 .text.k_mem_slab_alloc
                0x000000000000e03c       0x58 spm/zephyr/kernel/libspm_kernel.a(mem_slab.c.obj)
                0x000000000000e03c                k_mem_slab_alloc
 .text.k_mem_slab_free
                0x000000000000e094       0x5c spm/zephyr/kernel/libspm_kernel.a(mem_slab.c.obj)
                0x000000000000e094                k_mem_slab_free
 .text.z_impl_k_mutex_lock
                0x000000000000e0f0       0xe4 spm/zephyr/kernel/libspm_kernel.a(mutex.c.obj)
                0x000000000000e0f0                z_impl_k_mutex_lock
 .text.z_impl_k_mutex_unlock
                0x000000000000e1d4       0x80 spm/zephyr/kernel/libspm_kernel.a(mutex.c.obj)
                0x000000000000e1d4                z_impl_k_mutex_unlock
 .text.z_reset_time_slice
                0x000000000000e254       0x2c spm/zephyr/kernel/libspm_kernel.a(sched.c.obj)
                0x000000000000e254                z_reset_time_slice
 .text.k_sched_time_slice_set
                0x000000000000e280       0x58 spm/zephyr/kernel/libspm_kernel.a(sched.c.obj)
                0x000000000000e280                k_sched_time_slice_set
 .text.k_sched_lock
                0x000000000000e2d8       0x28 spm/zephyr/kernel/libspm_kernel.a(sched.c.obj)
                0x000000000000e2d8                k_sched_lock
 .text.z_priq_dumb_remove
                0x000000000000e300       0x2c spm/zephyr/kernel/libspm_kernel.a(sched.c.obj)
                0x000000000000e300                z_priq_dumb_remove
 .text.update_cache
                0x000000000000e32c       0x3c spm/zephyr/kernel/libspm_kernel.a(sched.c.obj)
 .text.k_sched_unlock
                0x000000000000e368       0x38 spm/zephyr/kernel/libspm_kernel.a(sched.c.obj)
                0x000000000000e368                k_sched_unlock
 .text.z_add_thread_to_ready_q
                0x000000000000e3a0       0x6c spm/zephyr/kernel/libspm_kernel.a(sched.c.obj)
                0x000000000000e3a0                z_add_thread_to_ready_q
 .text.z_move_thread_to_end_of_prio_q
                0x000000000000e40c       0x84 spm/zephyr/kernel/libspm_kernel.a(sched.c.obj)
                0x000000000000e40c                z_move_thread_to_end_of_prio_q
 .text.z_time_slice
                0x000000000000e490       0x6c spm/zephyr/kernel/libspm_kernel.a(sched.c.obj)
                0x000000000000e490                z_time_slice
 .text.z_remove_thread_from_ready_q
                0x000000000000e4fc       0x4c spm/zephyr/kernel/libspm_kernel.a(sched.c.obj)
                0x000000000000e4fc                z_remove_thread_from_ready_q
 .text.pend     0x000000000000e548       0x88 spm/zephyr/kernel/libspm_kernel.a(sched.c.obj)
 .text.z_pend_curr
                0x000000000000e5d0       0x28 spm/zephyr/kernel/libspm_kernel.a(sched.c.obj)
                0x000000000000e5d0                z_pend_curr
 .text.z_set_prio
                0x000000000000e5f8       0x84 spm/zephyr/kernel/libspm_kernel.a(sched.c.obj)
                0x000000000000e5f8                z_set_prio
 .text.z_sched_init
                0x000000000000e67c       0x18 spm/zephyr/kernel/libspm_kernel.a(sched.c.obj)
                0x000000000000e67c                z_sched_init
 .text.z_impl_k_current_get
                0x000000000000e694        0xc spm/zephyr/kernel/libspm_kernel.a(sched.c.obj)
                0x000000000000e694                z_impl_k_current_get
 .text.z_impl_k_thread_start
                0x000000000000e6a0       0x48 spm/zephyr/kernel/libspm_kernel.a(thread.c.obj)
                0x000000000000e6a0                z_impl_k_thread_start
 .text.z_setup_new_thread
                0x000000000000e6e8       0x30 spm/zephyr/kernel/libspm_kernel.a(thread.c.obj)
                0x000000000000e6e8                z_setup_new_thread
 .text.z_init_static_threads
                0x000000000000e718       0xb4 spm/zephyr/kernel/libspm_kernel.a(thread.c.obj)
                0x000000000000e718                z_init_static_threads
 .text.elapsed  0x000000000000e7cc       0x14 spm/zephyr/kernel/libspm_kernel.a(timeout.c.obj)
 .text.remove_timeout
                0x000000000000e7e0       0x28 spm/zephyr/kernel/libspm_kernel.a(timeout.c.obj)
 .text.next_timeout
                0x000000000000e808       0x38 spm/zephyr/kernel/libspm_kernel.a(timeout.c.obj)
 .text.z_add_timeout
                0x000000000000e840       0x84 spm/zephyr/kernel/libspm_kernel.a(timeout.c.obj)
                0x000000000000e840                z_add_timeout
 .text.z_clock_announce
                0x000000000000e8c4       0xac spm/zephyr/kernel/libspm_kernel.a(timeout.c.obj)
                0x000000000000e8c4                z_clock_announce
 .text.init_static_pools
                0x000000000000e970       0x28 spm/zephyr/kernel/libspm_kernel.a(mempool.c.obj)
                0x000000000000e970                init_static_pools
 .text.CC_PalMemCopyPlat
                0x000000000000e998        0x4 /Users/justin/Github/FORKS/WIP_interval_cmds/nrfxlib/crypto/nrf_cc310_mbedcrypto/lib/cortex-m33/hard-float/no-interrupts/libnrf_cc310_mbedcrypto_0.9.1.a(cc_pal_mem.c.obj)
                0x000000000000e998                CC_PalMemCopyPlat
 .text.CC_PalMemSetZeroPlat
                0x000000000000e99c        0x8 /Users/justin/Github/FORKS/WIP_interval_cmds/nrfxlib/crypto/nrf_cc310_mbedcrypto/lib/cortex-m33/hard-float/no-interrupts/libnrf_cc310_mbedcrypto_0.9.1.a(cc_pal_mem.c.obj)
                0x000000000000e99c                CC_PalMemSetZeroPlat
 .text.CC_PalInit
                0x000000000000e9a4       0x5c /Users/justin/Github/FORKS/WIP_interval_cmds/nrfxlib/crypto/nrf_cc310_mbedcrypto/lib/cortex-m33/hard-float/no-interrupts/libnrf_cc310_mbedcrypto_0.9.1.a(cc_pal.c.obj)
                0x000000000000e9a4                CC_PalInit
 .text.CC_PalTerminate
                0x000000000000ea00       0x34 /Users/justin/Github/FORKS/WIP_interval_cmds/nrfxlib/crypto/nrf_cc310_mbedcrypto/lib/cortex-m33/hard-float/no-interrupts/libnrf_cc310_mbedcrypto_0.9.1.a(cc_pal.c.obj)
                0x000000000000ea00                CC_PalTerminate
 .text.CC_PalDmaInit
                0x000000000000ea34        0x4 /Users/justin/Github/FORKS/WIP_interval_cmds/nrfxlib/crypto/nrf_cc310_mbedcrypto/lib/cortex-m33/hard-float/no-interrupts/libnrf_cc310_mbedcrypto_0.9.1.a(cc_pal_dma.c.obj)
                0x000000000000ea34                CC_PalDmaInit
 .text.CC_PalDmaTerminate
                0x000000000000ea38        0x4 /Users/justin/Github/FORKS/WIP_interval_cmds/nrfxlib/crypto/nrf_cc310_mbedcrypto/lib/cortex-m33/hard-float/no-interrupts/libnrf_cc310_mbedcrypto_0.9.1.a(cc_pal_dma.c.obj)
                0x000000000000ea38                CC_PalDmaTerminate
 .text.CC_PalMutexCreate
                0x000000000000ea3c       0x14 /Users/justin/Github/FORKS/WIP_interval_cmds/nrfxlib/crypto/nrf_cc310_mbedcrypto/lib/cortex-m33/hard-float/no-interrupts/libnrf_cc310_mbedcrypto_0.9.1.a(cc_pal_mutex.c.obj)
                0x000000000000ea3c                CC_PalMutexCreate
 .text.CC_PalMutexDestroy
                0x000000000000ea50       0x14 /Users/justin/Github/FORKS/WIP_interval_cmds/nrfxlib/crypto/nrf_cc310_mbedcrypto/lib/cortex-m33/hard-float/no-interrupts/libnrf_cc310_mbedcrypto_0.9.1.a(cc_pal_mutex.c.obj)
                0x000000000000ea50                CC_PalMutexDestroy
 .text.CC_PalMutexLock
                0x000000000000ea64       0x10 /Users/justin/Github/FORKS/WIP_interval_cmds/nrfxlib/crypto/nrf_cc310_mbedcrypto/lib/cortex-m33/hard-float/no-interrupts/libnrf_cc310_mbedcrypto_0.9.1.a(cc_pal_mutex.c.obj)
                0x000000000000ea64                CC_PalMutexLock
 .text.CC_PalMutexUnlock
                0x000000000000ea74       0x14 /Users/justin/Github/FORKS/WIP_interval_cmds/nrfxlib/crypto/nrf_cc310_mbedcrypto/lib/cortex-m33/hard-float/no-interrupts/libnrf_cc310_mbedcrypto_0.9.1.a(cc_pal_mutex.c.obj)
                0x000000000000ea74                CC_PalMutexUnlock
 .text.CC_PalPowerSaveModeInit
                0x000000000000ea88       0x3c /Users/justin/Github/FORKS/WIP_interval_cmds/nrfxlib/crypto/nrf_cc310_mbedcrypto/lib/cortex-m33/hard-float/no-interrupts/libnrf_cc310_mbedcrypto_0.9.1.a(cc_pal_pm.c.obj)
                0x000000000000ea88                CC_PalPowerSaveModeInit
 .text.CC_PalPowerSaveModeSelect
                0x000000000000eac4       0x68 /Users/justin/Github/FORKS/WIP_interval_cmds/nrfxlib/crypto/nrf_cc310_mbedcrypto/lib/cortex-m33/hard-float/no-interrupts/libnrf_cc310_mbedcrypto_0.9.1.a(cc_pal_pm.c.obj)
                0x000000000000eac4                CC_PalPowerSaveModeSelect
 .text.CC_HalInit
                0x000000000000eb2c        0x4 /Users/justin/Github/FORKS/WIP_interval_cmds/nrfxlib/crypto/nrf_cc310_mbedcrypto/lib/cortex-m33/hard-float/no-interrupts/libnrf_cc310_mbedcrypto_0.9.1.a(cc_hal.c.obj)
                0x000000000000eb2c                CC_HalInit
 .text.CC_HalTerminate
                0x000000000000eb30        0x4 /Users/justin/Github/FORKS/WIP_interval_cmds/nrfxlib/crypto/nrf_cc310_mbedcrypto/lib/cortex-m33/hard-float/no-interrupts/libnrf_cc310_mbedcrypto_0.9.1.a(cc_hal.c.obj)
                0x000000000000eb30                CC_HalTerminate
 .text.CC_HalClearInterruptBit
                0x000000000000eb34       0x1c /Users/justin/Github/FORKS/WIP_interval_cmds/nrfxlib/crypto/nrf_cc310_mbedcrypto/lib/cortex-m33/hard-float/no-interrupts/libnrf_cc310_mbedcrypto_0.9.1.a(cc_hal.c.obj)
                0x000000000000eb34                CC_HalClearInterruptBit
 .text.CC_HalMaskInterrupt
                0x000000000000eb50        0xc /Users/justin/Github/FORKS/WIP_interval_cmds/nrfxlib/crypto/nrf_cc310_mbedcrypto/lib/cortex-m33/hard-float/no-interrupts/libnrf_cc310_mbedcrypto_0.9.1.a(cc_hal.c.obj)
                0x000000000000eb50                CC_HalMaskInterrupt
 .text.CC_HalWaitInterruptRND
                0x000000000000eb5c        0xc /Users/justin/Github/FORKS/WIP_interval_cmds/nrfxlib/crypto/nrf_cc310_mbedcrypto/lib/cortex-m33/hard-float/no-interrupts/libnrf_cc310_mbedcrypto_0.9.1.a(cc_hal.c.obj)
                0x000000000000eb5c                CC_HalWaitInterruptRND
 .text.CC_PalWaitInterruptRND
                0x000000000000eb68       0x30 /Users/justin/Github/FORKS/WIP_interval_cmds/nrfxlib/crypto/nrf_cc310_mbedcrypto/lib/cortex-m33/hard-float/no-interrupts/libnrf_cc310_mbedcrypto_0.9.1.a(cc_pal_interrupt_ctrl.c.obj)
                0x000000000000eb68                CC_PalWaitInterruptRND
 .text.mbedtls_platform_setup
                0x000000000000eb98        0x4 /Users/justin/Github/FORKS/WIP_interval_cmds/nrfxlib/crypto/nrf_cc310_platform/lib/cortex-m33/hard-float/no-interrupts/libnrf_cc310_platform_0.9.1.a(platform_alt.c.obj)
                0x000000000000eb98                mbedtls_platform_setup
 .text.mbedtls_platform_zeroize
                0x000000000000eb9c       0x14 /Users/justin/Github/FORKS/WIP_interval_cmds/nrfxlib/crypto/nrf_cc310_platform/lib/cortex-m33/hard-float/no-interrupts/libnrf_cc310_platform_0.9.1.a(mbedtls_common.c.obj)
                0x000000000000eb9c                mbedtls_platform_zeroize
 .text.mbedtls_hardware_poll
                0x000000000000ebb0       0xb0 /Users/justin/Github/FORKS/WIP_interval_cmds/nrfxlib/crypto/nrf_cc310_platform/lib/cortex-m33/hard-float/no-interrupts/libnrf_cc310_platform_0.9.1.a(trng_api.c.obj)
                0x000000000000ebb0                mbedtls_hardware_poll
 .text.RNG_PLAT_SetUserRngParameters
                0x000000000000ec60       0x7c /Users/justin/Github/FORKS/WIP_interval_cmds/nrfxlib/crypto/nrf_cc310_platform/lib/cortex-m33/hard-float/no-interrupts/libnrf_cc310_platform_0.9.1.a(cc_rng_plat.c.obj)
                0x000000000000ec60                RNG_PLAT_SetUserRngParameters
 .text.nrf_cc310_platform_init
                0x000000000000ecdc       0x44 /Users/justin/Github/FORKS/WIP_interval_cmds/nrfxlib/crypto/nrf_cc310_platform/lib/cortex-m33/hard-float/no-interrupts/libnrf_cc310_platform_0.9.1.a(nrf_cc310_platform.c.obj)
                0x000000000000ecdc                nrf_cc310_platform_init
 .text.nrf_cc310_platform_init_no_rng
                0x000000000000ed20       0x34 /Users/justin/Github/FORKS/WIP_interval_cmds/nrfxlib/crypto/nrf_cc310_platform/lib/cortex-m33/hard-float/no-interrupts/libnrf_cc310_platform_0.9.1.a(nrf_cc310_platform.c.obj)
                0x000000000000ed20                nrf_cc310_platform_init_no_rng
 .text.nrf_cc310_platform_abort
                0x000000000000ed54       0x24 /Users/justin/Github/FORKS/WIP_interval_cmds/nrfxlib/crypto/nrf_cc310_platform/lib/cortex-m33/hard-float/no-interrupts/libnrf_cc310_platform_0.9.1.a(nrf_cc310_platform_abort.c.obj)
 .text.CC_PalAbort
                0x000000000000ed78        0xc /Users/justin/Github/FORKS/WIP_interval_cmds/nrfxlib/crypto/nrf_cc310_platform/lib/cortex-m33/hard-float/no-interrupts/libnrf_cc310_platform_0.9.1.a(nrf_cc310_platform_abort.c.obj)
                0x000000000000ed78                CC_PalAbort
 .text.nrf_cc310_platform_set_abort
                0x000000000000ed84       0x10 /Users/justin/Github/FORKS/WIP_interval_cmds/nrfxlib/crypto/nrf_cc310_platform/lib/cortex-m33/hard-float/no-interrupts/libnrf_cc310_platform_0.9.1.a(nrf_cc310_platform_abort.c.obj)
                0x000000000000ed84                nrf_cc310_platform_set_abort
 .text.mutex_free
                0x000000000000ed94        0x4 /Users/justin/Github/FORKS/WIP_interval_cmds/nrfxlib/crypto/nrf_cc310_platform/lib/cortex-m33/hard-float/no-interrupts/libnrf_cc310_platform_0.9.1.a(nrf_cc310_platform_mutex.c.obj)
 .text.mutex_unlock
                0x000000000000ed98       0x24 /Users/justin/Github/FORKS/WIP_interval_cmds/nrfxlib/crypto/nrf_cc310_platform/lib/cortex-m33/hard-float/no-interrupts/libnrf_cc310_platform_0.9.1.a(nrf_cc310_platform_mutex.c.obj)
 .text.mutex_init
                0x000000000000edbc       0x1c /Users/justin/Github/FORKS/WIP_interval_cmds/nrfxlib/crypto/nrf_cc310_platform/lib/cortex-m33/hard-float/no-interrupts/libnrf_cc310_platform_0.9.1.a(nrf_cc310_platform_mutex.c.obj)
 .text.mutex_lock
                0x000000000000edd8       0x1c /Users/justin/Github/FORKS/WIP_interval_cmds/nrfxlib/crypto/nrf_cc310_platform/lib/cortex-m33/hard-float/no-interrupts/libnrf_cc310_platform_0.9.1.a(nrf_cc310_platform_mutex.c.obj)
 .text.nrf_cc310_platform_set_mutexes
                0x000000000000edf4       0x38 /Users/justin/Github/FORKS/WIP_interval_cmds/nrfxlib/crypto/nrf_cc310_platform/lib/cortex-m33/hard-float/no-interrupts/libnrf_cc310_platform_0.9.1.a(nrf_cc310_platform_mutex.c.obj)
                0x000000000000edf4                nrf_cc310_platform_set_mutexes
 .text.CC_LibInitNoRng
                0x000000000000ee2c       0x6c /Users/justin/Github/FORKS/WIP_interval_cmds/nrfxlib/crypto/nrf_cc310_platform/lib/cortex-m33/hard-float/no-interrupts/libnrf_cc310_platform_0.9.1.a(cc_lib.c.obj)
                0x000000000000ee2c                CC_LibInitNoRng
 .text.CC_LibInitRngModule
                0x000000000000ee98       0xb8 /Users/justin/Github/FORKS/WIP_interval_cmds/nrfxlib/crypto/nrf_cc310_platform/lib/cortex-m33/hard-float/no-interrupts/libnrf_cc310_platform_0.9.1.a(cc_lib.c.obj)
                0x000000000000ee98                CC_LibInitRngModule
 .text.CC_LibInit
                0x000000000000ef50       0x84 /Users/justin/Github/FORKS/WIP_interval_cmds/nrfxlib/crypto/nrf_cc310_platform/lib/cortex-m33/hard-float/no-interrupts/libnrf_cc310_platform_0.9.1.a(cc_lib.c.obj)
                0x000000000000ef50                CC_LibInit
 .text.CC_PalTrngParamGet
                0x000000000000efd4      0x10c /Users/justin/Github/FORKS/WIP_interval_cmds/nrfxlib/crypto/nrf_cc310_platform/lib/cortex-m33/hard-float/no-interrupts/libnrf_cc310_platform_0.9.1.a(cc_pal_trng.c.obj)
                0x000000000000efd4                CC_PalTrngParamGet
 .text.LLF_RND_AdaptiveProportionTest
                0x000000000000f0e0       0x7c /Users/justin/Github/FORKS/WIP_interval_cmds/nrfxlib/crypto/nrf_cc310_platform/lib/cortex-m33/hard-float/no-interrupts/libnrf_cc310_platform_0.9.1.a(llf_rnd_trng90b.c.obj)
                0x000000000000f0e0                LLF_RND_AdaptiveProportionTest
 .text.getTrngSource
                0x000000000000f15c      0x4b0 /Users/justin/Github/FORKS/WIP_interval_cmds/nrfxlib/crypto/nrf_cc310_platform/lib/cortex-m33/hard-float/no-interrupts/libnrf_cc310_platform_0.9.1.a(llf_rnd_trng90b.c.obj)
 .text.LLF_RND_GetTrngSource
                0x000000000000f60c       0x88 /Users/justin/Github/FORKS/WIP_interval_cmds/nrfxlib/crypto/nrf_cc310_platform/lib/cortex-m33/hard-float/no-interrupts/libnrf_cc310_platform_0.9.1.a(llf_rnd_trng90b.c.obj)
                0x000000000000f60c                LLF_RND_GetTrngSource
 .text.LLF_RND_RunTrngStartupTest
                0x000000000000f694       0x1c /Users/justin/Github/FORKS/WIP_interval_cmds/nrfxlib/crypto/nrf_cc310_platform/lib/cortex-m33/hard-float/no-interrupts/libnrf_cc310_platform_0.9.1.a(llf_rnd_trng90b.c.obj)
                0x000000000000f694                LLF_RND_RunTrngStartupTest
 .text.LLF_RND_WaitRngInterrupt
                0x000000000000f6b0       0x20 /Users/justin/Github/FORKS/WIP_interval_cmds/nrfxlib/crypto/nrf_cc310_platform/lib/cortex-m33/hard-float/no-interrupts/libnrf_cc310_platform_0.9.1.a(llf_rnd.c.obj)
                0x000000000000f6b0                LLF_RND_WaitRngInterrupt
 .text.LLF_RND_GetRoscSampleCnt
                0x000000000000f6d0       0x3c /Users/justin/Github/FORKS/WIP_interval_cmds/nrfxlib/crypto/nrf_cc310_platform/lib/cortex-m33/hard-float/no-interrupts/libnrf_cc310_platform_0.9.1.a(llf_rnd.c.obj)
                0x000000000000f6d0                LLF_RND_GetRoscSampleCnt
 .text.LLF_RND_GetFastestRosc
                0x000000000000f70c       0x20 /Users/justin/Github/FORKS/WIP_interval_cmds/nrfxlib/crypto/nrf_cc310_platform/lib/cortex-m33/hard-float/no-interrupts/libnrf_cc310_platform_0.9.1.a(llf_rnd.c.obj)
                0x000000000000f70c                LLF_RND_GetFastestRosc
 .text.LLF_RND_TurnOffTrng
                0x000000000000f72c       0x1c /Users/justin/Github/FORKS/WIP_interval_cmds/nrfxlib/crypto/nrf_cc310_platform/lib/cortex-m33/hard-float/no-interrupts/libnrf_cc310_platform_0.9.1.a(llf_rnd.c.obj)
                0x000000000000f72c                LLF_RND_TurnOffTrng
 .text.main     0x000000000000f748        0xe spm/spm_app/libspm_app.a(main.c.obj)
                0x000000000000f748                main
 .text.z_sys_mem_pool_base_init
                0x000000000000f756       0x8c spm/zephyr/libspm_zephyr.a(mempool.c.obj)
                0x000000000000f756                z_sys_mem_pool_base_init
 .text.z_thread_entry
                0x000000000000f7e2       0x14 spm/zephyr/libspm_zephyr.a(thread_entry.c.obj)
                0x000000000000f7e2                z_thread_entry
 .text.arch_printk_char_out
                0x000000000000f7f6        0x4 spm/zephyr/libspm_zephyr.a(printk.c.obj)
                0x000000000000f7f6                arch_printk_char_out
 .text.print_err
                0x000000000000f7fa       0x1c spm/zephyr/libspm_zephyr.a(printk.c.obj)
 .text.z_vprintk
                0x000000000000f816      0x2e0 spm/zephyr/libspm_zephyr.a(printk.c.obj)
                0x000000000000f816                z_vprintk
 .text.printk   0x000000000000faf6       0x1a spm/zephyr/libspm_zephyr.a(printk.c.obj)
                0x000000000000faf6                printk
 .text._ConfigAbsSyms
                0x000000000000fb10        0x2 spm/zephyr/libspm_zephyr.a(configs.c.obj)
                0x000000000000fb10                _ConfigAbsSyms
 .text.z_platform_init
                0x000000000000fb12        0x4 spm/zephyr/libspm_zephyr.a(soc.c.obj)
                0x000000000000fb12                z_platform_init
 .text.get_status
                0x000000000000fb16       0x18 spm/zephyr/libspm_zephyr.a(nrf_power_clock.c.obj)
 .text.clock_stop
                0x000000000000fb2e       0x64 spm/zephyr/libspm_zephyr.a(nrf_power_clock.c.obj)
 .text.clock_async_start
                0x000000000000fb92       0x8e spm/zephyr/libspm_zephyr.a(nrf_power_clock.c.obj)
 .text.clock_start
                0x000000000000fc20        0x6 spm/zephyr/libspm_zephyr.a(nrf_power_clock.c.obj)
 .text.lfclk_init
                0x000000000000fc26        0xa spm/zephyr/libspm_zephyr.a(nrf_power_clock.c.obj)
 .text.hfclk_init
                0x000000000000fc30       0x2e spm/zephyr/libspm_zephyr.a(nrf_power_clock.c.obj)
 .text.clkstarted_handle
                0x000000000000fc5e       0x3a spm/zephyr/libspm_zephyr.a(nrf_power_clock.c.obj)
 .text.z_clock_isr
                0x000000000000fc98        0x2 spm/zephyr/libspm_zephyr.a(sys_clock_init.c.obj)
                0x000000000000fc98                z_clock_isr
 .text.z_clock_idle_exit
                0x000000000000fc9a        0x2 spm/zephyr/libspm_zephyr.a(sys_clock_init.c.obj)
                0x000000000000fc9a                z_clock_idle_exit
 .text.spm_secure_services_init
                0x000000000000fc9c       0x14 spm/zephyr/libspm_zephyr.a(secure_services.c.obj)
                0x000000000000fc9c                spm_secure_services_init
 .text.spm_request_random_number
                0x000000000000fcb0       0x82 spm/zephyr/libspm_zephyr.a(secure_services.c.obj)
                0x000000000000fcb0                __acle_se_spm_request_random_number
 .text.abort_function
                0x000000000000fd32        0x2 spm/zephyr/libspm_zephyr.a(nrf_cc310_platform_abort_zephyr.c.obj)
 .text.z_irq_spurious
                0x000000000000fd34        0x4 spm/zephyr/arch/arch/arm/core/libspm_arch__arm__core.a(irq_manage.c.obj)
                0x000000000000fd34                z_irq_spurious
 .text.irq_target_state_set
                0x000000000000fd38       0x56 spm/zephyr/arch/arch/arm/core/libspm_arch__arm__core.a(irq_manage.c.obj)
                0x000000000000fd38                irq_target_state_set
 .text.z_arm_fatal_error
                0x000000000000fd8e        0x4 spm/zephyr/arch/arch/arm/core/libspm_arch__arm__core.a(fatal.c.obj)
                0x000000000000fd8e                z_arm_fatal_error
 .text.z_do_kernel_oops
                0x000000000000fd92        0x8 spm/zephyr/arch/arch/arm/core/libspm_arch__arm__core.a(fatal.c.obj)
                0x000000000000fd92                z_do_kernel_oops
 .text.z_arm_nmi
                0x000000000000fd9a        0xe spm/zephyr/arch/arch/arm/core/libspm_arch__arm__core.a(nmi.c.obj)
                0x000000000000fd9a                z_arm_nmi
 .text.z_arm_configure_dynamic_mpu_regions
                0x000000000000fda8       0x10 spm/zephyr/arch/arch/arm/core/cortex_m/mpu/libspm_arch__arm__core__cortex_m__mpu.a(arm_core_mpu.c.obj)
                0x000000000000fda8                z_arm_configure_dynamic_mpu_regions
 .text.mpu_configure_region
                0x000000000000fdb8       0x44 spm/zephyr/arch/arch/arm/core/cortex_m/mpu/libspm_arch__arm__core__cortex_m__mpu.a(arm_mpu.c.obj)
 .text.arm_cmse_mpu_region_get
                0x000000000000fdfc       0x12 spm/zephyr/arch/arch/arm/core/cortex_m/cmse/libspm_arch__arm__core__cortex_m__cmse.a(arm_core_cmse.c.obj)
                0x000000000000fdfc                arm_cmse_mpu_region_get
 .text.strcmp   0x000000000000fe0e       0x18 spm/zephyr/lib/libc/minimal/libspm_lib__libc__minimal.a(string.c.obj)
                0x000000000000fe0e                strcmp
 .text.memmove  0x000000000000fe26       0x2e spm/zephyr/lib/libc/minimal/libspm_lib__libc__minimal.a(string.c.obj)
                0x000000000000fe26                memmove
 .text.memcpy   0x000000000000fe54       0x54 spm/zephyr/lib/libc/minimal/libspm_lib__libc__minimal.a(string.c.obj)
                0x000000000000fe54                memcpy
 .text.memset   0x000000000000fea8       0x44 spm/zephyr/lib/libc/minimal/libspm_lib__libc__minimal.a(string.c.obj)
                0x000000000000fea8                memset
 .text._stdout_hook_default
                0x000000000000feec        0x6 spm/zephyr/lib/libc/minimal/libspm_lib__libc__minimal.a(stdout_console.c.obj)
 .text.uarte_nrfx_config_get
                0x000000000000fef2       0x10 spm/zephyr/drivers/serial/libspm_drivers__serial.a(uart_nrfx_uarte.c.obj)
 .text.uarte_nrfx_err_check
                0x000000000000ff02       0x16 spm/zephyr/drivers/serial/libspm_drivers__serial.a(uart_nrfx_uarte.c.obj)
 .text.uarte_nrfx_poll_in
                0x000000000000ff18       0x24 spm/zephyr/drivers/serial/libspm_drivers__serial.a(uart_nrfx_uarte.c.obj)
 .text.uarte_nrfx_poll_out
                0x000000000000ff3c       0x30 spm/zephyr/drivers/serial/libspm_drivers__serial.a(uart_nrfx_uarte.c.obj)
 .text.hw_cc310_init
                0x000000000000ff6c       0x12 spm/zephyr/modules/nrf/drivers/hw_cc310/libspm_..__nrf__drivers__hw_cc310.a(hw_cc310.c.obj)
 .text.arch_system_halt
                0x000000000000ff7e       0x12 spm/zephyr/kernel/libspm_kernel.a(fatal.c.obj)
                0x000000000000ff7e                arch_system_halt
 .text.k_sys_fatal_error_handler
                0x000000000000ff90        0x6 spm/zephyr/kernel/libspm_kernel.a(fatal.c.obj)
                0x000000000000ff90                k_sys_fatal_error_handler
 .text.z_fatal_error
                0x000000000000ff96       0x1e spm/zephyr/kernel/libspm_kernel.a(fatal.c.obj)
                0x000000000000ff96                z_fatal_error
 .text.z_sys_power_save_idle_exit
                0x000000000000ffb4        0x4 spm/zephyr/kernel/libspm_kernel.a(idle.c.obj)
                0x000000000000ffb4                z_sys_power_save_idle_exit
 .text.k_mem_slab_init
                0x000000000000ffb8       0x24 spm/zephyr/kernel/libspm_kernel.a(mem_slab.c.obj)
                0x000000000000ffb8                k_mem_slab_init
 .text.z_impl_k_mutex_init
                0x000000000000ffdc        0xc spm/zephyr/kernel/libspm_kernel.a(mutex.c.obj)
                0x000000000000ffdc                z_impl_k_mutex_init
 .text.z_is_thread_ready
                0x000000000000ffe8       0x12 spm/zephyr/kernel/libspm_kernel.a(sched.c.obj)
 .text.z_unpend_thread_no_timeout
                0x000000000000fffa       0x32 spm/zephyr/kernel/libspm_kernel.a(sched.c.obj)
                0x000000000000fffa                z_unpend_thread_no_timeout
 .text.z_reschedule
                0x000000000001002c       0x16 spm/zephyr/kernel/libspm_kernel.a(sched.c.obj)
                0x000000000001002c                z_reschedule
 .text.z_reschedule_irqlock
                0x0000000000010042       0x18 spm/zephyr/kernel/libspm_kernel.a(sched.c.obj)
                0x0000000000010042                z_reschedule_irqlock
 .text.z_reschedule_unlocked
                0x000000000001005a       0x14 spm/zephyr/kernel/libspm_kernel.a(sched.c.obj)
 .text.z_priq_dumb_best
                0x000000000001006e        0xc spm/zephyr/kernel/libspm_kernel.a(sched.c.obj)
                0x000000000001006e                z_priq_dumb_best
 .text.z_thread_timeout
                0x000000000001007a       0x62 spm/zephyr/kernel/libspm_kernel.a(sched.c.obj)
                0x000000000001007a                z_thread_timeout
 .text.z_unpend_first_thread
                0x00000000000100dc       0x5a spm/zephyr/kernel/libspm_kernel.a(sched.c.obj)
                0x00000000000100dc                z_unpend_first_thread
 .text.z_is_thread_ready
                0x0000000000010136       0x12 spm/zephyr/kernel/libspm_kernel.a(thread.c.obj)
 .text.z_new_thread_init
                0x0000000000010148       0x1e spm/zephyr/kernel/libspm_kernel.a(thread.c.obj)
                0x0000000000010148                z_new_thread_init
 .text.z_thread_single_abort
                0x0000000000010166       0x3e spm/zephyr/kernel/libspm_kernel.a(thread.c.obj)
                0x0000000000010166                z_thread_single_abort
 .text.z_abort_timeout
                0x00000000000101a4       0x2c spm/zephyr/kernel/libspm_kernel.a(timeout.c.obj)
                0x00000000000101a4                z_abort_timeout
 .text.z_get_next_timeout_expiry
                0x00000000000101d0       0x20 spm/zephyr/kernel/libspm_kernel.a(timeout.c.obj)
                0x00000000000101d0                z_get_next_timeout_expiry
 .text.z_set_timeout_expiry
                0x00000000000101f0       0x34 spm/zephyr/kernel/libspm_kernel.a(timeout.c.obj)
                0x00000000000101f0                z_set_timeout_expiry
 .text._OffsetAbsSyms
                0x0000000000010224        0x2 spm/zephyr/CMakeFiles/spm_offsets.dir/arch/arm/core/offsets/offsets.c.obj
                0x0000000000010224                _OffsetAbsSyms
 *(SORT_BY_ALIGNMENT(.gnu.linkonce.t.*))
 *(SORT_BY_ALIGNMENT(.glue_7t))
 .glue_7t       0x0000000000010226        0x0 linker stubs
 *(SORT_BY_ALIGNMENT(.glue_7))
 .glue_7        0x0000000000010226        0x0 linker stubs
 *(SORT_BY_ALIGNMENT(.vfp11_veneer))
 .vfp11_veneer  0x0000000000010226        0x0 linker stubs
 *(SORT_BY_ALIGNMENT(.v4_bx))
 .v4_bx         0x0000000000010226        0x0 linker stubs
                0x0000000000010226                _image_text_end = .

.ARM.exidx      0x0000000000010228        0x8
                0x0000000000010228                __exidx_start = .
 *(SORT_BY_ALIGNMENT(.ARM.exidx*) SORT_BY_ALIGNMENT(gnu.linkonce.armexidx.*))
 .ARM.exidx     0x0000000000010228        0x8 /Users/justin/gnuarmemb/bin/../lib/gcc/arm-none-eabi/8.3.1/thumb/v8-m.main+fp/hard/libgcc.a(_udivmoddi4.o)
                0x0000000000010230                __exidx_end = .
                0x0000000000010230                _image_rodata_start = .

sw_isr_table    0x0000000000010230      0x208
                0x0000000000010230                . = ALIGN (0x0)
 *(SORT_BY_ALIGNMENT(.gnu.linkonce.sw_isr_table))
 .gnu.linkonce.sw_isr_table
                0x0000000000010230      0x208 spm/zephyr/arch/common/libspm_arch__common.a(isr_tables.c.obj)
                0x0000000000010230                _sw_isr_table

app_shmem_regions
                0x0000000000010438        0x0
                0x0000000000010438                __app_shmem_regions_start = .
 *(SORT_BY_NAME(SORT_BY_ALIGNMENT(.app_regions.*)))
                0x0000000000010438                __app_shmem_regions_end = .

devconfig       0x0000000000010438       0x78
                0x0000000000010438                __devconfig_start = .
 *(SORT_BY_ALIGNMENT(.devconfig.*))
 .devconfig.init
                0x0000000000010438        0xc spm/zephyr/libspm_zephyr.a(soc.c.obj)
 .devconfig.init
                0x0000000000010444        0xc spm/zephyr/libspm_zephyr.a(uart_console.c.obj)
 .devconfig.init
                0x0000000000010450       0x18 spm/zephyr/libspm_zephyr.a(nrf_power_clock.c.obj)
 .devconfig.init
                0x0000000000010468        0xc spm/zephyr/libspm_zephyr.a(sys_clock_init.c.obj)
 .devconfig.init
                0x0000000000010474        0xc spm/zephyr/arch/arch/arm/core/cortex_m/mpu/libspm_arch__arm__core__cortex_m__mpu.a(arm_mpu.c.obj)
 .devconfig.init
                0x0000000000010480        0xc spm/zephyr/drivers/serial/libspm_drivers__serial.a(uart_nrfx_uarte.c.obj)
 .devconfig.init
                0x000000000001048c        0xc spm/zephyr/modules/nrf/drivers/hw_cc310/libspm_..__nrf__drivers__hw_cc310.a(hw_cc310.c.obj)
 .devconfig.init
                0x0000000000010498        0xc spm/zephyr/kernel/libspm_kernel.a(mem_slab.c.obj)
 .devconfig.init
                0x00000000000104a4        0xc spm/zephyr/kernel/libspm_kernel.a(mempool.c.obj)
 *(SORT_BY_NAME(SORT_BY_ALIGNMENT(.devconfig*)))
                0x00000000000104b0                __devconfig_end = .

net_l2          0x00000000000104b0        0x0
                0x00000000000104b0                __net_l2_start = .
 *(SORT_BY_ALIGNMENT(.net_l2.init))
 *(SORT_BY_NAME(SORT_BY_ALIGNMENT(.net_l2.init*)))
                0x00000000000104b0                __net_l2_end = .

_bt_channels_area
                0x00000000000104b0        0x0
                0x00000000000104b0                _bt_l2cap_fixed_chan_list_start = .
 *(SORT_BY_NAME(SORT_BY_ALIGNMENT(._bt_l2cap_fixed_chan.static.*)))
                0x00000000000104b0                _bt_l2cap_fixed_chan_list_end = .

_bt_services_area
                0x00000000000104b0        0x0
                0x00000000000104b0                _bt_gatt_service_static_list_start = .
 *(SORT_BY_NAME(SORT_BY_ALIGNMENT(._bt_gatt_service_static.static.*)))
                0x00000000000104b0                _bt_gatt_service_static_list_end = .

log_const_sections
                0x00000000000104b0        0x0
                0x00000000000104b0                __log_const_start = .
 *(SORT_BY_NAME(SORT_BY_ALIGNMENT(.log_const_*)))
                0x00000000000104b0                __log_const_end = .

log_backends_sections
                0x00000000000104b0        0x0
                0x00000000000104b0                __log_backends_start = .
 *(SORT_BY_ALIGNMENT(._log_backend.*))
                0x00000000000104b0                __log_backends_end = .

shell_root_cmds_sections
                0x00000000000104b0        0x0
                0x00000000000104b0                __shell_root_cmds_start = .
 *(SORT_BY_NAME(SORT_BY_ALIGNMENT(.shell_root_cmd_*)))
                0x00000000000104b0                __shell_root_cmds_end = .

font_entry_sections
                0x00000000000104b0        0x0
                0x00000000000104b0                __font_entry_start = .
 *(SORT_BY_NAME(SORT_BY_ALIGNMENT(._cfb_font.*)))
                0x00000000000104b0                __font_entry_end = .

rodata          0x00000000000104b0      0x714
 *(SORT_BY_ALIGNMENT(.rodata))
 .rodata        0x00000000000104b0        0xc spm/zephyr/libspm_zephyr.a(secure_services.c.obj)
 *(SORT_BY_ALIGNMENT(.rodata.*))
 .rodata.mpu_config
                0x00000000000104bc        0x8 spm/zephyr/libspm_zephyr.a(mpu_regions.c.obj)
                0x00000000000104bc                mpu_config
 .rodata.mpu_regions
                0x00000000000104c4       0x20 spm/zephyr/libspm_zephyr.a(mpu_regions.c.obj)
 .rodata.clock_control_api
                0x00000000000104e4       0x14 spm/zephyr/libspm_zephyr.a(nrf_power_clock.c.obj)
 .rodata.hfclk_config
                0x00000000000104f8        0xc spm/zephyr/libspm_zephyr.a(nrf_power_clock.c.obj)
 .rodata.lfclk_config
                0x0000000000010504        0xc spm/zephyr/libspm_zephyr.a(nrf_power_clock.c.obj)
 .rodata.flash_perm.10158
                0x0000000000010510       0x80 spm/zephyr/libspm_zephyr.a(spm.c.obj)
 .rodata.periph.10193
                0x0000000000010590       0xc8 spm/zephyr/libspm_zephyr.a(spm.c.obj)
 .rodata.sram_perm.10167
                0x0000000000010658       0x80 spm/zephyr/libspm_zephyr.a(spm.c.obj)
 .rodata.allowed_offsets
                0x00000000000106d8        0xc spm/zephyr/libspm_zephyr.a(secure_services.c.obj)
 .rodata.apis   0x00000000000106e4        0x8 spm/zephyr/libspm_zephyr.a(nrf_cc310_platform_abort_zephyr.c.obj)
 .rodata.mutex_apis
                0x00000000000106ec       0x10 spm/zephyr/libspm_zephyr.a(nrf_cc310_platform_mutex_zephyr.c.obj)
 .rodata.mutexes
                0x00000000000106fc       0x14 spm/zephyr/libspm_zephyr.a(nrf_cc310_platform_mutex_zephyr.c.obj)
 .rodata.uart_nrfx_uarte_driver_api
                0x0000000000010710       0x14 spm/zephyr/drivers/serial/libspm_drivers__serial.a(uart_nrfx_uarte.c.obj)
 .rodata.uarte_0z_config
                0x0000000000010724        0x8 spm/zephyr/drivers/serial/libspm_drivers__serial.a(uart_nrfx_uarte.c.obj)
 .rodata.config_levels.9871
                0x000000000001072c       0x14 spm/zephyr/kernel/libspm_kernel.a(device.c.obj)
 .rodata._k_neg_eagain
                0x0000000000010740        0x4 spm/zephyr/kernel/libspm_kernel.a(errno.c.obj)
                0x0000000000010740                _k_neg_eagain
 .rodata.CC_PalPowerSaveModeInit.str1.4
                0x0000000000010744       0x20 /Users/justin/Github/FORKS/WIP_interval_cmds/nrfxlib/crypto/nrf_cc310_mbedcrypto/lib/cortex-m33/hard-float/no-interrupts/libnrf_cc310_mbedcrypto_0.9.1.a(cc_pal_pm.c.obj)
 .rodata.CSWTCH.6
                0x0000000000010764       0x1c /Users/justin/Github/FORKS/WIP_interval_cmds/nrfxlib/crypto/nrf_cc310_platform/lib/cortex-m33/hard-float/no-interrupts/libnrf_cc310_platform_0.9.1.a(nrf_cc310_platform.c.obj)
 .rodata.mutex_init.str1.4
                0x0000000000010780       0x23 /Users/justin/Github/FORKS/WIP_interval_cmds/nrfxlib/crypto/nrf_cc310_platform/lib/cortex-m33/hard-float/no-interrupts/libnrf_cc310_platform_0.9.1.a(nrf_cc310_platform_mutex.c.obj)
 *fill*         0x00000000000107a3        0x1 
 .rodata.mutex_unlock.str1.4
                0x00000000000107a4       0x1f /Users/justin/Github/FORKS/WIP_interval_cmds/nrfxlib/crypto/nrf_cc310_platform/lib/cortex-m33/hard-float/no-interrupts/libnrf_cc310_platform_0.9.1.a(nrf_cc310_platform_mutex.c.obj)
 *fill*         0x00000000000107c3        0x1 
 .rodata.CC_LibInitRngModule.str1.4
                0x00000000000107c4       0x70 /Users/justin/Github/FORKS/WIP_interval_cmds/nrfxlib/crypto/nrf_cc310_platform/lib/cortex-m33/hard-float/no-interrupts/libnrf_cc310_platform_0.9.1.a(cc_lib.c.obj)
                                         0x6d (size before relaxing)
 .rodata.LLF_RND_GetTrngSource.str1.4
                0x0000000000010834       0x6f /Users/justin/Github/FORKS/WIP_interval_cmds/nrfxlib/crypto/nrf_cc310_platform/lib/cortex-m33/hard-float/no-interrupts/libnrf_cc310_platform_0.9.1.a(llf_rnd_trng90b.c.obj)
 .rodata.str1.1
                0x0000000000010834        0x0 spm/zephyr/libspm_zephyr.a(soc.c.obj)
                                          0x1 (size before relaxing)
 .rodata.str1.1
                0x0000000000010834        0xf spm/zephyr/libspm_zephyr.a(mpu_regions.c.obj)
 .rodata.str1.1
                0x0000000000010843        0x1 spm/zephyr/libspm_zephyr.a(uart_console.c.obj)
 .rodata.uart_console_init.str1.1
                0x0000000000010843        0x7 spm/zephyr/libspm_zephyr.a(uart_console.c.obj)
 .rodata.str1.1
                0x000000000001084a       0x14 spm/zephyr/libspm_zephyr.a(nrf_power_clock.c.obj)
 .rodata.str1.1
                0x000000000001085e        0xa spm/zephyr/libspm_zephyr.a(sys_clock_init.c.obj)
 .rodata.z_clock_driver_init.str1.1
                0x0000000000010868        0xa spm/zephyr/libspm_zephyr.a(nrf_rtc_timer.c.obj)
 .rodata.spm_config.str1.1
                0x0000000000010868      0x144 spm/zephyr/libspm_zephyr.a(spm.c.obj)
                                        0x151 (size before relaxing)
 .rodata.spm_jump.str1.1
                0x00000000000109ac       0x75 spm/zephyr/libspm_zephyr.a(spm.c.obj)
 .rodata.str1.1
                0x0000000000010a21       0xf3 spm/zephyr/libspm_zephyr.a(spm.c.obj)
 .rodata.mutex_free.str1.1
                0x0000000000010b14       0x26 spm/zephyr/libspm_zephyr.a(nrf_cc310_platform_mutex_zephyr.c.obj)
 .rodata.mutex_init.str1.1
                0x0000000000010b3a       0x2d spm/zephyr/libspm_zephyr.a(nrf_cc310_platform_mutex_zephyr.c.obj)
 .rodata.str1.1
                0x0000000000010b67        0x1 spm/zephyr/arch/arch/arm/core/cortex_m/mpu/libspm_arch__arm__core__cortex_m__mpu.a(arm_mpu.c.obj)
 .rodata.str1.1
                0x0000000000010b67        0x7 spm/zephyr/drivers/serial/libspm_drivers__serial.a(uart_nrfx_uarte.c.obj)
 .rodata.str1.1
                0x0000000000010b67        0xb spm/zephyr/modules/nrf/drivers/hw_cc310/libspm_..__nrf__drivers__hw_cc310.a(hw_cc310.c.obj)
 .rodata.bg_thread_main.str1.1
                0x0000000000010b72       0x48 spm/zephyr/kernel/libspm_kernel.a(init.c.obj)
 .rodata.z_cstart.str1.1
                0x0000000000010bba        0xa spm/zephyr/kernel/libspm_kernel.a(init.c.obj)
 .rodata.str1.1
                0x0000000000010bc4        0x1 spm/zephyr/kernel/libspm_kernel.a(mem_slab.c.obj)
 .rodata.str1.1
                0x0000000000010bc4        0x1 spm/zephyr/kernel/libspm_kernel.a(mempool.c.obj)
 *(SORT_BY_ALIGNMENT(.gnu.linkonce.r.*))
                0x0000000000010bc8                . = ALIGN (0x4)
                0x0000000000010bc4                _ext_abis_start = .
 *(SORT_BY_ALIGNMENT(.ext_abis))
                0x0000000000000000                _ext_abis_size = ABSOLUTE (((. - _ext_abis_start) / 0x4))
                0x0000000000010bc8                . = ALIGN (0x4)
                0x0000000000010bc4                _image_rodata_end = .
                0x0000000000010be0                . = ALIGN (_region_min_align)
                0x0000000000010be0                _image_rom_end = .
                0x0000000020000000                . = 0x20000000
                0x0000000020000000                . = ALIGN (_region_min_align)
                0x0000000020000000                _image_ram_start = .

.ramfunc        0x0000000020000000        0x0 load address 0x0000000000010bc4
                0x0000000020000000                . = ALIGN (_region_min_align)
                0x0000000020000000                _ramfunc_ram_start = .
 *(SORT_BY_ALIGNMENT(.ramfunc))
 *(SORT_BY_ALIGNMENT(.ramfunc.*))
                0x0000000020000000                . = ALIGN (_region_min_align)
                0x0000000020000000                _ramfunc_ram_end = .
                0x0000000000000000                _ramfunc_ram_size = (_ramfunc_ram_end - _ramfunc_ram_start)
                0x0000000000010bc4                _ramfunc_rom_start = LOADADDR (.ramfunc)

bss             0x0000000020000000      0x68d
                0x0000000020000000                . = ALIGN (0x4)
                0x0000000020000000                __bss_start = .
                0x0000000020000000                __kernel_ram_start = .
 *(SORT_BY_ALIGNMENT(.bss))
 *(SORT_BY_ALIGNMENT(.bss.*))
 .bss.curr_tick
                0x0000000020000000        0x8 spm/zephyr/kernel/libspm_kernel.a(timeout.c.obj)
 .bss.uart_console_dev
                0x0000000020000008        0x4 spm/zephyr/libspm_zephyr.a(uart_console.c.obj)
 .bss.hfclk     0x000000002000000c        0xc spm/zephyr/libspm_zephyr.a(nrf_power_clock.c.obj)
 .bss.lfclk     0x0000000020000018        0xc spm/zephyr/libspm_zephyr.a(nrf_power_clock.c.obj)
 .bss.last_count
                0x0000000020000024        0x4 spm/zephyr/libspm_zephyr.a(nrf_rtc_timer.c.obj)
 .bss.mutex_slab
                0x0000000020000028       0x1c spm/zephyr/libspm_zephyr.a(nrf_cc310_platform_mutex_zephyr.c.obj)
                0x0000000020000028                mutex_slab
 .bss.mutex_slab_buffer
                0x0000000020000044      0x500 spm/zephyr/libspm_zephyr.a(nrf_cc310_platform_mutex_zephyr.c.obj)
                0x0000000020000044                mutex_slab_buffer
 .bss.dyn_reg_info
                0x0000000020000544       0x14 spm/zephyr/arch/arch/arm/core/cortex_m/mpu/libspm_arch__arm__core__cortex_m__mpu.a(arm_mpu.c.obj)
 .bss.z_idle_thread
                0x0000000020000558       0x6c spm/zephyr/kernel/libspm_kernel.a(init.c.obj)
                0x0000000020000558                z_idle_thread
 .bss.z_main_thread
                0x00000000200005c4       0x6c spm/zephyr/kernel/libspm_kernel.a(init.c.obj)
                0x00000000200005c4                z_main_thread
 .bss._kernel   0x0000000020000630       0x30 spm/zephyr/kernel/libspm_kernel.a(sched.c.obj)
                0x0000000020000630                _kernel
 .bss.pending_current
                0x0000000020000660        0x4 spm/zephyr/kernel/libspm_kernel.a(sched.c.obj)
 .bss.slice_max_prio
                0x0000000020000664        0x4 spm/zephyr/kernel/libspm_kernel.a(sched.c.obj)
 .bss.slice_time
                0x0000000020000668        0x4 spm/zephyr/kernel/libspm_kernel.a(sched.c.obj)
 .bss.announce_remaining
                0x000000002000066c        0x4 spm/zephyr/kernel/libspm_kernel.a(timeout.c.obj)
 .bss.use_count
                0x0000000020000670        0x4 /Users/justin/Github/FORKS/WIP_interval_cmds/nrfxlib/crypto/nrf_cc310_mbedcrypto/lib/cortex-m33/hard-float/no-interrupts/libnrf_cc310_mbedcrypto_0.9.1.a(cc_pal_pm.c.obj)
 .bss.nrf_cc310_platform_initialized
                0x0000000020000674        0x4 /Users/justin/Github/FORKS/WIP_interval_cmds/nrfxlib/crypto/nrf_cc310_platform/lib/cortex-m33/hard-float/no-interrupts/libnrf_cc310_platform_0.9.1.a(nrf_cc310_platform.c.obj)
 .bss.nrf_cc310_platform_rng_initialized
                0x0000000020000678        0x4 /Users/justin/Github/FORKS/WIP_interval_cmds/nrfxlib/crypto/nrf_cc310_platform/lib/cortex-m33/hard-float/no-interrupts/libnrf_cc310_platform_0.9.1.a(nrf_cc310_platform.c.obj)
 .bss.asym_mutex
                0x000000002000067c        0x4 /Users/justin/Github/FORKS/WIP_interval_cmds/nrfxlib/crypto/nrf_cc310_platform/lib/cortex-m33/hard-float/no-interrupts/libnrf_cc310_platform_0.9.1.a(nrf_cc310_platform_mutex.c.obj)
 .bss.power_mutex
                0x0000000020000680        0x4 /Users/justin/Github/FORKS/WIP_interval_cmds/nrfxlib/crypto/nrf_cc310_platform/lib/cortex-m33/hard-float/no-interrupts/libnrf_cc310_platform_0.9.1.a(nrf_cc310_platform_mutex.c.obj)
 .bss.rng_mutex
                0x0000000020000684        0x4 /Users/justin/Github/FORKS/WIP_interval_cmds/nrfxlib/crypto/nrf_cc310_platform/lib/cortex-m33/hard-float/no-interrupts/libnrf_cc310_platform_0.9.1.a(nrf_cc310_platform_mutex.c.obj)
 .bss.sym_mutex
                0x0000000020000688        0x4 /Users/justin/Github/FORKS/WIP_interval_cmds/nrfxlib/crypto/nrf_cc310_platform/lib/cortex-m33/hard-float/no-interrupts/libnrf_cc310_platform_0.9.1.a(nrf_cc310_platform_mutex.c.obj)
 .bss.static_regions_num
                0x000000002000068c        0x1 spm/zephyr/arch/arch/arm/core/cortex_m/mpu/libspm_arch__arm__core__cortex_m__mpu.a(arm_mpu.c.obj)
 .bss.lock      0x000000002000068d        0x0 spm/zephyr/kernel/libspm_kernel.a(mem_slab.c.obj)
 .bss.lock      0x000000002000068d        0x0 spm/zephyr/kernel/libspm_kernel.a(mutex.c.obj)
 .bss.lock      0x000000002000068d        0x0 spm/zephyr/kernel/libspm_kernel.a(thread.c.obj)
 *(SORT_BY_ALIGNMENT(COMMON))
 *(SORT_BY_ALIGNMENT(.kernel_bss.*))
                0x0000000020000690                __bss_end = ALIGN (0x4)

noinit          0x0000000020000690      0xd44
 *(SORT_BY_ALIGNMENT(.noinit))
 *(SORT_BY_ALIGNMENT(.noinit.*))
 .noinit."ZEPHYR_BASE/kernel/init.c".3
                0x0000000020000690      0x400 spm/zephyr/kernel/libspm_kernel.a(init.c.obj)
                0x0000000020000690                z_main_stack
 .noinit."ZEPHYR_BASE/kernel/init.c".4
                0x0000000020000a90      0x140 spm/zephyr/kernel/libspm_kernel.a(init.c.obj)
                0x0000000020000a90                z_idle_stack
 .noinit."ZEPHYR_BASE/kernel/init.c".5
                0x0000000020000bd0      0x800 spm/zephyr/kernel/libspm_kernel.a(init.c.obj)
                0x0000000020000bd0                _interrupt_stack
 .noinit."/Users/justin/Github/FORKS/WIP_interval_cmds/nrf/subsys/fw_info/fw_info.c".0
                0x00000000200013d0        0x4 spm/zephyr/modules/nrf/subsys/fw_info/libspm_..__nrf__subsys__fw_info.a(fw_info.c.obj)
                0x00000000200013d0                abi_getter_in
 *(SORT_BY_ALIGNMENT(.kernel_noinit.*))

datas           0x00000000200013d4       0x80 load address 0x0000000000010bc4
                0x00000000200013d4                __data_ram_start = .
 *(SORT_BY_ALIGNMENT(.data))
 *(SORT_BY_ALIGNMENT(.data.*))
 .data._char_out
                0x00000000200013d4        0x4 spm/zephyr/libspm_zephyr.a(printk.c.obj)
                0x00000000200013d4                _char_out
 .data.asym_mutex
                0x00000000200013d8        0x8 spm/zephyr/libspm_zephyr.a(nrf_cc310_platform_mutex_zephyr.c.obj)
                0x00000000200013d8                asym_mutex
 .data.power_mutex
                0x00000000200013e0        0x8 spm/zephyr/libspm_zephyr.a(nrf_cc310_platform_mutex_zephyr.c.obj)
                0x00000000200013e0                power_mutex
 .data.rng_mutex
                0x00000000200013e8        0x8 spm/zephyr/libspm_zephyr.a(nrf_cc310_platform_mutex_zephyr.c.obj)
                0x00000000200013e8                rng_mutex
 .data.sym_mutex
                0x00000000200013f0        0x8 spm/zephyr/libspm_zephyr.a(nrf_cc310_platform_mutex_zephyr.c.obj)
                0x00000000200013f0                sym_mutex
 .data._stdout_hook
                0x00000000200013f8        0x4 spm/zephyr/lib/libc/minimal/libspm_lib__libc__minimal.a(stdout_console.c.obj)
 .data.uarte_0_data
                0x00000000200013fc        0xc spm/zephyr/drivers/serial/libspm_drivers__serial.a(uart_nrfx_uarte.c.obj)
 .data.SystemCoreClock
                0x0000000020001408        0x4 spm/zephyr/modules/nordic/libspm_..__modules__hal__nordic.a(system_nrf9160.c.obj)
                0x0000000020001408                SystemCoreClock
 .data.timeout_list
                0x000000002000140c        0x8 spm/zephyr/kernel/libspm_kernel.a(timeout.c.obj)
 .data.CCAsymCryptoMutex
                0x0000000020001414        0x4 /Users/justin/Github/FORKS/WIP_interval_cmds/nrfxlib/crypto/nrf_cc310_mbedcrypto/lib/cortex-m33/hard-float/no-interrupts/libnrf_cc310_mbedcrypto_0.9.1.a(cc_pal.c.obj)
                0x0000000020001414                CCAsymCryptoMutex
 .data.CCPowerMutex
                0x0000000020001418        0x4 /Users/justin/Github/FORKS/WIP_interval_cmds/nrfxlib/crypto/nrf_cc310_mbedcrypto/lib/cortex-m33/hard-float/no-interrupts/libnrf_cc310_mbedcrypto_0.9.1.a(cc_pal.c.obj)
                0x0000000020001418                CCPowerMutex
 .data.CCRndCryptoMutex
                0x000000002000141c        0x4 /Users/justin/Github/FORKS/WIP_interval_cmds/nrfxlib/crypto/nrf_cc310_mbedcrypto/lib/cortex-m33/hard-float/no-interrupts/libnrf_cc310_mbedcrypto_0.9.1.a(cc_pal.c.obj)
                0x000000002000141c                CCRndCryptoMutex
 .data.CCSymCryptoMutex
                0x0000000020001420        0x4 /Users/justin/Github/FORKS/WIP_interval_cmds/nrfxlib/crypto/nrf_cc310_mbedcrypto/lib/cortex-m33/hard-float/no-interrupts/libnrf_cc310_mbedcrypto_0.9.1.a(cc_pal.c.obj)
                0x0000000020001420                CCSymCryptoMutex
 .data.pCCRndCryptoMutex
                0x0000000020001424        0x4 /Users/justin/Github/FORKS/WIP_interval_cmds/nrfxlib/crypto/nrf_cc310_mbedcrypto/lib/cortex-m33/hard-float/no-interrupts/libnrf_cc310_mbedcrypto_0.9.1.a(cc_pal.c.obj)
                0x0000000020001424                pCCRndCryptoMutex
 .data.platform_abort_apis
                0x0000000020001428        0x8 /Users/justin/Github/FORKS/WIP_interval_cmds/nrfxlib/crypto/nrf_cc310_platform/lib/cortex-m33/hard-float/no-interrupts/libnrf_cc310_platform_0.9.1.a(nrf_cc310_platform_abort.c.obj)
                0x0000000020001428                platform_abort_apis
 .data.platform_mutex_apis
                0x0000000020001430       0x10 /Users/justin/Github/FORKS/WIP_interval_cmds/nrfxlib/crypto/nrf_cc310_platform/lib/cortex-m33/hard-float/no-interrupts/libnrf_cc310_platform_0.9.1.a(nrf_cc310_platform_mutex.c.obj)
                0x0000000020001430                platform_mutex_apis
 .data.platform_mutexes
                0x0000000020001440       0x14 /Users/justin/Github/FORKS/WIP_interval_cmds/nrfxlib/crypto/nrf_cc310_platform/lib/cortex-m33/hard-float/no-interrupts/libnrf_cc310_platform_0.9.1.a(nrf_cc310_platform_mutex.c.obj)
                0x0000000020001440                platform_mutexes
 *(SORT_BY_ALIGNMENT(.kernel.*))
                0x0000000000010bc4                __data_rom_start = LOADADDR (datas)

initlevel       0x0000000020001454       0x78 load address 0x0000000000010c44
                0x0000000020001454                __device_init_start = .
                0x0000000020001454                __device_PRE_KERNEL_1_start = .
 *(SORT_BY_NAME(SORT_BY_ALIGNMENT(.init_PRE_KERNEL_1[0-9])))
 .init_PRE_KERNEL_10
                0x0000000020001454        0xc spm/zephyr/libspm_zephyr.a(soc.c.obj)
 *(SORT_BY_NAME(SORT_BY_ALIGNMENT(.init_PRE_KERNEL_1[1-9][0-9])))
 .init_PRE_KERNEL_130
                0x0000000020001460        0xc spm/zephyr/kernel/libspm_kernel.a(mem_slab.c.obj)
 .init_PRE_KERNEL_130
                0x000000002000146c        0xc spm/zephyr/kernel/libspm_kernel.a(mempool.c.obj)
 .init_PRE_KERNEL_140
                0x0000000020001478        0xc spm/zephyr/arch/arch/arm/core/cortex_m/mpu/libspm_arch__arm__core__cortex_m__mpu.a(arm_mpu.c.obj)
 .init_PRE_KERNEL_150
                0x0000000020001484       0x18 spm/zephyr/libspm_zephyr.a(nrf_power_clock.c.obj)
 .init_PRE_KERNEL_150
                0x000000002000149c        0xc spm/zephyr/drivers/serial/libspm_drivers__serial.a(uart_nrfx_uarte.c.obj)
 .init_PRE_KERNEL_160
                0x00000000200014a8        0xc spm/zephyr/libspm_zephyr.a(uart_console.c.obj)
                0x00000000200014b4                __device_PRE_KERNEL_2_start = .
 *(SORT_BY_NAME(SORT_BY_ALIGNMENT(.init_PRE_KERNEL_2[0-9])))
 .init_PRE_KERNEL_20
                0x00000000200014b4        0xc spm/zephyr/libspm_zephyr.a(sys_clock_init.c.obj)
 *(SORT_BY_NAME(SORT_BY_ALIGNMENT(.init_PRE_KERNEL_2[1-9][0-9])))
                0x00000000200014c0                __device_POST_KERNEL_start = .
 *(SORT_BY_NAME(SORT_BY_ALIGNMENT(.init_POST_KERNEL[0-9])))
 *(SORT_BY_NAME(SORT_BY_ALIGNMENT(.init_POST_KERNEL[1-9][0-9])))
 .init_POST_KERNEL40
                0x00000000200014c0        0xc spm/zephyr/modules/nrf/drivers/hw_cc310/libspm_..__nrf__drivers__hw_cc310.a(hw_cc310.c.obj)
                0x00000000200014cc                __device_APPLICATION_start = .
 *(SORT_BY_NAME(SORT_BY_ALIGNMENT(.init_APPLICATION[0-9])))
 *(SORT_BY_NAME(SORT_BY_ALIGNMENT(.init_APPLICATION[1-9][0-9])))
                0x00000000200014cc                __device_init_end = .

initlevel_error
                0x0000000020001454        0x0
 *(SORT_BY_NAME(SORT_BY_ALIGNMENT(.init_[_A-Z0-9]*)))
                0x0000000000000001                ASSERT ((SIZEOF (initlevel_error) == 0x0), Undefined initialization levels used.)

initshell       0x00000000200014cc        0x0 load address 0x0000000000010cbc
                0x00000000200014cc                __shell_module_start = .
 *(SORT_BY_ALIGNMENT(.shell_module_*))
                0x00000000200014cc                __shell_module_end = .
                0x00000000200014cc                __shell_cmd_start = .
 *(SORT_BY_ALIGNMENT(.shell_cmd_*))
                0x00000000200014cc                __shell_cmd_end = .

log_dynamic_sections
                0x00000000200014cc        0x0 load address 0x0000000000010cbc
                0x00000000200014cc                __log_dynamic_start = .
 *(SORT_BY_NAME(SORT_BY_ALIGNMENT(.log_dynamic_*)))
                0x00000000200014cc                __log_dynamic_end = .

_static_thread_area
                0x00000000200014cc        0x0 load address 0x0000000000010cbc
                0x00000000200014cc                __static_thread_data_list_start = .
 *(SORT_BY_NAME(SORT_BY_ALIGNMENT(.__static_thread_data.static.*)))
                0x00000000200014cc                __static_thread_data_list_end = .

_k_timer_area   0x00000000200014cc        0x0 load address 0x0000000000010cbc
                0x00000000200014cc                _k_timer_list_start = .
 *(SORT_BY_ALIGNMENT(._k_timer.static.*))
                0x00000000200014cc                _k_timer_list_end = .

_k_mem_slab_area
                0x00000000200014cc        0x0 load address 0x0000000000010cbc
                0x00000000200014cc                _k_mem_slab_list_start = .
 *(SORT_BY_ALIGNMENT(._k_mem_slab.static.*))
                0x00000000200014cc                _k_mem_slab_list_end = .

_k_mem_pool_area
                0x00000000200014cc        0x0 load address 0x0000000000010cbc
                0x00000000200014cc                _k_mem_pool_list_start = .
 *(SORT_BY_ALIGNMENT(._k_mem_pool.static.*))
                0x00000000200014cc                _k_mem_pool_list_end = .

_k_sem_area     0x00000000200014cc        0x0 load address 0x0000000000010cbc
                0x00000000200014cc                _k_sem_list_start = .
 *(SORT_BY_ALIGNMENT(._k_sem.static.*))
 *(SORT_BY_ALIGNMENT(._sys_sem.static.*))
                0x00000000200014cc                _k_sem_list_end = .

_k_mutex_area   0x00000000200014cc       0x64 load address 0x0000000000010cbc
                0x00000000200014cc                _k_mutex_list_start = .
 *(SORT_BY_ALIGNMENT(._k_mutex.static.*))
 ._k_mutex.static.fdtable_lock
                0x00000000200014cc       0x14 spm/zephyr/libspm_zephyr.a(fdtable.c.obj)
 ._k_mutex.static.asym_mutex_int
                0x00000000200014e0       0x14 spm/zephyr/libspm_zephyr.a(nrf_cc310_platform_mutex_zephyr.c.obj)
                0x00000000200014e0                asym_mutex_int
 ._k_mutex.static.power_mutex_int
                0x00000000200014f4       0x14 spm/zephyr/libspm_zephyr.a(nrf_cc310_platform_mutex_zephyr.c.obj)
                0x00000000200014f4                power_mutex_int
 ._k_mutex.static.rng_mutex_int
                0x0000000020001508       0x14 spm/zephyr/libspm_zephyr.a(nrf_cc310_platform_mutex_zephyr.c.obj)
                0x0000000020001508                rng_mutex_int
 ._k_mutex.static.sym_mutex_int
                0x000000002000151c       0x14 spm/zephyr/libspm_zephyr.a(nrf_cc310_platform_mutex_zephyr.c.obj)
                0x000000002000151c                sym_mutex_int
                0x0000000020001530                _k_mutex_list_end = .

_k_queue_area   0x0000000020001530        0x0 load address 0x0000000000010d20
                0x0000000020001530                _k_queue_list_start = .
 *(SORT_BY_ALIGNMENT(._k_queue.static.*))
 *(SORT_BY_ALIGNMENT(._k_fifo.static.*))
 *(SORT_BY_ALIGNMENT(._k_lifo.static.*))
                0x0000000020001530                _k_queue_list_end = .

_k_stack_area   0x0000000020001530        0x0 load address 0x0000000000010d20
                0x0000000020001530                _k_stack_list_start = .
 *(SORT_BY_ALIGNMENT(._k_stack.static.*))
                0x0000000020001530                _k_stack_list_end = .

_k_msgq_area    0x0000000020001530        0x0 load address 0x0000000000010d20
                0x0000000020001530                _k_msgq_list_start = .
 *(SORT_BY_ALIGNMENT(._k_msgq.static.*))
                0x0000000020001530                _k_msgq_list_end = .

_k_mbox_area    0x0000000020001530        0x0 load address 0x0000000000010d20
                0x0000000020001530                _k_mbox_list_start = .
 *(SORT_BY_ALIGNMENT(._k_mbox.static.*))
                0x0000000020001530                _k_mbox_list_end = .

_k_pipe_area    0x0000000020001530        0x0 load address 0x0000000000010d20
                0x0000000020001530                _k_pipe_list_start = .
 *(SORT_BY_ALIGNMENT(._k_pipe.static.*))
                0x0000000020001530                _k_pipe_list_end = .

_net_buf_pool_area
                0x0000000020001530        0x0 load address 0x0000000000010d20
                0x0000000020001530                _net_buf_pool_list = .
 *(SORT_BY_NAME(SORT_BY_ALIGNMENT(._net_buf_pool.static.*)))

net_if          0x0000000020001530        0x0 load address 0x0000000000010d20
                0x0000000020001530                __net_if_start = .
 *(SORT_BY_ALIGNMENT(.net_if.*))
 *(SORT_BY_NAME(SORT_BY_ALIGNMENT(.net_if.*)))
                0x0000000020001530                __net_if_end = .

net_if_dev      0x0000000020001530        0x0 load address 0x0000000000010d20
                0x0000000020001530                __net_if_dev_start = .
 *(SORT_BY_ALIGNMENT(.net_if_dev.*))
 *(SORT_BY_NAME(SORT_BY_ALIGNMENT(.net_if_dev.*)))
                0x0000000020001530                __net_if_dev_end = .

net_l2_data     0x0000000020001530        0x0 load address 0x0000000000010d20
                0x0000000020001530                __net_l2_data_start = .
 *(SORT_BY_ALIGNMENT(.net_l2.data))
 *(SORT_BY_NAME(SORT_BY_ALIGNMENT(.net_l2.data*)))
                0x0000000020001530                __net_l2_data_end = .

priv_stacks_noinit
                0x0000000020001530        0x0 load address 0x0000000000010d20
                0x0000000020001530                z_priv_stacks_ram_start = .
 *(SORT_BY_ALIGNMENT(.priv_stacks.noinit))
                0x0000000020001530                z_priv_stacks_ram_end = .
                0x0000000020001530                __data_ram_end = .
                0x0000000020001530                _image_ram_end = .
                0x0000000020001530                _end = .
                0x0000000020010000                __kernel_ram_end = 0x20010000
                0x0000000000010000                __kernel_ram_size = (__kernel_ram_end - __kernel_ram_start)

.intList        0x0000000020010000       0x28
 *(SORT_BY_ALIGNMENT(.irq_info))
 .irq_info      0x0000000020010000        0x8 spm/zephyr/arch/common/libspm_arch__common.a(isr_tables.c.obj)
                0x0000000020010000                _iheader
 *(SORT_BY_ALIGNMENT(.intList))
 .intList       0x0000000020010008       0x10 spm/zephyr/libspm_zephyr.a(nrf_power_clock.c.obj)
 .intList       0x0000000020010018       0x10 spm/zephyr/libspm_zephyr.a(nrf_rtc_timer.c.obj)
                0x0000000000000001                ASSERT (((((_image_rom_start + _flash_used) - 0x1) / 0x8000) < 0x3), SPM and app are sharing an SPU region. Cannot partition flash correctly into secure and non-secure. Adjust partitions sizes so they are placed in separate regions.)

.stab
 *(SORT_BY_ALIGNMENT(.stab))

.stabstr
 *(SORT_BY_ALIGNMENT(.stabstr))

.stab.excl
 *(SORT_BY_ALIGNMENT(.stab.excl))

.stab.exclstr
 *(SORT_BY_ALIGNMENT(.stab.exclstr))

.stab.index
 *(SORT_BY_ALIGNMENT(.stab.index))

.stab.indexstr
 *(SORT_BY_ALIGNMENT(.stab.indexstr))

.gnu.build.attributes
 *(SORT_BY_ALIGNMENT(.gnu.build.attributes) SORT_BY_ALIGNMENT(.gnu.build.attributes.*))

.comment        0x0000000000000000       0xf5
 *(SORT_BY_ALIGNMENT(.comment))
 .comment       0x0000000000000000       0x76 spm/spm_app/libspm_app.a(main.c.obj)
                                         0x77 (size before relaxing)
 .comment       0x0000000000000076       0x77 spm/zephyr/libspm_zephyr.a(fdtable.c.obj)
 .comment       0x0000000000000076       0x77 spm/zephyr/libspm_zephyr.a(mempool.c.obj)
 .comment       0x0000000000000076       0x77 spm/zephyr/libspm_zephyr.a(thread_entry.c.obj)
 .comment       0x0000000000000076       0x77 spm/zephyr/libspm_zephyr.a(printk.c.obj)
 .comment       0x0000000000000076       0x77 spm/zephyr/libspm_zephyr.a(configs.c.obj)
 .comment       0x0000000000000076       0x77 spm/zephyr/libspm_zephyr.a(soc.c.obj)
 .comment       0x0000000000000076       0x77 spm/zephyr/libspm_zephyr.a(mpu_regions.c.obj)
 .comment       0x0000000000000076       0x77 spm/zephyr/libspm_zephyr.a(uart_console.c.obj)
 .comment       0x0000000000000076       0x77 spm/zephyr/libspm_zephyr.a(nrf_power_clock.c.obj)
 .comment       0x0000000000000076       0x77 spm/zephyr/libspm_zephyr.a(sys_clock_init.c.obj)
 .comment       0x0000000000000076       0x77 spm/zephyr/libspm_zephyr.a(nrf_rtc_timer.c.obj)
 .comment       0x0000000000000076       0x77 spm/zephyr/libspm_zephyr.a(spm.c.obj)
 .comment       0x0000000000000076       0x77 spm/zephyr/libspm_zephyr.a(secure_services.c.obj)
 .comment       0x0000000000000076       0x77 spm/zephyr/libspm_zephyr.a(nrf_cc310_platform_abort_zephyr.c.obj)
 .comment       0x0000000000000076       0x77 spm/zephyr/libspm_zephyr.a(nrf_cc310_platform_mutex_zephyr.c.obj)
 .comment       0x0000000000000076       0x77 spm/zephyr/arch/common/libspm_arch__common.a(isr_tables.c.obj)
 .comment       0x0000000000000076       0x77 spm/zephyr/arch/arch/arm/core/libspm_arch__arm__core.a(swap.c.obj)
 .comment       0x0000000000000076       0x77 spm/zephyr/arch/arch/arm/core/libspm_arch__arm__core.a(irq_manage.c.obj)
 .comment       0x0000000000000076       0x77 spm/zephyr/arch/arch/arm/core/libspm_arch__arm__core.a(thread.c.obj)
 .comment       0x0000000000000076       0x77 spm/zephyr/arch/arch/arm/core/libspm_arch__arm__core.a(fatal.c.obj)
 .comment       0x0000000000000076       0x77 spm/zephyr/arch/arch/arm/core/libspm_arch__arm__core.a(nmi.c.obj)
 .comment       0x0000000000000076       0x77 spm/zephyr/arch/arch/arm/core/libspm_arch__arm__core.a(prep_c.c.obj)
 .comment       0x0000000000000076       0x77 spm/zephyr/arch/arch/arm/core/cortex_m/libspm_arch__arm__core__cortex_m.a(fault.c.obj)
 .comment       0x0000000000000076       0x77 spm/zephyr/arch/arch/arm/core/cortex_m/libspm_arch__arm__core__cortex_m.a(irq_init.c.obj)
 .comment       0x0000000000000076       0x77 spm/zephyr/arch/arch/arm/core/cortex_m/libspm_arch__arm__core__cortex_m.a(thread_abort.c.obj)
 .comment       0x0000000000000076       0x77 spm/zephyr/arch/arch/arm/core/cortex_m/mpu/libspm_arch__arm__core__cortex_m__mpu.a(arm_core_mpu.c.obj)
 .comment       0x0000000000000076       0x77 spm/zephyr/arch/arch/arm/core/cortex_m/mpu/libspm_arch__arm__core__cortex_m__mpu.a(arm_mpu.c.obj)
 .comment       0x0000000000000076       0x77 spm/zephyr/arch/arch/arm/core/cortex_m/cmse/libspm_arch__arm__core__cortex_m__cmse.a(arm_core_cmse.c.obj)
 .comment       0x0000000000000076       0x77 spm/zephyr/arch/arch/arm/core/cortex_m/tz/libspm_arch__arm__core__cortex_m__tz.a(arm_core_tz.c.obj)
 .comment       0x0000000000000076       0x77 spm/zephyr/lib/libc/minimal/libspm_lib__libc__minimal.a(string.c.obj)
 .comment       0x0000000000000076       0x77 spm/zephyr/lib/libc/minimal/libspm_lib__libc__minimal.a(stdout_console.c.obj)
 .comment       0x0000000000000076       0x77 spm/zephyr/drivers/serial/libspm_drivers__serial.a(uart_nrfx_uarte.c.obj)
 .comment       0x0000000000000076       0x77 spm/zephyr/modules/nrf/subsys/fw_info/libspm_..__nrf__subsys__fw_info.a(fw_info.c.obj)
 .comment       0x0000000000000076       0x77 spm/zephyr/modules/nrf/drivers/hw_cc310/libspm_..__nrf__drivers__hw_cc310.a(hw_cc310.c.obj)
 .comment       0x0000000000000076       0x77 spm/zephyr/modules/nordic/libspm_..__modules__hal__nordic.a(system_nrf9160.c.obj)
 .comment       0x0000000000000076       0x77 spm/zephyr/kernel/libspm_kernel.a(device.c.obj)
 .comment       0x0000000000000076       0x77 spm/zephyr/kernel/libspm_kernel.a(errno.c.obj)
 .comment       0x0000000000000076       0x77 spm/zephyr/kernel/libspm_kernel.a(fatal.c.obj)
 .comment       0x0000000000000076       0x77 spm/zephyr/kernel/libspm_kernel.a(idle.c.obj)
 .comment       0x0000000000000076       0x77 spm/zephyr/kernel/libspm_kernel.a(init.c.obj)
 .comment       0x0000000000000076       0x77 spm/zephyr/kernel/libspm_kernel.a(mem_slab.c.obj)
 .comment       0x0000000000000076       0x77 spm/zephyr/kernel/libspm_kernel.a(mutex.c.obj)
 .comment       0x0000000000000076       0x77 spm/zephyr/kernel/libspm_kernel.a(sched.c.obj)
 .comment       0x0000000000000076       0x77 spm/zephyr/kernel/libspm_kernel.a(thread.c.obj)
 .comment       0x0000000000000076       0x77 spm/zephyr/kernel/libspm_kernel.a(timeout.c.obj)
 .comment       0x0000000000000076       0x77 spm/zephyr/kernel/libspm_kernel.a(mempool.c.obj)
 .comment       0x0000000000000076       0x77 spm/zephyr/CMakeFiles/spm_offsets.dir/arch/arm/core/offsets/offsets.c.obj
 .comment       0x0000000000000076       0x7f /Users/justin/Github/FORKS/WIP_interval_cmds/nrfxlib/crypto/nrf_cc310_mbedcrypto/lib/cortex-m33/hard-float/no-interrupts/libnrf_cc310_mbedcrypto_0.9.1.a(cc_pal_mem.c.obj)
                                         0x80 (size before relaxing)
 .comment       0x00000000000000f5       0x80 /Users/justin/Github/FORKS/WIP_interval_cmds/nrfxlib/crypto/nrf_cc310_mbedcrypto/lib/cortex-m33/hard-float/no-interrupts/libnrf_cc310_mbedcrypto_0.9.1.a(cc_pal.c.obj)
 .comment       0x00000000000000f5       0x80 /Users/justin/Github/FORKS/WIP_interval_cmds/nrfxlib/crypto/nrf_cc310_mbedcrypto/lib/cortex-m33/hard-float/no-interrupts/libnrf_cc310_mbedcrypto_0.9.1.a(cc_pal_dma.c.obj)
 .comment       0x00000000000000f5       0x80 /Users/justin/Github/FORKS/WIP_interval_cmds/nrfxlib/crypto/nrf_cc310_mbedcrypto/lib/cortex-m33/hard-float/no-interrupts/libnrf_cc310_mbedcrypto_0.9.1.a(cc_pal_mutex.c.obj)
 .comment       0x00000000000000f5       0x80 /Users/justin/Github/FORKS/WIP_interval_cmds/nrfxlib/crypto/nrf_cc310_mbedcrypto/lib/cortex-m33/hard-float/no-interrupts/libnrf_cc310_mbedcrypto_0.9.1.a(cc_pal_pm.c.obj)
 .comment       0x00000000000000f5       0x80 /Users/justin/Github/FORKS/WIP_interval_cmds/nrfxlib/crypto/nrf_cc310_mbedcrypto/lib/cortex-m33/hard-float/no-interrupts/libnrf_cc310_mbedcrypto_0.9.1.a(cc_hal.c.obj)
 .comment       0x00000000000000f5       0x80 /Users/justin/Github/FORKS/WIP_interval_cmds/nrfxlib/crypto/nrf_cc310_mbedcrypto/lib/cortex-m33/hard-float/no-interrupts/libnrf_cc310_mbedcrypto_0.9.1.a(cc_pal_interrupt_ctrl.c.obj)
 .comment       0x00000000000000f5       0x80 /Users/justin/Github/FORKS/WIP_interval_cmds/nrfxlib/crypto/nrf_cc310_platform/lib/cortex-m33/hard-float/no-interrupts/libnrf_cc310_platform_0.9.1.a(platform_alt.c.obj)
 .comment       0x00000000000000f5       0x80 /Users/justin/Github/FORKS/WIP_interval_cmds/nrfxlib/crypto/nrf_cc310_platform/lib/cortex-m33/hard-float/no-interrupts/libnrf_cc310_platform_0.9.1.a(cc_rng_plat.c.obj)
 .comment       0x00000000000000f5       0x80 /Users/justin/Github/FORKS/WIP_interval_cmds/nrfxlib/crypto/nrf_cc310_platform/lib/cortex-m33/hard-float/no-interrupts/libnrf_cc310_platform_0.9.1.a(nrf_cc310_platform.c.obj)
 .comment       0x00000000000000f5       0x80 /Users/justin/Github/FORKS/WIP_interval_cmds/nrfxlib/crypto/nrf_cc310_platform/lib/cortex-m33/hard-float/no-interrupts/libnrf_cc310_platform_0.9.1.a(nrf_cc310_platform_abort.c.obj)
 .comment       0x00000000000000f5       0x80 /Users/justin/Github/FORKS/WIP_interval_cmds/nrfxlib/crypto/nrf_cc310_platform/lib/cortex-m33/hard-float/no-interrupts/libnrf_cc310_platform_0.9.1.a(nrf_cc310_platform_mutex.c.obj)
 .comment       0x00000000000000f5       0x80 /Users/justin/Github/FORKS/WIP_interval_cmds/nrfxlib/crypto/nrf_cc310_platform/lib/cortex-m33/hard-float/no-interrupts/libnrf_cc310_platform_0.9.1.a(cc_lib.c.obj)
 .comment       0x00000000000000f5       0x80 /Users/justin/Github/FORKS/WIP_interval_cmds/nrfxlib/crypto/nrf_cc310_platform/lib/cortex-m33/hard-float/no-interrupts/libnrf_cc310_platform_0.9.1.a(cc_pal_trng.c.obj)
 .comment       0x00000000000000f5       0x80 /Users/justin/Github/FORKS/WIP_interval_cmds/nrfxlib/crypto/nrf_cc310_platform/lib/cortex-m33/hard-float/no-interrupts/libnrf_cc310_platform_0.9.1.a(llf_rnd_trng90b.c.obj)
 .comment       0x00000000000000f5       0x80 /Users/justin/Github/FORKS/WIP_interval_cmds/nrfxlib/crypto/nrf_cc310_platform/lib/cortex-m33/hard-float/no-interrupts/libnrf_cc310_platform_0.9.1.a(llf_rnd.c.obj)

.debug
 *(SORT_BY_ALIGNMENT(.debug))

.line
 *(SORT_BY_ALIGNMENT(.line))

.debug_srcinfo
 *(SORT_BY_ALIGNMENT(.debug_srcinfo))

.debug_sfnames
 *(SORT_BY_ALIGNMENT(.debug_sfnames))

.debug_aranges  0x0000000000000000      0xe20
 *(SORT_BY_ALIGNMENT(.debug_aranges))
 .debug_aranges
                0x0000000000000000       0x20 spm/zephyr/arch/arch/arm/core/libspm_arch__arm__core.a(exc_exit.S.obj)
 .debug_aranges
                0x0000000000000020       0x28 spm/zephyr/arch/arch/arm/core/libspm_arch__arm__core.a(swap_helper.S.obj)
 .debug_aranges
                0x0000000000000048       0x30 spm/zephyr/arch/arch/arm/core/libspm_arch__arm__core.a(cpu_idle.S.obj)
 .debug_aranges
                0x0000000000000078       0x20 spm/zephyr/arch/arch/arm/core/libspm_arch__arm__core.a(fault_s.S.obj)
 .debug_aranges
                0x0000000000000098       0x20 spm/zephyr/arch/arch/arm/core/libspm_arch__arm__core.a(nmi_on_reset.S.obj)
 .debug_aranges
                0x00000000000000b8       0x20 spm/zephyr/arch/arch/arm/core/libspm_arch__arm__core.a(isr_wrapper.S.obj)
 .debug_aranges
                0x00000000000000d8       0x20 spm/zephyr/arch/arch/arm/core/cortex_m/libspm_arch__arm__core__cortex_m.a(reset.S.obj)
 .debug_aranges
                0x00000000000000f8       0x20 spm/spm_app/libspm_app.a(main.c.obj)
 .debug_aranges
                0x0000000000000118       0x50 spm/zephyr/libspm_zephyr.a(fdtable.c.obj)
 .debug_aranges
                0x0000000000000168       0x68 spm/zephyr/libspm_zephyr.a(mempool.c.obj)
 .debug_aranges
                0x00000000000001d0       0x20 spm/zephyr/libspm_zephyr.a(thread_entry.c.obj)
 .debug_aranges
                0x00000000000001f0       0x80 spm/zephyr/libspm_zephyr.a(printk.c.obj)
 .debug_aranges
                0x0000000000000270       0x20 spm/zephyr/libspm_zephyr.a(configs.c.obj)
 .debug_aranges
                0x0000000000000290       0x30 spm/zephyr/libspm_zephyr.a(soc.c.obj)
 .debug_aranges
                0x00000000000002c0       0x18 spm/zephyr/libspm_zephyr.a(mpu_regions.c.obj)
 .debug_aranges
                0x00000000000002d8       0x30 spm/zephyr/libspm_zephyr.a(uart_console.c.obj)
 .debug_aranges
                0x0000000000000308       0x60 spm/zephyr/libspm_zephyr.a(nrf_power_clock.c.obj)
 .debug_aranges
                0x0000000000000368       0x40 spm/zephyr/libspm_zephyr.a(sys_clock_init.c.obj)
 .debug_aranges
                0x00000000000003a8       0x40 spm/zephyr/libspm_zephyr.a(nrf_rtc_timer.c.obj)
 .debug_aranges
                0x00000000000003e8       0x30 spm/zephyr/libspm_zephyr.a(spm.c.obj)
 .debug_aranges
                0x0000000000000418       0x38 spm/zephyr/libspm_zephyr.a(secure_services.c.obj)
 .debug_aranges
                0x0000000000000450       0x28 spm/zephyr/libspm_zephyr.a(nrf_cc310_platform_abort_zephyr.c.obj)
 .debug_aranges
                0x0000000000000478       0x40 spm/zephyr/libspm_zephyr.a(nrf_cc310_platform_mutex_zephyr.c.obj)
 .debug_aranges
                0x00000000000004b8       0x18 spm/zephyr/arch/common/libspm_arch__common.a(isr_tables.c.obj)
 .debug_aranges
                0x00000000000004d0       0x20 spm/zephyr/arch/arch/arm/core/libspm_arch__arm__core.a(swap.c.obj)
 .debug_aranges
                0x00000000000004f0       0x58 spm/zephyr/arch/arch/arm/core/libspm_arch__arm__core.a(irq_manage.c.obj)
 .debug_aranges
                0x0000000000000548       0x28 spm/zephyr/arch/arch/arm/core/libspm_arch__arm__core.a(thread.c.obj)
 .debug_aranges
                0x0000000000000570       0x30 spm/zephyr/arch/arch/arm/core/libspm_arch__arm__core.a(fatal.c.obj)
 .debug_aranges
                0x00000000000005a0       0x20 spm/zephyr/arch/arch/arm/core/libspm_arch__arm__core.a(nmi.c.obj)
 .debug_aranges
                0x00000000000005c0       0x20 spm/zephyr/arch/arch/arm/core/libspm_arch__arm__core.a(prep_c.c.obj)
 .debug_aranges
                0x00000000000005e0       0x48 spm/zephyr/arch/arch/arm/core/cortex_m/libspm_arch__arm__core__cortex_m.a(fault.c.obj)
 .debug_aranges
                0x0000000000000628       0x20 spm/zephyr/arch/arch/arm/core/cortex_m/libspm_arch__arm__core__cortex_m.a(irq_init.c.obj)
 .debug_aranges
                0x0000000000000648       0x20 spm/zephyr/arch/arch/arm/core/cortex_m/libspm_arch__arm__core__cortex_m.a(thread_abort.c.obj)
 .debug_aranges
                0x0000000000000668       0x28 spm/zephyr/arch/arch/arm/core/cortex_m/mpu/libspm_arch__arm__core__cortex_m__mpu.a(arm_core_mpu.c.obj)
 .debug_aranges
                0x0000000000000690       0x58 spm/zephyr/arch/arch/arm/core/cortex_m/mpu/libspm_arch__arm__core__cortex_m__mpu.a(arm_mpu.c.obj)
 .debug_aranges
                0x00000000000006e8       0x80 spm/zephyr/arch/arch/arm/core/cortex_m/cmse/libspm_arch__arm__core__cortex_m__cmse.a(arm_core_cmse.c.obj)
 .debug_aranges
                0x0000000000000768       0x60 spm/zephyr/arch/arch/arm/core/cortex_m/tz/libspm_arch__arm__core__cortex_m__tz.a(arm_core_tz.c.obj)
 .debug_aranges
                0x00000000000007c8       0x90 spm/zephyr/lib/libc/minimal/libspm_lib__libc__minimal.a(string.c.obj)
 .debug_aranges
                0x0000000000000858       0x58 spm/zephyr/lib/libc/minimal/libspm_lib__libc__minimal.a(stdout_console.c.obj)
 .debug_aranges
                0x00000000000008b0       0x48 spm/zephyr/drivers/serial/libspm_drivers__serial.a(uart_nrfx_uarte.c.obj)
 .debug_aranges