Archive member included to satisfy reference by file (symbol)

app/libapp.a(main.c.obj)      (--whole-archive)
app/libapp.a(orientation_detector.c.obj)
                              (--whole-archive)
app/libapp.a(ui.c.obj)        (--whole-archive)
app/libapp.a(cloud_codec.c.obj)
                              (--whole-archive)
app/libapp.a(service_info.c.obj)
                              (--whole-archive)
app/libapp.a(gps_controller.c.obj)
                              (--whole-archive)
app/libapp.a(env_sensors.c.obj)
                              (--whole-archive)
zephyr/libzephyr.a(isr_tables.c.obj)
                              (--whole-archive)
zephyr/libzephyr.a(sw_isr_common.c.obj)
                              (--whole-archive)
zephyr/libzephyr.a(arm_core_cmse.c.obj)
                              (--whole-archive)
zephyr/libzephyr.a(crc32_sw.c.obj)
                              (--whole-archive)
zephyr/libzephyr.a(crc16_sw.c.obj)
                              (--whole-archive)
zephyr/libzephyr.a(crc8_sw.c.obj)
                              (--whole-archive)
zephyr/libzephyr.a(crc7_sw.c.obj)
                              (--whole-archive)
zephyr/libzephyr.a(dec.c.obj)
                              (--whole-archive)
zephyr/libzephyr.a(fdtable.c.obj)
                              (--whole-archive)
zephyr/libzephyr.a(hex.c.obj)
                              (--whole-archive)
zephyr/libzephyr.a(mempool.c.obj)
                              (--whole-archive)
zephyr/libzephyr.a(rb.c.obj)  (--whole-archive)
zephyr/libzephyr.a(sem.c.obj)
                              (--whole-archive)
zephyr/libzephyr.a(thread_entry.c.obj)
                              (--whole-archive)
zephyr/libzephyr.a(timeutil.c.obj)
                              (--whole-archive)
zephyr/libzephyr.a(work_q.c.obj)
                              (--whole-archive)
zephyr/libzephyr.a(json.c.obj)
                              (--whole-archive)
zephyr/libzephyr.a(printk.c.obj)
                              (--whole-archive)
zephyr/libzephyr.a(assert.c.obj)
                              (--whole-archive)
zephyr/libzephyr.a(configs.c.obj)
                              (--whole-archive)
zephyr/libzephyr.a(soc.c.obj)
                              (--whole-archive)
zephyr/libzephyr.a(mpu_regions.c.obj)
                              (--whole-archive)
zephyr/libzephyr.a(validate_base_addresses.c.obj)
                              (--whole-archive)
zephyr/libzephyr.a(log_list.c.obj)
                              (--whole-archive)
zephyr/libzephyr.a(log_core.c.obj)
                              (--whole-archive)
zephyr/libzephyr.a(log_msg.c.obj)
                              (--whole-archive)
zephyr/libzephyr.a(log_output.c.obj)
                              (--whole-archive)
zephyr/libzephyr.a(log_backend_uart.c.obj)
                              (--whole-archive)
zephyr/libzephyr.a(tty.c.obj)
                              (--whole-archive)
zephyr/libzephyr.a(getchar.c.obj)
                              (--whole-archive)
zephyr/libzephyr.a(mcuboot.c.obj)
                              (--whole-archive)
zephyr/libzephyr.a(flash_img.c.obj)
                              (--whole-archive)
zephyr/libzephyr.a(addr_utils.c.obj)
                              (--whole-archive)
zephyr/libzephyr.a(socket_offload.c.obj)
                              (--whole-archive)
zephyr/libzephyr.a(rand32_entropy_device.c.obj)
                              (--whole-archive)
zephyr/libzephyr.a(flash_map.c.obj)
                              (--whole-archive)
zephyr/libzephyr.a(flash_map_default.c.obj)
                              (--whole-archive)
zephyr/libzephyr.a(power.c.obj)
                              (--whole-archive)
zephyr/libzephyr.a(reboot.c.obj)
                              (--whole-archive)
zephyr/libzephyr.a(policy_residency.c.obj)
                              (--whole-archive)
zephyr/libzephyr.a(uart_console.c.obj)
                              (--whole-archive)
zephyr/libzephyr.a(nrf_power_clock.c.obj)
                              (--whole-archive)
zephyr/libzephyr.a(sys_clock_init.c.obj)
                              (--whole-archive)
zephyr/libzephyr.a(nrf_rtc_timer.c.obj)
                              (--whole-archive)
zephyr/libzephyr.a(secure_services_ns.c.obj)
                              (--whole-archive)
zephyr/arch/arch/arm/core/libarch__arm__core.a(exc_exit.S.obj)
                              (--whole-archive)
zephyr/arch/arch/arm/core/libarch__arm__core.a(swap.c.obj)
                              (--whole-archive)
zephyr/arch/arch/arm/core/libarch__arm__core.a(swap_helper.S.obj)
                              (--whole-archive)
zephyr/arch/arch/arm/core/libarch__arm__core.a(irq_manage.c.obj)
                              (--whole-archive)
zephyr/arch/arch/arm/core/libarch__arm__core.a(thread.c.obj)
                              (--whole-archive)
zephyr/arch/arch/arm/core/libarch__arm__core.a(cpu_idle.S.obj)
[...]
Memory Configuration

Name             Origin             Length             Attributes
FLASH            0x0000000000018200 0x000000000005ce00 xr
SRAM             0x0000000020020000 0x0000000000020000 xw
IDT_LIST         0x0000000020040000 0x0000000000000800 xw
*default*        0x0000000000000000 0xffffffffffffffff

Linker script and memory map

LOAD zephyr/CMakeFiles/zephyr_final.dir/misc/empty_file.c.obj
LOAD zephyr/CMakeFiles/zephyr_final.dir/isr_tables.c.obj
                0x0000000000000020                _region_min_align = 0x20

.rel.plt        0x0000000000018200        0x0
 *(SORT_BY_ALIGNMENT(.rel.plt))
                [!provide]                        PROVIDE (__rel_iplt_start = .)
 *(SORT_BY_ALIGNMENT(.rel.iplt))
 .rel.iplt      0x0000000000018200        0x0 zephyr/CMakeFiles/zephyr_final.dir/isr_tables.c.obj
                [!provide]                        PROVIDE (__rel_iplt_end = .)

.rela.plt       0x0000000000000000        0x0
 *(SORT_BY_ALIGNMENT(.rela.plt))
                [!provide]                        PROVIDE (__rela_iplt_start = .)
 *(SORT_BY_ALIGNMENT(.rela.iplt))
                [!provide]                        PROVIDE (__rela_iplt_end = .)

.rel.dyn
 *(SORT_BY_ALIGNMENT(.rel.*))

.rela.dyn
 *(SORT_BY_ALIGNMENT(.rela.*))

/DISCARD/
 *(SORT_BY_ALIGNMENT(.plt))
 *(SORT_BY_ALIGNMENT(.iplt))
 *(SORT_BY_ALIGNMENT(.got.plt))
 *(SORT_BY_ALIGNMENT(.igot.plt))
 *(SORT_BY_ALIGNMENT(.got))
 *(SORT_BY_ALIGNMENT(.igot))
 *(SORT_BY_ALIGNMENT(.irq_info))
 *(SORT_BY_ALIGNMENT(.intList))
                0x0000000000018200                _image_rom_start = 0x18200

text            0x0000000000018200      0x220
                0x0000000000000000                . = 0x0
                0x0000000000018200                _vector_start = .
 *(SORT_BY_ALIGNMENT(.exc_vector_table))
 *(SORT_BY_ALIGNMENT(.exc_vector_table.*))
 .exc_vector_table._vector_table_section
                0x0000000000018200       0x40 zephyr/arch/arch/arm/core/cortex_m/libarch__arm__core__cortex_m.a(vector_table.S.obj)
                0x0000000000018200                _vector_table
 *(SORT_BY_ALIGNMENT(.gnu.linkonce.irq_vector_table))
 .gnu.linkonce.irq_vector_table
                0x0000000000018240      0x104 zephyr/CMakeFiles/zephyr_final.dir/isr_tables.c.obj
                0x0000000000018240                _irq_vector_table
 *(SORT_BY_ALIGNMENT(.vectors))
 *(SORT_BY_ALIGNMENT(.openocd_dbg))
 *(SORT_BY_ALIGNMENT(.openocd_dbg.*))
                0x0000000000018344                _vector_end = .
                0x0000000000000200                . = 0x200
 *fill*         0x0000000000018344       0xbc 
 *(SORT_BY_ALIGNMENT(.firmware_info))
 .firmware_info
                0x0000000000018400       0x20 zephyr/modules/nrf/subsys/fw_info/lib..__nrf__subsys__fw_info.a(fw_info.c.obj)
                0x0000000000018400                m_firmware_info

_TEXT_SECTION_NAME_2
                0x0000000000018420    0x29bda
                0x0000000000018420                _image_text_start = .
 *(SORT_BY_ALIGNMENT(.text))
 .text          0x0000000000018420      0x378 /Users/justin/gnuarmemb/bin/../lib/gcc/arm-none-eabi/8.3.1/thumb/v8-m.main+fp/hard/libgcc.a(_arm_addsubdf3.o)
                0x0000000000018420                __aeabi_drsub
                0x0000000000018428                __subdf3
                0x0000000000018428                __aeabi_dsub
                0x000000000001842c                __aeabi_dadd
                0x000000000001842c                __adddf3
                0x00000000000186a4                __aeabi_ui2d
                0x00000000000186a4                __floatunsidf
                0x00000000000186c4                __floatsidf
                0x00000000000186c4                __aeabi_i2d
                0x00000000000186e8                __extendsfdf2
                0x00000000000186e8                __aeabi_f2d
                0x000000000001872c                __aeabi_ul2d
                0x000000000001872c                __floatundidf
                0x000000000001873c                __aeabi_l2d
                0x000000000001873c                __floatdidf
 .text          0x0000000000018798      0x424 /Users/justin/gnuarmemb/bin/../lib/gcc/arm-none-eabi/8.3.1/thumb/v8-m.main+fp/hard/libgcc.a(_arm_muldivdf3.o)
                0x0000000000018798                __aeabi_dmul
                0x0000000000018798                __muldf3
                0x00000000000189ec                __aeabi_ddiv
                0x00000000000189ec                __divdf3
 .text          0x0000000000018bbc      0x110 /Users/justin/gnuarmemb/bin/../lib/gcc/arm-none-eabi/8.3.1/thumb/v8-m.main+fp/hard/libgcc.a(_arm_cmpdf2.o)
                0x0000000000018bbc                __gedf2
                0x0000000000018bbc                __gtdf2
                0x0000000000018bc4                __ledf2
                0x0000000000018bc4                __ltdf2
                0x0000000000018bcc                __cmpdf2
                0x0000000000018bcc                __eqdf2
                0x0000000000018bcc                __nedf2
                0x0000000000018c48                __aeabi_cdrcmple
                0x0000000000018c58                __aeabi_cdcmple
                0x0000000000018c58                __aeabi_cdcmpeq
                0x0000000000018c68                __aeabi_dcmpeq
                0x0000000000018c7c                __aeabi_dcmplt
                0x0000000000018c90                __aeabi_dcmple
                0x0000000000018ca4                __aeabi_dcmpge
                0x0000000000018cb8                __aeabi_dcmpgt
 .text          0x0000000000018ccc       0x50 /Users/justin/gnuarmemb/bin/../lib/gcc/arm-none-eabi/8.3.1/thumb/v8-m.main+fp/hard/libgcc.a(_arm_fixdfsi.o)
                0x0000000000018ccc                __fixdfsi
                0x0000000000018ccc                __aeabi_d2iz
 .text          0x0000000000018d1c       0xa0 /Users/justin/gnuarmemb/bin/../lib/gcc/arm-none-eabi/8.3.1/thumb/v8-m.main+fp/hard/libgcc.a(_aeabi_ldivmod.o)
                0x0000000000018d1c                __aeabi_ldivmod
 .text          0x0000000000018dbc       0x30 /Users/justin/gnuarmemb/bin/../lib/gcc/arm-none-eabi/8.3.1/thumb/v8-m.main+fp/hard/libgcc.a(_aeabi_uldivmod.o)
                0x0000000000018dbc                __aeabi_uldivmod
 .text          0x0000000000018dec      0x2c8 /Users/justin/gnuarmemb/bin/../lib/gcc/arm-none-eabi/8.3.1/thumb/v8-m.main+fp/hard/libgcc.a(_udivmoddi4.o)
                0x0000000000018dec                __udivmoddi4
 .text          0x00000000000190b4        0x4 /Users/justin/gnuarmemb/bin/../lib/gcc/arm-none-eabi/8.3.1/thumb/v8-m.main+fp/hard/libgcc.a(_dvmd_tls.o)
                0x00000000000190b4                __aeabi_ldiv0
                0x00000000000190b4                __aeabi_idiv0
 .text          0x00000000000190b8      0x6a8 /Users/justin/Github/FORKS/fsm_cleanup/nrfxlib/crypto/nrf_oberon/lib/cortex-m33/hard-float/liboberon_3.0.2.a(ocrypto_bigint256.s.obj)
                0x00000000000190b8                ocrypto_bigint_add128
                0x00000000000190de                ocrypto_bigint_sub128
                0x0000000000019104                ocrypto_bigint_add256
                0x0000000000019144                ocrypto_bigint_sub256
                0x0000000000019184                ocrypto_bigint_cadd256
                0x00000000000191e0                ocrypto_bigint_csub256
                0x000000000001925a                ocrypto_bigint_cswap256
                0x0000000000019270                ocrypto_bigint_mul128
                0x0000000000019358                ocrypto_bigint_sqr256
                0x000000000001935a                ocrypto_bigint_mul256
 .text          0x0000000000019760       0x5c /Users/justin/Github/FORKS/fsm_cleanup/nrfxlib/crypto/nrf_oberon/lib/cortex-m33/hard-float/liboberon_3.0.2.a(ocrypto_constant_time.s.obj)
                0x0000000000019760                ocrypto_constant_time_equal
                0x0000000000019786                ocrypto_constant_time_is_zero
                0x00000000000197a0                ocrypto_constant_time_copy
                0x00000000000197ae                ocrypto_constant_time_fill_zero
 .text          0x00000000000197bc      0x6dc /Users/justin/Github/FORKS/fsm_cleanup/nrfxlib/crypto/nrf_oberon/lib/cortex-m33/hard-float/liboberon_3.0.2.a(ocrypto_mod_p256_base.s.obj)
                0x00000000000197bc                ocrypto_mod_p256_add
                0x000000000001983a                ocrypto_mod_p256_sub
                0x0000000000019894                ocrypto_mod_p256_square
                0x0000000000019896                ocrypto_mod_p256_mul
 .text          0x0000000000019e98       0x2c /Users/justin/gnuarmemb/bin/../lib/gcc/arm-none-eabi/8.3.1/thumb/v8-m.main+fp/hard/libgcc.a(_arm_unorddf2.o)
                0x0000000000019e98                __aeabi_dcmpun
                0x0000000000019e98                __unorddf2
 .text          0x0000000000019ec4       0x40 /Users/justin/gnuarmemb/bin/../lib/gcc/arm-none-eabi/8.3.1/thumb/v8-m.main+fp/hard/libgcc.a(_arm_fixunsdfsi.o)
                0x0000000000019ec4                __fixunsdfsi
                0x0000000000019ec4                __aeabi_d2uiz
 .text          0x0000000000019f04       0x30 /Users/justin/gnuarmemb/bin/../lib/gcc/arm-none-eabi/8.3.1/thumb/v8-m.main+fp/hard/libgcc.a(_fixdfdi.o)
                0x0000000000019f04                __aeabi_d2lz
                0x0000000000019f04                __fixdfdi
 .text          0x0000000000019f34       0x3c /Users/justin/gnuarmemb/bin/../lib/gcc/arm-none-eabi/8.3.1/thumb/v8-m.main+fp/hard/libgcc.a(_fixunsdfdi.o)
                0x0000000000019f34                __aeabi_d2ulz
                0x0000000000019f34                __fixunsdfdi
 .text          0x0000000000019f70       0x14 /Users/justin/gnuarmemb/arm-none-eabi/lib/thumb/v8-m.main+fp/hard/libc_nano.a(lib_a-strcmp.o)
                0x0000000000019f70                strcmp
 .text          0x0000000000019f84       0x10 /Users/justin/gnuarmemb/arm-none-eabi/lib/thumb/v8-m.main+fp/hard/libc_nano.a(lib_a-strlen.o)
                0x0000000000019f84                strlen
 *(SORT_BY_ALIGNMENT(.text.*))
 *fill*         0x0000000000019f94        0x4 
 .text.orientation_detector_poll
                0x0000000000019f98       0xc0 app/libapp.a(orientation_detector.c.obj)
                0x0000000000019f98                orientation_detector_poll
 .text.env_sensors_poll_fn
                0x000000000001a058      0x138 app/libapp.a(env_sensors.c.obj)
 .text.parse_value
                0x000000000001a190      0x2f8 zephyr/modules/nrf/ext/cjson/lib..__nrf__ext__cjson.a(cJSON.c.obj)
 .text.cJSON_CreateNumber
                0x000000000001a488       0x68 zephyr/modules/nrf/ext/cjson/lib..__nrf__ext__cjson.a(cJSON.c.obj)
                0x000000000001a488                cJSON_CreateNumber
 .text.double_to_sensor_value
                0x000000000001a4f0       0x38 zephyr/modules/nrf/drivers/sensor/sensor_sim/lib..__nrf__drivers__sensor__sensor_sim.a(sensor_sim.c.obj)
 .text.sensor_sim_sample_fetch
                0x000000000001a528      0x194 zephyr/modules/nrf/drivers/sensor/sensor_sim/lib..__nrf__drivers__sensor__sensor_sim.a(sensor_sim.c.obj)
 *fill*         0x000000000001a6bc        0x4 
 .text._strtod_l
                0x000000000001a6c0      0xb90 /Users/justin/gnuarmemb/arm-none-eabi/lib/thumb/v8-m.main+fp/hard/libc_nano.a(lib_a-strtod.o)
                0x000000000001a6c0                _strtod_l
 .text._dtoa_r  0x000000000001b250      0xb60 /Users/justin/gnuarmemb/arm-none-eabi/lib/thumb/v8-m.main+fp/hard/libc_nano.a(lib_a-dtoa.o)
                0x000000000001b250                _dtoa_r
 .text.nan      0x000000000001bdb0       0x10 /Users/justin/gnuarmemb/arm-none-eabi/lib/thumb/v8-m.main+fp/hard/libc_nano.a(lib_a-s_nan.o)
                0x000000000001bdb0                nan
 .text.sin      0x000000000001bdc0       0xc0 /Users/justin/gnuarmemb/arm-none-eabi/lib/thumb/v8-m.main+fp/hard/libm.a(lib_a-s_sin.o)
                0x000000000001bdc0                sin
 .text.__ieee754_rem_pio2
                0x000000000001be80      0x434 /Users/justin/gnuarmemb/arm-none-eabi/lib/thumb/v8-m.main+fp/hard/libm.a(lib_a-e_rem_pio2.o)
                0x000000000001be80                __ieee754_rem_pio2
 *fill*         0x000000000001c2b4        0x4 
 .text.__kernel_cos
                0x000000000001c2b8      0x284 /Users/justin/gnuarmemb/arm-none-eabi/lib/thumb/v8-m.main+fp/hard/libm.a(lib_a-k_cos.o)
                0x000000000001c2b8                __kernel_cos
 *fill*         0x000000000001c53c        0x4 
 .text.__kernel_rem_pio2
                0x000000000001c540      0x828 /Users/justin/gnuarmemb/arm-none-eabi/lib/thumb/v8-m.main+fp/hard/libm.a(lib_a-k_rem_pio2.o)
                0x000000000001c540                __kernel_rem_pio2
 .text.__kernel_sin
                0x000000000001cd68      0x194 /Users/justin/gnuarmemb/arm-none-eabi/lib/thumb/v8-m.main+fp/hard/libm.a(lib_a-k_sin.o)
                0x000000000001cd68                __kernel_sin
 *fill*         0x000000000001cefc        0x4 
 .text.floor    0x000000000001cf00      0x108 /Users/justin/gnuarmemb/arm-none-eabi/lib/thumb/v8-m.main+fp/hard/libm.a(lib_a-s_floor.o)
                0x000000000001cf00                floor
 .text.scalbn   0x000000000001d008      0x120 /Users/justin/gnuarmemb/arm-none-eabi/lib/thumb/v8-m.main+fp/hard/libm.a(lib_a-s_scalbn.o)
                0x000000000001d008                scalbn
 .text.k_delayed_work_submit
                0x000000000001d128       0x10 app/libapp.a(main.c.obj)
 .text.association_retry
                0x000000000001d138       0xb4 app/libapp.a(main.c.obj)
 .text.long_press_handler
                0x000000000001d1ec       0x50 app/libapp.a(main.c.obj)
 .text.k_work_submit_to_queue.constprop.14
                0x000000000001d23c       0x28 app/libapp.a(main.c.obj)
 .text.ui_evt_handler
                0x000000000001d264       0xa8 app/libapp.a(main.c.obj)
 .text.modem_rsrp_handler
                0x000000000001d30c       0x18 app/libapp.a(main.c.obj)
 .text.gps_trigger_handler
                0x000000000001d324       0x8c app/libapp.a(main.c.obj)
 .text.error_handler
                0x000000000001d3b0       0x54 app/libapp.a(main.c.obj)
                0x000000000001d3b0                error_handler
 .text.k_sys_fatal_error_handler
                0x000000000001d404       0x1c app/libapp.a(main.c.obj)
                0x000000000001d404                k_sys_fatal_error_handler
 .text.sensor_data_send
                0x000000000001d420       0x80 app/libapp.a(main.c.obj)
 .text.device_status_send
                0x000000000001d4a0       0xac app/libapp.a(main.c.obj)
 .text.modem_rsrp_data_send
                0x000000000001d54c       0x70 app/libapp.a(main.c.obj)
 .text.send_flip_data_work_fn
                0x000000000001d5bc        0xc app/libapp.a(main.c.obj)
 .text.send_gps_data_work_fn
                0x000000000001d5c8        0xc app/libapp.a(main.c.obj)
 .text.send_env_data_work_fn
                0x000000000001d5d4      0x104 app/libapp.a(main.c.obj)
 .text.sensors_start
                0x000000000001d6d8       0xac app/libapp.a(main.c.obj)
                0x000000000001d6d8                sensors_start
 .text.on_pairing_done
                0x000000000001d784       0x20 app/libapp.a(main.c.obj)
                0x000000000001d784                on_pairing_done
 .text.cloud_event_handler
                0x000000000001d7a4      0x11c app/libapp.a(main.c.obj)
                0x000000000001d7a4                cloud_event_handler
 .text.handle_bsdlib_init_ret
                0x000000000001d8c0       0x54 app/libapp.a(main.c.obj)
                0x000000000001d8c0                handle_bsdlib_init_ret
 .text.main     0x000000000001d914      0x2b4 app/libapp.a(main.c.obj)
                0x000000000001d914                main
 .text.orientation_detector_init
                0x000000000001dbc8        0xc app/libapp.a(orientation_detector.c.obj)
                0x000000000001dbc8                orientation_detector_init
 .text.button_handler
                0x000000000001dbd4       0x54 app/libapp.a(ui.c.obj)
 .text.leds_update
                0x000000000001dc28       0x5c app/libapp.a(ui.c.obj)
 .text.ui_led_set_pattern
                0x000000000001dc84        0xc app/libapp.a(ui.c.obj)
                0x000000000001dc84                ui_led_set_pattern
 .text.ui_init  0x000000000001dc90       0xc0 app/libapp.a(ui.c.obj)
                0x000000000001dc90                ui_init
 .text.cloud_search_cmd
                0x000000000001dd50       0xc0 app/libapp.a(cloud_codec.c.obj)
 .text.cloud_encode_data
                0x000000000001de10       0xc0 app/libapp.a(cloud_codec.c.obj)
                0x000000000001de10                cloud_encode_data
 .text.cloud_encode_digital_twin_data
                0x000000000001ded0      0x12c app/libapp.a(cloud_codec.c.obj)
                0x000000000001ded0                cloud_encode_digital_twin_data
 .text.cloud_decode_command
                0x000000000001dffc       0x64 app/libapp.a(cloud_codec.c.obj)
                0x000000000001dffc                cloud_decode_command
 .text.cloud_decode_init
                0x000000000001e060        0xc app/libapp.a(cloud_codec.c.obj)
                0x000000000001e060                cloud_decode_init
 .text.cloud_encode_env_sensors_data
                0x000000000001e06c       0x9c app/libapp.a(cloud_codec.c.obj)
                0x000000000001e06c                cloud_encode_env_sensors_data
 .text.service_info_json_object_encode
                0x000000000001e108       0x90 app/libapp.a(service_info.c.obj)
                0x000000000001e108                service_info_json_object_encode
 .text.gps_work_handler
                0x000000000001e198      0x12c app/libapp.a(gps_controller.c.obj)
 .text.gps_control_is_active
                0x000000000001e2c4       0x14 app/libapp.a(gps_controller.c.obj)
                0x000000000001e2c4                gps_control_is_active
 .text.gps_control_is_enabled
                0x000000000001e2d8       0x14 app/libapp.a(gps_controller.c.obj)
                0x000000000001e2d8                gps_control_is_enabled
 .text.gps_control_stop
                0x000000000001e2ec       0x28 app/libapp.a(gps_controller.c.obj)
                0x000000000001e2ec                gps_control_stop
 .text.gps_control_disable
                0x000000000001e314       0x20 app/libapp.a(gps_controller.c.obj)
                0x000000000001e314                gps_control_disable
 .text.gps_control_start
                0x000000000001e334       0x28 app/libapp.a(gps_controller.c.obj)
                0x000000000001e334                gps_control_start
 .text.gps_control_enable
                0x000000000001e35c       0x1c app/libapp.a(gps_controller.c.obj)
                0x000000000001e35c                gps_control_enable
 .text.gps_control_init
                0x000000000001e378       0x6c app/libapp.a(gps_controller.c.obj)
                0x000000000001e378                gps_control_init
 .text.env_sensors_init_and_start
                0x000000000001e3e4       0x84 app/libapp.a(env_sensors.c.obj)
                0x000000000001e3e4                env_sensors_init_and_start
 .text.env_sensors_get_temperature
                0x000000000001e468       0xb0 app/libapp.a(env_sensors.c.obj)
                0x000000000001e468                env_sensors_get_temperature
 .text.env_sensors_get_humidity
                0x000000000001e518       0xb0 app/libapp.a(env_sensors.c.obj)
                0x000000000001e518                env_sensors_get_humidity
 .text.env_sensors_get_pressure
                0x000000000001e5c8       0xb0 app/libapp.a(env_sensors.c.obj)
                0x000000000001e5c8                env_sensors_get_pressure
 .text.z_sys_mem_pool_block_free
                0x000000000001e678      0x160 zephyr/libzephyr.a(mempool.c.obj)
                0x000000000001e678                z_sys_mem_pool_block_free
 .text.lexer_string
                0x000000000001e7d8       0xcc zephyr/libzephyr.a(json.c.obj)
 .text.lexer_boolean
                0x000000000001e8a4       0x54 zephyr/libzephyr.a(json.c.obj)
 .text.lexer_number
                0x000000000001e8f8       0x34 zephyr/libzephyr.a(json.c.obj)
 .text.lexer_null
                0x000000000001e92c       0x38 zephyr/libzephyr.a(json.c.obj)
 .text.lexer_json
                0x000000000001e964       0xb4 zephyr/libzephyr.a(json.c.obj)
 .text.decode_value
                0x000000000001ea18      0x15c zephyr/libzephyr.a(json.c.obj)
 .text.json_obj_parse
                0x000000000001eb74       0x64 zephyr/libzephyr.a(json.c.obj)
                0x000000000001eb74                json_obj_parse
 .text.char_out
                0x000000000001ebd8       0x10 zephyr/libzephyr.a(printk.c.obj)
 .text._printk_dec_ulong
                0x000000000001ebe8       0x98 zephyr/libzephyr.a(printk.c.obj)
 .text.__printk_hook_install
                0x000000000001ec80        0xc zephyr/libzephyr.a(printk.c.obj)
                0x000000000001ec80                __printk_hook_install
 .text.vprintk  0x000000000001ec8c       0x1c zephyr/libzephyr.a(printk.c.obj)
                0x000000000001ec8c                vprintk
 .text.nordicsemi_nrf91_init
                0x000000000001eca8       0x28 zephyr/libzephyr.a(soc.c.obj)
 .text.log_generic
                0x000000000001ecd0       0x5c zephyr/libzephyr.a(log_core.c.obj)
                0x000000000001ecd0                log_generic
 .text.log_core_init
                0x000000000001ed2c       0x18 zephyr/libzephyr.a(log_core.c.obj)
                0x000000000001ed2c                log_core_init
 .text.log_source_name_get
                0x000000000001ed44       0x1c zephyr/libzephyr.a(log_core.c.obj)
                0x000000000001ed44                log_source_name_get
 .text.log_backend_enable
                0x000000000001ed60       0x5c zephyr/libzephyr.a(log_core.c.obj)
                0x000000000001ed60                log_backend_enable
 .text.log_init
                0x000000000001edbc       0x68 zephyr/libzephyr.a(log_core.c.obj)
                0x000000000001edbc                log_init
 .text.z_impl_log_panic
                0x000000000001ee24       0x40 zephyr/libzephyr.a(log_core.c.obj)
                0x000000000001ee24                z_impl_log_panic
 .text.print_formatted
                0x000000000001ee64       0x24 zephyr/libzephyr.a(log_output.c.obj)
 .text.prefix_print
                0x000000000001ee88      0x11c zephyr/libzephyr.a(log_output.c.obj)
 .text.postfix_print
                0x000000000001efa4       0x3c zephyr/libzephyr.a(log_output.c.obj)
 .text.hexdump_line_print
                0x000000000001efe0       0xe0 zephyr/libzephyr.a(log_output.c.obj)
 .text.out_func
                0x000000000001f0c0       0x50 zephyr/libzephyr.a(log_output.c.obj)
 .text.log_output_string
                0x000000000001f110       0x70 zephyr/libzephyr.a(log_output.c.obj)
                0x000000000001f110                log_output_string
 .text.log_output_hexdump
                0x000000000001f180       0x74 zephyr/libzephyr.a(log_output.c.obj)
                0x000000000001f180                log_output_hexdump
 .text.log_output_timestamp_freq_set
                0x000000000001f1f4       0x30 zephyr/libzephyr.a(log_output.c.obj)
                0x000000000001f1f4                log_output_timestamp_freq_set
 .text.panic    0x000000000001f224        0xc zephyr/libzephyr.a(log_backend_uart.c.obj)
 .text.log_backend_uart_init
                0x000000000001f230       0x30 zephyr/libzephyr.a(log_backend_uart.c.obj)
 .text.sync_hexdump
                0x000000000001f260       0x4c zephyr/libzephyr.a(log_backend_uart.c.obj)
 .text.sync_string
                0x000000000001f2ac       0x48 zephyr/libzephyr.a(log_backend_uart.c.obj)
 .text.boot_write_trailer_byte
                0x000000000001f2f4       0x50 zephyr/libzephyr.a(mcuboot.c.obj)
 .text.boot_request_upgrade
                0x000000000001f344       0x64 zephyr/libzephyr.a(mcuboot.c.obj)
                0x000000000001f344                boot_request_upgrade
 .text.flash_sync
                0x000000000001f3a8      0x108 zephyr/libzephyr.a(flash_img.c.obj)
 .text.socket_offload_register
                0x000000000001f4b0       0x4c zephyr/libzephyr.a(socket_offload.c.obj)
                0x000000000001f4b0                socket_offload_register
 .text.sys_rand32_get
                0x000000000001f4fc       0x90 zephyr/libzephyr.a(rand32_entropy_device.c.obj)
                0x000000000001f4fc                sys_rand32_get
 .text.get_flash_area_from_id
                0x000000000001f58c       0x2c zephyr/libzephyr.a(flash_map.c.obj)
 .text.flash_area_open
                0x000000000001f5b8       0x28 zephyr/libzephyr.a(flash_map.c.obj)
                0x000000000001f5b8                flash_area_open
 .text.sys_reboot
                0x000000000001f5e0       0x30 zephyr/libzephyr.a(reboot.c.obj)
                0x000000000001f5e0                sys_reboot
 .text.console_out
                0x000000000001f610       0x34 zephyr/libzephyr.a(uart_console.c.obj)
 .text.uart_console_hook_install
                0x000000000001f644       0x18 zephyr/libzephyr.a(uart_console.c.obj)
                0x000000000001f644                uart_console_hook_install
 .text.uart_console_init
                0x000000000001f65c       0x1c zephyr/libzephyr.a(uart_console.c.obj)
 .text.hfclk_init
                0x000000000001f678       0x30 zephyr/libzephyr.a(nrf_power_clock.c.obj)
 .text.clock_async_start
                0x000000000001f6a8       0xbc zephyr/libzephyr.a(nrf_power_clock.c.obj)
 .text.nrf_power_clock_isr
                0x000000000001f764       0x58 zephyr/libzephyr.a(nrf_power_clock.c.obj)
                0x000000000001f764                nrf_power_clock_isr
 .text.z_clock_isr
                0x000000000001f7bc       0x28 zephyr/libzephyr.a(sys_clock_init.c.obj)
                0x000000000001f7bc                z_clock_isr
 .text.rtc1_nrf_isr
                0x000000000001f7e4       0xb0 zephyr/libzephyr.a(nrf_rtc_timer.c.obj)
                0x000000000001f7e4                rtc1_nrf_isr
 .text.z_clock_driver_init
                0x000000000001f894       0x78 zephyr/libzephyr.a(nrf_rtc_timer.c.obj)
                0x000000000001f894                z_clock_driver_init
 .text.z_clock_set_timeout
                0x000000000001f90c      0x104 zephyr/libzephyr.a(nrf_rtc_timer.c.obj)
                0x000000000001f90c                z_clock_set_timeout
 .text.z_clock_elapsed
                0x000000000001fa10       0x9c zephyr/libzephyr.a(nrf_rtc_timer.c.obj)
                0x000000000001fa10                z_clock_elapsed
 .text.z_timer_cycle_get_32
                0x000000000001faac       0xa0 zephyr/libzephyr.a(nrf_rtc_timer.c.obj)
                0x000000000001faac                z_timer_cycle_get_32
 .text._HandlerModeExit
                0x000000000001fb4c       0x1c zephyr/arch/arch/arm/core/libarch__arm__core.a(exc_exit.S.obj)
                0x000000000001fb4c                z_arm_exc_exit
                0x000000000001fb4c                z_arm_int_exit
 .text.z_arch_swap
                0x000000000001fb68       0x34 zephyr/arch/arch/arm/core/libarch__arm__core.a(swap.c.obj)
                0x000000000001fb68                z_arch_swap
 .text.z_arm_pendsv
                0x000000000001fb9c       0xc4 zephyr/arch/arch/arm/core/libarch__arm__core.a(swap_helper.S.obj)
                0x000000000001fb9c                z_arm_pendsv
 .text.z_arm_svc
                0x000000000001fc60       0x20 zephyr/arch/arch/arm/core/libarch__arm__core.a(swap_helper.S.obj)
                0x000000000001fc60                z_arm_svc
 .text.z_arch_irq_enable
                0x000000000001fc80       0x20 zephyr/arch/arch/arm/core/libarch__arm__core.a(irq_manage.c.obj)
                0x000000000001fc80                z_arch_irq_enable
 .text.z_arm_irq_priority_set
                0x000000000001fca0       0x64 zephyr/arch/arch/arm/core/libarch__arm__core.a(irq_manage.c.obj)
                0x000000000001fca0                z_arm_irq_priority_set
 .text._arch_isr_direct_pm
                0x000000000001fd04       0x1c zephyr/arch/arch/arm/core/libarch__arm__core.a(irq_manage.c.obj)
                0x000000000001fd04                _arch_isr_direct_pm
 .text.z_arch_new_thread
                0x000000000001fd20       0xa8 zephyr/arch/arch/arm/core/libarch__arm__core.a(thread.c.obj)
                0x000000000001fd20                z_arch_new_thread
 .text.z_arch_switch_to_main_thread
                0x000000000001fdc8       0x5c zephyr/arch/arch/arm/core/libarch__arm__core.a(thread.c.obj)
                0x000000000001fdc8                z_arch_switch_to_main_thread
 .text.z_arm_cpu_idle_init
                0x000000000001fe24        0xc zephyr/arch/arch/arm/core/libarch__arm__core.a(cpu_idle.S.obj)
                0x000000000001fe24                z_arm_cpu_idle_init
 .text.z_arch_cpu_idle
                0x000000000001fe30        0xc zephyr/arch/arch/arm/core/libarch__arm__core.a(cpu_idle.S.obj)
                0x000000000001fe30                z_arch_cpu_idle
 .text.__fault  0x000000000001fe3c       0x24 zephyr/arch/arch/arm/core/libarch__arm__core.a(fault_s.S.obj)
                0x000000000001fe3c                z_arm_bus_fault
                0x000000000001fe3c                z_arm_usage_fault
                0x000000000001fe3c                z_arm_mpu_fault
                0x000000000001fe3c                z_arm_reserved
                0x000000000001fe3c                z_arm_debug_monitor
                0x000000000001fe3c                z_arm_hard_fault
 .text.z_arm_fatal_error
                0x000000000001fe60      0x128 zephyr/arch/arch/arm/core/libarch__arm__core.a(fatal.c.obj)
                0x000000000001fe60                z_arm_fatal_error
 .text.z_SysNmiOnReset
                0x000000000001ff88        0x8 zephyr/arch/arch/arm/core/libarch__arm__core.a(nmi_on_reset.S.obj)
                0x000000000001ff88                z_SysNmiOnReset
 .text.z_arm_prep_c
                0x000000000001ff90       0x50 zephyr/arch/arch/arm/core/libarch__arm__core.a(prep_c.c.obj)
                0x000000000001ff90                z_arm_prep_c
 .text._isr_wrapper
                0x000000000001ffe0       0x40 zephyr/arch/arch/arm/core/libarch__arm__core.a(isr_wrapper.S.obj)
                0x000000000001ffe0                _isr_wrapper
 .text._reset_section
                0x0000000000020020       0x30 zephyr/arch/arch/arm/core/cortex_m/libarch__arm__core__cortex_m.a(reset.S.obj)
                0x0000000000020020                z_arm_reset
                0x0000000000020020                __start
 .text.bus_fault.isra.2
                0x0000000000020050      0x12c zephyr/arch/arch/arm/core/cortex_m/libarch__arm__core__cortex_m.a(fault.c.obj)
 .text.usage_fault.isra.3
                0x000000000002017c      0x128 zephyr/arch/arch/arm/core/cortex_m/libarch__arm__core__cortex_m.a(fault.c.obj)
 .text.mem_manage_fault.isra.6
                0x00000000000202a4      0x144 zephyr/arch/arch/arm/core/cortex_m/libarch__arm__core__cortex_m.a(fault.c.obj)
 .text.z_arm_fault
                0x00000000000203e8      0x19c zephyr/arch/arch/arm/core/cortex_m/libarch__arm__core__cortex_m.a(fault.c.obj)
                0x00000000000203e8                z_arm_fault
 .text.z_arm_fault_init
                0x0000000000020584       0x18 zephyr/arch/arch/arm/core/cortex_m/libarch__arm__core__cortex_m.a(fault.c.obj)
                0x0000000000020584                z_arm_fault_init
 .text.sys_arch_reboot
                0x000000000002059c       0x24 zephyr/arch/arch/arm/core/cortex_m/libarch__arm__core__cortex_m.a(scb.c.obj)
                0x000000000002059c                sys_arch_reboot
 .text.z_arm_int_lib_init
                0x00000000000205c0       0x18 zephyr/arch/arch/arm/core/cortex_m/libarch__arm__core__cortex_m.a(irq_init.c.obj)
                0x00000000000205c0                z_arm_int_lib_init
 .text.z_impl_k_thread_abort
                0x00000000000205d8       0x7c zephyr/arch/arch/arm/core/cortex_m/libarch__arm__core__cortex_m.a(thread_abort.c.obj)
                0x00000000000205d8                z_impl_k_thread_abort
 .text.z_arm_configure_static_mpu_regions
                0x0000000000020654       0x54 zephyr/arch/arch/arm/core/cortex_m/mpu/libarch__arm__core__cortex_m__mpu.a(arm_core_mpu.c.obj)
                0x0000000000020654                z_arm_configure_static_mpu_regions
 .text.region_init
                0x00000000000206a8       0x30 zephyr/arch/arch/arm/core/cortex_m/mpu/libarch__arm__core__cortex_m__mpu.a(arm_mpu.c.obj)
 .text.region_allocate_and_init
                0x00000000000206d8       0x40 zephyr/arch/arch/arm/core/cortex_m/mpu/libarch__arm__core__cortex_m__mpu.a(arm_mpu.c.obj)
 .text.mpu_configure_regions.constprop.2
                0x0000000000020718      0x184 zephyr/arch/arch/arm/core/cortex_m/mpu/libarch__arm__core__cortex_m__mpu.a(arm_mpu.c.obj)
 .text.arm_core_mpu_enable
                0x000000000002089c       0x14 zephyr/arch/arch/arm/core/cortex_m/mpu/libarch__arm__core__cortex_m__mpu.a(arm_mpu.c.obj)
                0x000000000002089c                arm_core_mpu_enable
 .text.arm_core_mpu_disable
                0x00000000000208b0       0x10 zephyr/arch/arch/arm/core/cortex_m/mpu/libarch__arm__core__cortex_m__mpu.a(arm_mpu.c.obj)
                0x00000000000208b0                arm_core_mpu_disable
 .text.arm_mpu_init
                0x00000000000208c0       0xb0 zephyr/arch/arch/arm/core/cortex_m/mpu/libarch__arm__core__cortex_m__mpu.a(arm_mpu.c.obj)
 .text.arm_core_mpu_configure_static_mpu_regions
                0x0000000000020970       0x48 zephyr/arch/arch/arm/core/cortex_m/mpu/libarch__arm__core__cortex_m__mpu.a(arm_mpu.c.obj)
                0x0000000000020970                arm_core_mpu_configure_static_mpu_regions
 .text.arm_core_mpu_mark_areas_for_dynamic_regions
                0x00000000000209b8       0xd8 zephyr/arch/arch/arm/core/cortex_m/mpu/libarch__arm__core__cortex_m__mpu.a(arm_mpu.c.obj)
                0x00000000000209b8                arm_core_mpu_mark_areas_for_dynamic_regions
 .text.arm_core_mpu_configure_dynamic_mpu_regions
                0x0000000000020a90       0x74 zephyr/arch/arch/arm/core/cortex_m/mpu/libarch__arm__core__cortex_m__mpu.a(arm_mpu.c.obj)
                0x0000000000020a90                arm_core_mpu_configure_dynamic_mpu_regions
 .text.__stdout_hook_install
                0x0000000000020b04        0xc zephyr/lib/libc/newlib/liblib__libc__newlib.a(libc-hooks.c.obj)
                0x0000000000020b04                __stdout_hook_install
 .text.z_impl_zephyr_read_stdin
                0x0000000000020b10       0x28 zephyr/lib/libc/newlib/liblib__libc__newlib.a(libc-hooks.c.obj)
                0x0000000000020b10                z_impl_zephyr_read_stdin
 .text.z_impl_zephyr_write_stdout
                0x0000000000020b38       0x30 zephyr/lib/libc/newlib/liblib__libc__newlib.a(libc-hooks.c.obj)
                0x0000000000020b38                z_impl_zephyr_write_stdout
 .text._exit    0x0000000000020b68       0x10 zephyr/lib/libc/newlib/liblib__libc__newlib.a(libc-hooks.c.obj)
                0x0000000000020b68                _exit
 .text._sbrk    0x0000000000020b78       0x44 zephyr/lib/libc/newlib/liblib__libc__newlib.a(libc-hooks.c.obj)
                0x0000000000020b78                _sbrk
                0x0000000000020b78                sbrk
 .text.net_if_flag_is_set
                0x0000000000020bbc       0x3c zephyr/subsys/net/ip/libsubsys__net__ip.a(net_if.c.obj)
 .text.net_if_flag_set.constprop.25
                0x0000000000020bf8       0x40 zephyr/subsys/net/ip/libsubsys__net__ip.a(net_if.c.obj)
 .text.net_if_up
                0x0000000000020c38       0x6c zephyr/subsys/net/ip/libsubsys__net__ip.a(net_if.c.obj)
                0x0000000000020c38                net_if_up
 .text.net_if_init
                0x0000000000020ca4       0x28 zephyr/subsys/net/ip/libsubsys__net__ip.a(net_if.c.obj)
                0x0000000000020ca4                net_if_init
 .text.net_if_post_init
                0x0000000000020ccc       0x28 zephyr/subsys/net/ip/libsubsys__net__ip.a(net_if.c.obj)
                0x0000000000020ccc                net_if_post_init
 .text.connect_request_encode
                0x0000000000020cf4      0x100 zephyr/subsys/net/lib/mqtt/libsubsys__net__lib__mqtt.a(mqtt_encoder.c.obj)
                0x0000000000020cf4                connect_request_encode
 .text.disconnect_encode
                0x0000000000020df4       0x24 zephyr/subsys/net/lib/mqtt/libsubsys__net__lib__mqtt.a(mqtt_encoder.c.obj)
                0x0000000000020df4                disconnect_encode
 .text.ping_request_encode
                0x0000000000020e18       0x24 zephyr/subsys/net/lib/mqtt/libsubsys__net__lib__mqtt.a(mqtt_encoder.c.obj)
                0x0000000000020e18                ping_request_encode
 .text.close    0x0000000000020e3c       0x58 zephyr/subsys/net/lib/mqtt/libsubsys__net__lib__mqtt.a(mqtt_transport_socket_tcp.c.obj)
 .text.mqtt_client_tcp_connect
                0x0000000000020e94       0xd4 zephyr/subsys/net/lib/mqtt/libsubsys__net__lib__mqtt.a(mqtt_transport_socket_tcp.c.obj)
                0x0000000000020e94                mqtt_client_tcp_connect
 .text.mqtt_client_tcp_write
                0x0000000000020f68       0x98 zephyr/subsys/net/lib/mqtt/libsubsys__net__lib__mqtt.a(mqtt_transport_socket_tcp.c.obj)
                0x0000000000020f68                mqtt_client_tcp_write
 .text.mqtt_client_tcp_read
                0x0000000000021000       0x7c zephyr/subsys/net/lib/mqtt/libsubsys__net__lib__mqtt.a(mqtt_transport_socket_tcp.c.obj)
                0x0000000000021000                mqtt_client_tcp_read
 .text.mqtt_transport_connect
                0x000000000002107c       0x10 zephyr/subsys/net/lib/mqtt/libsubsys__net__lib__mqtt.a(mqtt_transport.c.obj)
                0x000000000002107c                mqtt_transport_connect
 .text.mqtt_transport_write
                0x000000000002108c       0x18 zephyr/subsys/net/lib/mqtt/libsubsys__net__lib__mqtt.a(mqtt_transport.c.obj)
                0x000000000002108c                mqtt_transport_write
 .text.mqtt_transport_read
                0x00000000000210a4       0x18 zephyr/subsys/net/lib/mqtt/libsubsys__net__lib__mqtt.a(mqtt_transport.c.obj)
                0x00000000000210a4                mqtt_transport_read
 .text.mqtt_transport_disconnect
                0x00000000000210bc       0x14 zephyr/subsys/net/lib/mqtt/libsubsys__net__lib__mqtt.a(mqtt_transport.c.obj)
                0x00000000000210bc                mqtt_transport_disconnect
 .text.mqtt_mutex_unlock
                0x00000000000210d0       0x58 zephyr/subsys/net/lib/mqtt/libsubsys__net__lib__mqtt.a(mqtt.c.obj)
 .text.mqtt_mutex_lock
                0x0000000000021128       0x40 zephyr/subsys/net/lib/mqtt/libsubsys__net__lib__mqtt.a(mqtt.c.obj)
 .text.close    0x0000000000021168       0x58 zephyr/subsys/net/lib/mqtt/libsubsys__net__lib__mqtt.a(mqtt_transport_socket_tls.c.obj)
 .text.setsockopt.constprop.1
                0x00000000000211c0       0x70 zephyr/subsys/net/lib/mqtt/libsubsys__net__lib__mqtt.a(mqtt_transport_socket_tls.c.obj)
 .text.mqtt_client_tls_connect
                0x0000000000021230      0x140 zephyr/subsys/net/lib/mqtt/libsubsys__net__lib__mqtt.a(mqtt_transport_socket_tls.c.obj)
                0x0000000000021230                mqtt_client_tls_connect
 .text.mqtt_client_tls_write
                0x0000000000021370       0x98 zephyr/subsys/net/lib/mqtt/libsubsys__net__lib__mqtt.a(mqtt_transport_socket_tls.c.obj)
                0x0000000000021370                mqtt_client_tls_write
 .text.mqtt_client_tls_read
                0x0000000000021408       0x7c zephyr/subsys/net/lib/mqtt/libsubsys__net__lib__mqtt.a(mqtt_transport_socket_tls.c.obj)
                0x0000000000021408                mqtt_client_tls_read
 .text.gpio_nrfx_manage_callback
                0x0000000000021484       0xac zephyr/drivers/gpio/libdrivers__gpio.a(gpio_nrfx.c.obj)
 .text.nrf_gpio_pin_port_decode.isra.8.part.9
                0x0000000000021530       0x1c zephyr/drivers/gpio/libdrivers__gpio.a(gpio_nrfx.c.obj)
 .text.nrf_gpio_cfg_sense_set
                0x000000000002154c       0x30 zephyr/drivers/gpio/libdrivers__gpio.a(gpio_nrfx.c.obj)
 .text.gpiote_pin_int_cfg
                0x000000000002157c      0x144 zephyr/drivers/gpio/libdrivers__gpio.a(gpio_nrfx.c.obj)
 .text.gpio_nrfx_init
                0x00000000000216c0       0x30 zephyr/drivers/gpio/libdrivers__gpio.a(gpio_nrfx.c.obj)
 .text.gpio_nrfx_config
                0x00000000000216f0      0x12c zephyr/drivers/gpio/libdrivers__gpio.a(gpio_nrfx.c.obj)
 .text.gpiote_event_handler
                0x000000000002181c      0x180 zephyr/drivers/gpio/libdrivers__gpio.a(gpio_nrfx.c.obj)
 .text.flash_nrf_write_protection
                0x000000000002199c        0xc zephyr/drivers/flash/libdrivers__flash.a(soc_flash_nrf.c.obj)
 .text.flash_nrf_pages_layout
                0x00000000000219a8       0x10 zephyr/drivers/flash/libdrivers__flash.a(soc_flash_nrf.c.obj)
 .text.flash_nrf_erase
                0x00000000000219b8       0x70 zephyr/drivers/flash/libdrivers__flash.a(soc_flash_nrf.c.obj)
 .text.nrf_flash_init
                0x0000000000021a28       0x30 zephyr/drivers/flash/libdrivers__flash.a(soc_flash_nrf.c.obj)
 .text.flash_nrf_write
                0x0000000000021a58       0xa4 zephyr/drivers/flash/libdrivers__flash.a(soc_flash_nrf.c.obj)
 .text.uarte_nrfx_configure
                0x0000000000021afc      0x178 zephyr/drivers/serial/libdrivers__serial.a(uart_nrfx_uarte.c.obj)
 .text.uarte_0_init
                0x0000000000021c74       0x90 zephyr/drivers/serial/libdrivers__serial.a(uart_nrfx_uarte.c.obj)
 .text.entropy_cc310_rng_get_entropy
                0x0000000000021d04       0x5c zephyr/drivers/entropy/libdrivers__entropy.a(entropy_cc310.c.obj)
 .text.parse_string
                0x0000000000021d60      0x1d8 zephyr/modules/nrf/ext/cjson/lib..__nrf__ext__cjson.a(cJSON.c.obj)
 .text.get_object_item
                0x0000000000021f38       0x70 zephyr/modules/nrf/ext/cjson/lib..__nrf__ext__cjson.a(cJSON.c.obj)
 .text.print_string_ptr
                0x0000000000021fa8      0x140 zephyr/modules/nrf/ext/cjson/lib..__nrf__ext__cjson.a(cJSON.c.obj)
 .text.print_value
                0x00000000000220e8      0x330 zephyr/modules/nrf/ext/cjson/lib..__nrf__ext__cjson.a(cJSON.c.obj)
 .text.print.constprop.14
                0x0000000000022418       0x98 zephyr/modules/nrf/ext/cjson/lib..__nrf__ext__cjson.a(cJSON.c.obj)
 .text.cJSON_strdup.isra.2.constprop.16
                0x00000000000224b0       0x2c zephyr/modules/nrf/ext/cjson/lib..__nrf__ext__cjson.a(cJSON.c.obj)
 .text.add_item_to_object.constprop.12
                0x00000000000224dc       0x50 zephyr/modules/nrf/ext/cjson/lib..__nrf__ext__cjson.a(cJSON.c.obj)
 .text.cJSON_InitHooks
                0x000000000002252c       0x48 zephyr/modules/nrf/ext/cjson/lib..__nrf__ext__cjson.a(cJSON.c.obj)
                0x000000000002252c                cJSON_InitHooks
 .text.cJSON_Delete
                0x0000000000022574       0x48 zephyr/modules/nrf/ext/cjson/lib..__nrf__ext__cjson.a(cJSON.c.obj)
                0x0000000000022574                cJSON_Delete
 .text.cJSON_ParseWithOpts
                0x00000000000225bc       0xe0 zephyr/modules/nrf/ext/cjson/lib..__nrf__ext__cjson.a(cJSON.c.obj)
                0x00000000000225bc                cJSON_ParseWithOpts
 .text.cJSON_CreateNull
                0x000000000002269c       0x18 zephyr/modules/nrf/ext/cjson/lib..__nrf__ext__cjson.a(cJSON.c.obj)
                0x000000000002269c                cJSON_CreateNull
 .text.cJSON_CreateString
                0x00000000000226b4       0x30 zephyr/modules/nrf/ext/cjson/lib..__nrf__ext__cjson.a(cJSON.c.obj)
                0x00000000000226b4                cJSON_CreateString
 .text.cJSON_CreateArray
                0x00000000000226e4       0x18 zephyr/modules/nrf/ext/cjson/lib..__nrf__ext__cjson.a(cJSON.c.obj)
                0x00000000000226e4                cJSON_CreateArray
 .text.cJSON_CreateObject
                0x00000000000226fc       0x18 zephyr/modules/nrf/ext/cjson/lib..__nrf__ext__cjson.a(cJSON.c.obj)
                0x00000000000226fc                cJSON_CreateObject
 .text.cJSON_Init
                0x0000000000022714       0x1c zephyr/modules/nrf/ext/cjson/lib..__nrf__ext__cjson.a(cJSON_os.c.obj)
                0x0000000000022714                cJSON_Init
 .text._bsdlib_init
                0x0000000000022730       0x1c zephyr/modules/nrf/lib/bsdlib/lib..__nrf__lib__bsdlib.a(bsdlib.c.obj)
 .text.bsdlib_get_init_ret
                0x000000000002274c        0xc zephyr/modules/nrf/lib/bsdlib/lib..__nrf__lib__bsdlib.a(bsdlib.c.obj)
                0x000000000002274c                bsdlib_get_init_ret
 .text.thread_monitor_entry_get
                0x0000000000022758       0x40 zephyr/modules/nrf/lib/bsdlib/lib..__nrf__lib__bsdlib.a(bsd_os.c.obj)
 .text.rpc_proxy_irq_handler
                0x0000000000022798       0x4c zephyr/modules/nrf/lib/bsdlib/lib..__nrf__lib__bsdlib.a(bsd_os.c.obj)
                0x0000000000022798                rpc_proxy_irq_handler
 .text.bsd_os_timedwait
                0x00000000000227e4      0x128 zephyr/modules/nrf/lib/bsdlib/lib..__nrf__lib__bsdlib.a(bsd_os.c.obj)
                0x00000000000227e4                bsd_os_timedwait
 .text.bsd_os_errno_set
                0x000000000002290c      0x1d4 zephyr/modules/nrf/lib/bsdlib/lib..__nrf__lib__bsdlib.a(bsd_os.c.obj)
                0x000000000002290c                bsd_os_errno_set
 .text.bsd_os_application_irq_set
                0x0000000000022ae0       0x10 zephyr/modules/nrf/lib/bsdlib/lib..__nrf__lib__bsdlib.a(bsd_os.c.obj)
                0x0000000000022ae0                bsd_os_application_irq_set
 .text.bsd_os_application_irq_clear
                0x0000000000022af0       0x10 zephyr/modules/nrf/lib/bsdlib/lib..__nrf__lib__bsdlib.a(bsd_os.c.obj)
                0x0000000000022af0                bsd_os_application_irq_clear
 .text.bsd_os_trace_irq_set
                0x0000000000022b00       0x10 zephyr/modules/nrf/lib/bsdlib/lib..__nrf__lib__bsdlib.a(bsd_os.c.obj)
                0x0000000000022b00                bsd_os_trace_irq_set
 .text.bsd_os_trace_irq_clear
                0x0000000000022b10       0x10 zephyr/modules/nrf/lib/bsdlib/lib..__nrf__lib__bsdlib.a(bsd_os.c.obj)
                0x0000000000022b10                bsd_os_trace_irq_clear
 .text.bsd_os_init
                0x0000000000022b20       0x2c zephyr/modules/nrf/lib/bsdlib/lib..__nrf__lib__bsdlib.a(bsd_os.c.obj)
                0x0000000000022b20                bsd_os_init
 .text.z_to_nrf_optname
                0x0000000000022b4c       0xd0 zephyr/modules/nrf/lib/bsdlib/lib..__nrf__lib__bsdlib.a(nrf91_sockets.c.obj)
 .text.nrf91_socket_iface_init
                0x0000000000022c1c       0x18 zephyr/modules/nrf/lib/bsdlib/lib..__nrf__lib__bsdlib.a(nrf91_sockets.c.obj)
 .text.dk_set_leds_state.part.0
                0x0000000000022c34       0x7c zephyr/modules/nrf/lib/dk_buttons_and_leds/lib..__nrf__lib__dk_buttons_and_leds.a(dk_buttons_and_leds.c.obj)
 .text.button_pressed
                0x0000000000022cb0      0x120 zephyr/modules/nrf/lib/dk_buttons_and_leds/lib..__nrf__lib__dk_buttons_and_leds.a(dk_buttons_and_leds.c.obj)
 .text.buttons_scan_fn
                0x0000000000022dd0      0x1e4 zephyr/modules/nrf/lib/dk_buttons_and_leds/lib..__nrf__lib__dk_buttons_and_leds.a(dk_buttons_and_leds.c.obj)
 .text.dk_leds_init
                0x0000000000022fb4       0x94 zephyr/modules/nrf/lib/dk_buttons_and_leds/lib..__nrf__lib__dk_buttons_and_leds.a(dk_buttons_and_leds.c.obj)
                0x0000000000022fb4                dk_leds_init
 .text.dk_read_buttons
                0x0000000000023048       0x20 zephyr/modules/nrf/lib/dk_buttons_and_leds/lib..__nrf__lib__dk_buttons_and_leds.a(dk_buttons_and_leds.c.obj)
                0x0000000000023048                dk_read_buttons
 .text.dk_buttons_init
                0x0000000000023068      0x1dc zephyr/modules/nrf/lib/dk_buttons_and_leds/lib..__nrf__lib__dk_buttons_and_leds.a(dk_buttons_and_leds.c.obj)
                0x0000000000023068                dk_buttons_init
 .text.dk_get_buttons
                0x0000000000023244        0xc zephyr/modules/nrf/lib/dk_buttons_and_leds/lib..__nrf__lib__dk_buttons_and_leds.a(dk_buttons_and_leds.c.obj)
                0x0000000000023244                dk_get_buttons
 .text.find_node
                0x0000000000023250       0x34 zephyr/modules/nrf/lib/at_notif/lib..__nrf__lib__at_notif.a(at_notif.c.obj)
 .text.module_init
                0x0000000000023284       0x1c zephyr/modules/nrf/lib/at_notif/lib..__nrf__lib__at_notif.a(at_notif.c.obj)
 .text.notif_dispatch
                0x00000000000232a0       0x3c zephyr/modules/nrf/lib/at_notif/lib..__nrf__lib__at_notif.a(at_notif.c.obj)
 .text.at_notif_register_handler
                0x00000000000232dc       0x70 zephyr/modules/nrf/lib/at_notif/lib..__nrf__lib__at_notif.a(at_notif.c.obj)
                0x00000000000232dc                at_notif_register_handler
 .text.at_notif_deregister_handler
                0x000000000002334c       0x70 zephyr/modules/nrf/lib/at_notif/lib..__nrf__lib__at_notif.a(at_notif.c.obj)
                0x000000000002334c                at_notif_deregister_handler
 .text.write_uart_string
                0x00000000000233bc       0x1c zephyr/modules/nrf/lib/at_host/lib..__nrf__lib__at_host.a(at_host.c.obj)
 .text.cmd_send
                0x00000000000233d8       0xb4 zephyr/modules/nrf/lib/at_host/lib..__nrf__lib__at_host.a(at_host.c.obj)
 .text.isr      0x000000000002348c      0x15c zephyr/modules/nrf/lib/at_host/lib..__nrf__lib__at_host.a(at_host.c.obj)
 .text.at_host_init
                0x00000000000235e8      0x14c zephyr/modules/nrf/lib/at_host/lib..__nrf__lib__at_host.a(at_host.c.obj)
 .text.at_parse_process_element
                0x0000000000023734      0x158 zephyr/modules/nrf/lib/at_cmd_parser/lib..__nrf__lib__at_cmd_parser.a(at_cmd_parser.c.obj)
 .text.at_parse_detect_type
                0x000000000002388c       0xa8 zephyr/modules/nrf/lib/at_cmd_parser/lib..__nrf__lib__at_cmd_parser.a(at_cmd_parser.c.obj)
 .text.at_parser_max_params_from_str
                0x0000000000023934      0x114 zephyr/modules/nrf/lib/at_cmd_parser/lib..__nrf__lib__at_cmd_parser.a(at_cmd_parser.c.obj)
                0x0000000000023934                at_parser_max_params_from_str
 .text.at_params_get
                0x0000000000023a48       0x44 zephyr/modules/nrf/lib/at_cmd_parser/lib..__nrf__lib__at_cmd_parser.a(at_params.c.obj)
 .text.at_param_size
                0x0000000000023a8c       0x50 zephyr/modules/nrf/lib/at_cmd_parser/lib..__nrf__lib__at_cmd_parser.a(at_params.c.obj)
 .text.at_param_clear
                0x0000000000023adc       0x44 zephyr/modules/nrf/lib/at_cmd_parser/lib..__nrf__lib__at_cmd_parser.a(at_params.c.obj)
 .text.at_params_list_clear
                0x0000000000023b20       0x70 zephyr/modules/nrf/lib/at_cmd_parser/lib..__nrf__lib__at_cmd_parser.a(at_params.c.obj)
                0x0000000000023b20                at_params_list_clear
 .text.modem_info_parse.isra.0
                0x0000000000023b90       0x2c zephyr/modules/nrf/lib/modem_info/lib..__nrf__lib__modem_info.a(modem_info.c.obj)
 .text.modem_info_rsrp_subscribe_handler
                0x0000000000023bbc       0x98 zephyr/modules/nrf/lib/modem_info/lib..__nrf__lib__modem_info.a(modem_info.c.obj)
 .text.modem_info_type_get
                0x0000000000023c54       0x14 zephyr/modules/nrf/lib/modem_info/lib..__nrf__lib__modem_info.a(modem_info.c.obj)
                0x0000000000023c54                modem_info_type_get
 .text.modem_info_name_get
                0x0000000000023c68       0x30 zephyr/modules/nrf/lib/modem_info/lib..__nrf__lib__modem_info.a(modem_info.c.obj)
                0x0000000000023c68                modem_info_name_get
 .text.modem_info_short_get
                0x0000000000023c98       0x64 zephyr/modules/nrf/lib/modem_info/lib..__nrf__lib__modem_info.a(modem_info.c.obj)
                0x0000000000023c98                modem_info_short_get
 .text.modem_info_string_get
                0x0000000000023cfc      0x114 zephyr/modules/nrf/lib/modem_info/lib..__nrf__lib__modem_info.a(modem_info.c.obj)
                0x0000000000023cfc                modem_info_string_get
 .text.modem_info_rsrp_register
                0x0000000000023e10       0x64 zephyr/modules/nrf/lib/modem_info/lib..__nrf__lib__modem_info.a(modem_info.c.obj)
                0x0000000000023e10                modem_info_rsrp_register
 .text.modem_info_init
                0x0000000000023e74        0xc zephyr/modules/nrf/lib/modem_info/lib..__nrf__lib__modem_info.a(modem_info.c.obj)
                0x0000000000023e74                modem_info_init
 .text.modem_data_get
                0x0000000000023e80       0x8c zephyr/modules/nrf/lib/modem_info/lib..__nrf__lib__modem_info.a(modem_info_params.c.obj)
 .text.modem_info_params_init
                0x0000000000023f0c       0xa0 zephyr/modules/nrf/lib/modem_info/lib..__nrf__lib__modem_info.a(modem_info_params.c.obj)
                0x0000000000023f0c                modem_info_params_init
 .text.modem_info_params_get
                0x0000000000023fac      0x198 zephyr/modules/nrf/lib/modem_info/lib..__nrf__lib__modem_info.a(modem_info_params.c.obj)
                0x0000000000023fac                modem_info_params_get
 .text.network_data_add
                0x0000000000024144       0xf4 zephyr/modules/nrf/lib/modem_info/lib..__nrf__lib__modem_info.a(modem_info_json.c.obj)
 .text.device_data_add
                0x0000000000024238       0x68 zephyr/modules/nrf/lib/modem_info/lib..__nrf__lib__modem_info.a(modem_info_json.c.obj)
 .text.modem_info_json_object_encode
                0x00000000000242a0       0xc0 zephyr/modules/nrf/lib/modem_info/lib..__nrf__lib__modem_info.a(modem_info_json.c.obj)
                0x00000000000242a0                modem_info_json_object_encode
 .text.cloud_get_binding
                0x0000000000024360       0x34 zephyr/modules/nrf/subsys/net/lib/cloud/lib..__nrf__subsys__net__lib__cloud.a(cloud.c.obj)
                0x0000000000024360                cloud_get_binding
 .text.uninit   0x0000000000024394       0x30 zephyr/modules/nrf/subsys/net/lib/nrf_cloud/lib..__nrf__subsys__net__lib__nrf_cloud.a(nrf_cloud.c.obj)
 .text.event_handler
                0x00000000000243c4      0x1d0 zephyr/modules/nrf/subsys/net/lib/nrf_cloud/lib..__nrf__subsys__net__lib__nrf_cloud.a(nrf_cloud.c.obj)
 .text.send     0x0000000000024594       0xd4 zephyr/modules/nrf/subsys/net/lib/nrf_cloud/lib..__nrf__subsys__net__lib__nrf_cloud.a(nrf_cloud.c.obj)
 .text.nfsm_get_current_state
                0x0000000000024668        0xc zephyr/modules/nrf/subsys/net/lib/nrf_cloud/lib..__nrf__subsys__net__lib__nrf_cloud.a(nrf_cloud.c.obj)
                0x0000000000024668                nfsm_get_current_state
 .text.nfsm_set_current_state_and_notify
                0x0000000000024674       0x54 zephyr/modules/nrf/subsys/net/lib/nrf_cloud/lib..__nrf__subsys__net__lib__nrf_cloud.a(nrf_cloud.c.obj)
                0x0000000000024674                nfsm_set_current_state_and_notify
 .text.nrf_cloud_init
                0x00000000000246c8       0x40 zephyr/modules/nrf/subsys/net/lib/nrf_cloud/lib..__nrf__subsys__net__lib__nrf_cloud.a(nrf_cloud.c.obj)
                0x00000000000246c8                nrf_cloud_init
 .text.init     0x0000000000024708       0x24 zephyr/modules/nrf/subsys/net/lib/nrf_cloud/lib..__nrf__subsys__net__lib__nrf_cloud.a(nrf_cloud.c.obj)
 .text.nrf_cloud_connect
                0x000000000002472c       0x18 zephyr/modules/nrf/subsys/net/lib/nrf_cloud/lib..__nrf__subsys__net__lib__nrf_cloud.a(nrf_cloud.c.obj)
                0x000000000002472c                nrf_cloud_connect
 .text.nrf_cloud_disconnect
                0x0000000000024744       0x18 zephyr/modules/nrf/subsys/net/lib/nrf_cloud/lib..__nrf__subsys__net__lib__nrf_cloud.a(nrf_cloud.c.obj)
                0x0000000000024744                nrf_cloud_disconnect
 .text.nct_input
                0x000000000002475c        0xc zephyr/modules/nrf/subsys/net/lib/nrf_cloud/lib..__nrf__subsys__net__lib__nrf_cloud.a(nrf_cloud.c.obj)
                0x000000000002475c                nct_input
 .text.nct_apply_update
                0x0000000000024768       0x10 zephyr/modules/nrf/subsys/net/lib/nrf_cloud/lib..__nrf__subsys__net__lib__nrf_cloud.a(nrf_cloud.c.obj)
                0x0000000000024768                nct_apply_update
 .text.nrf_cloud_decode_requested_state
                0x0000000000024778      0x18c zephyr/modules/nrf/subsys/net/lib/nrf_cloud/lib..__nrf__subsys__net__lib__nrf_cloud.a(nrf_cloud_codec.c.obj)
                0x0000000000024778                nrf_cloud_decode_requested_state
 .text.nrf_cloud_encode_state
                0x0000000000024904      0x1b0 zephyr/modules/nrf/subsys/net/lib/nrf_cloud/lib..__nrf__subsys__net__lib__nrf_cloud.a(nrf_cloud_codec.c.obj)
                0x0000000000024904                nrf_cloud_encode_state
 .text.nrf_cloud_decode_data_endpoint
                0x0000000000024ab4      0x190 zephyr/modules/nrf/subsys/net/lib/nrf_cloud/lib..__nrf__subsys__net__lib__nrf_cloud.a(nrf_cloud_codec.c.obj)
                0x0000000000024ab4                nrf_cloud_decode_data_endpoint
 .text.state_ua_pin_wait
                0x0000000000024c44       0xa8 zephyr/modules/nrf/subsys/net/lib/nrf_cloud/lib..__nrf__subsys__net__lib__nrf_cloud.a(nrf_cloud_fsm.c.obj)
 .text.initiate_cmd_handler
                0x0000000000024cec       0x50 zephyr/modules/nrf/subsys/net/lib/nrf_cloud/lib..__nrf__subsys__net__lib__nrf_cloud.a(nrf_cloud_fsm.c.obj)
 .text.initiate_n_complete_request_handler
                0x0000000000024d3c      0x12c zephyr/modules/nrf/subsys/net/lib/nrf_cloud/lib..__nrf__subsys__net__lib__nrf_cloud.a(nrf_cloud_fsm.c.obj)
 .text.cc_connection_handler
                0x0000000000024e68       0x4c zephyr/modules/nrf/subsys/net/lib/nrf_cloud/lib..__nrf__subsys__net__lib__nrf_cloud.a(nrf_cloud_fsm.c.obj)
 .text.initiate_cmd_in_dc_conn_handler
                0x0000000000024eb4       0x54 zephyr/modules/nrf/subsys/net/lib/nrf_cloud/lib..__nrf__subsys__net__lib__nrf_cloud.a(nrf_cloud_fsm.c.obj)
 .text.nfsm_handle_incoming_event
                0x0000000000024f08       0xa8 zephyr/modules/nrf/subsys/net/lib/nrf_cloud/lib..__nrf__subsys__net__lib__nrf_cloud.a(nrf_cloud_fsm.c.obj)
                0x0000000000024f08                nfsm_handle_incoming_event
 .text.dc_endpoint_reset
                0x0000000000024fb0       0x18 zephyr/modules/nrf/subsys/net/lib/nrf_cloud/lib..__nrf__subsys__net__lib__nrf_cloud.a(nrf_cloud_transport.c.obj)
 .text.dc_send  0x0000000000024fc8       0x74 zephyr/modules/nrf/subsys/net/lib/nrf_cloud/lib..__nrf__subsys__net__lib__nrf_cloud.a(nrf_cloud_transport.c.obj)
 .text.dc_endpoint_free
                0x000000000002503c       0x30 zephyr/modules/nrf/subsys/net/lib/nrf_cloud/lib..__nrf__subsys__net__lib__nrf_cloud.a(nrf_cloud_transport.c.obj)
 .text.aws_fota_cb_handler
                0x000000000002506c       0x64 zephyr/modules/nrf/subsys/net/lib/nrf_cloud/lib..__nrf__subsys__net__lib__nrf_cloud.a(nrf_cloud_transport.c.obj)
 .text.nct_mqtt_evt_handler
                0x00000000000250d0      0x2ac zephyr/modules/nrf/subsys/net/lib/nrf_cloud/lib..__nrf__subsys__net__lib__nrf_cloud.a(nrf_cloud_transport.c.obj)
 .text.nct_mqtt_connect
                0x000000000002537c       0xb8 zephyr/modules/nrf/subsys/net/lib/nrf_cloud/lib..__nrf__subsys__net__lib__nrf_cloud.a(nrf_cloud_transport.c.obj)
                0x000000000002537c                nct_mqtt_connect
 .text.nct_init
                0x0000000000025434      0x2a8 zephyr/modules/nrf/subsys/net/lib/nrf_cloud/lib..__nrf__subsys__net__lib__nrf_cloud.a(nrf_cloud_transport.c.obj)
                0x0000000000025434                nct_init
 .text.nct_connect
                0x00000000000256dc      0x164 zephyr/modules/nrf/subsys/net/lib/nrf_cloud/lib..__nrf__subsys__net__lib__nrf_cloud.a(nrf_cloud_transport.c.obj)
                0x00000000000256dc                nct_connect
 .text.nct_cc_connect
                0x0000000000025840       0x54 zephyr/modules/nrf/subsys/net/lib/nrf_cloud/lib..__nrf__subsys__net__lib__nrf_cloud.a(nrf_cloud_transport.c.obj)
                0x0000000000025840                nct_cc_connect
 .text.nct_cc_send
                0x0000000000025894       0xfc zephyr/modules/nrf/subsys/net/lib/nrf_cloud/lib..__nrf__subsys__net__lib__nrf_cloud.a(nrf_cloud_transport.c.obj)
                0x0000000000025894                nct_cc_send
 .text.nct_dc_endpoint_set
                0x0000000000025990       0x68 zephyr/modules/nrf/subsys/net/lib/nrf_cloud/lib..__nrf__subsys__net__lib__nrf_cloud.a(nrf_cloud_transport.c.obj)
                0x0000000000025990                nct_dc_endpoint_set
 .text.nct_dc_endpoint_get
                0x00000000000259f8       0x64 zephyr/modules/nrf/subsys/net/lib/nrf_cloud/lib..__nrf__subsys__net__lib__nrf_cloud.a(nrf_cloud_transport.c.obj)
                0x00000000000259f8                nct_dc_endpoint_get
 .text.nct_dc_connect
                0x0000000000025a5c       0x64 zephyr/modules/nrf/subsys/net/lib/nrf_cloud/lib..__nrf__subsys__net__lib__nrf_cloud.a(nrf_cloud_transport.c.obj)
                0x0000000000025a5c                nct_dc_connect
 .text.nct_dc_disconnect
                0x0000000000025ac0       0x54 zephyr/modules/nrf/subsys/net/lib/nrf_cloud/lib..__nrf__subsys__net__lib__nrf_cloud.a(nrf_cloud_transport.c.obj)
                0x0000000000025ac0                nct_dc_disconnect
 .text.nct_disconnect
                0x0000000000025b14       0x44 zephyr/modules/nrf/subsys/net/lib/nrf_cloud/lib..__nrf__subsys__net__lib__nrf_cloud.a(nrf_cloud_transport.c.obj)
                0x0000000000025b14                nct_disconnect
 .text.nct_process
                0x0000000000025b58       0x18 zephyr/modules/nrf/subsys/net/lib/nrf_cloud/lib..__nrf__subsys__net__lib__nrf_cloud.a(nrf_cloud_transport.c.obj)
                0x0000000000025b58                nct_process
 .text.nct_socket_get
                0x0000000000025b70        0xc zephyr/modules/nrf/subsys/net/lib/nrf_cloud/lib..__nrf__subsys__net__lib__nrf_cloud.a(nrf_cloud_transport.c.obj)
                0x0000000000025b70                nct_socket_get
 .text.setsockopt
                0x0000000000025b7c       0x70 zephyr/modules/nrf/subsys/net/lib/download_client/lib..__nrf__subsys__net__lib__download_client.a(download_client.c.obj)
 .text.close    0x0000000000025bec       0x58 zephyr/modules/nrf/subsys/net/lib/download_client/lib..__nrf__subsys__net__lib__download_client.a(download_client.c.obj)
 .text.get_request_send
                0x0000000000025c44      0x194 zephyr/modules/nrf/subsys/net/lib/download_client/lib..__nrf__subsys__net__lib__download_client.a(download_client.c.obj)
 .text.download_client_init
                0x0000000000025dd8       0x54 zephyr/modules/nrf/subsys/net/lib/download_client/lib..__nrf__subsys__net__lib__download_client.a(download_client.c.obj)
                0x0000000000025dd8                download_client_init
 .text.download_client_connect
                0x0000000000025e2c      0x36c zephyr/modules/nrf/subsys/net/lib/download_client/lib..__nrf__subsys__net__lib__download_client.a(download_client.c.obj)
                0x0000000000025e2c                download_client_connect
 .text.download_client_disconnect
                0x0000000000026198       0x5c zephyr/modules/nrf/subsys/net/lib/download_client/lib..__nrf__subsys__net__lib__download_client.a(download_client.c.obj)
                0x0000000000026198                download_client_disconnect
 .text.reconnect
                0x00000000000261f4       0x4c zephyr/modules/nrf/subsys/net/lib/download_client/lib..__nrf__subsys__net__lib__download_client.a(download_client.c.obj)
 .text.download_thread
                0x0000000000026240      0x450 zephyr/modules/nrf/subsys/net/lib/download_client/lib..__nrf__subsys__net__lib__download_client.a(download_client.c.obj)
                0x0000000000026240                download_thread
 .text.download_client_start
                0x0000000000026690       0x80 zephyr/modules/nrf/subsys/net/lib/download_client/lib..__nrf__subsys__net__lib__download_client.a(download_client.c.obj)
                0x0000000000026690                download_client_start
 .text.download_with_offset
                0x0000000000026710       0x70 zephyr/modules/nrf/subsys/net/lib/fota_download/lib..__nrf__subsys__net__lib__fota_download.a(fota_download.c.obj)
 .text.download_client_callback
                0x0000000000026780      0x208 zephyr/modules/nrf/subsys/net/lib/fota_download/lib..__nrf__subsys__net__lib__fota_download.a(fota_download.c.obj)
 .text.fota_download_start
                0x0000000000026988       0x58 zephyr/modules/nrf/subsys/net/lib/fota_download/lib..__nrf__subsys__net__lib__fota_download.a(fota_download.c.obj)
                0x0000000000026988                fota_download_start
 .text.fota_download_init
                0x00000000000269e0       0x38 zephyr/modules/nrf/subsys/net/lib/fota_download/lib..__nrf__subsys__net__lib__fota_download.a(fota_download.c.obj)
                0x00000000000269e0                fota_download_init
 .text.construct_topic
                0x0000000000026a18       0xf0 zephyr/modules/nrf/subsys/net/lib/aws_jobs/lib..__nrf__subsys__net__lib__aws_jobs.a(aws_jobs.c.obj)
 .text.reg_topic
                0x0000000000026b08       0x98 zephyr/modules/nrf/subsys/net/lib/aws_jobs/lib..__nrf__subsys__net__lib__aws_jobs.a(aws_jobs.c.obj)
 .text.publish  0x0000000000026ba0       0xa8 zephyr/modules/nrf/subsys/net/lib/aws_jobs/lib..__nrf__subsys__net__lib__aws_jobs.a(aws_jobs.c.obj)
 .text.aws_jobs_subscribe_topic_notify_next
                0x0000000000026c48       0x1c zephyr/modules/nrf/subsys/net/lib/aws_jobs/lib..__nrf__subsys__net__lib__aws_jobs.a(aws_jobs.c.obj)
                0x0000000000026c48                aws_jobs_subscribe_topic_notify_next
 .text.aws_jobs_unsubscribe_topic_notify_next
                0x0000000000026c64       0x1c zephyr/modules/nrf/subsys/net/lib/aws_jobs/lib..__nrf__subsys__net__lib__aws_jobs.a(aws_jobs.c.obj)
                0x0000000000026c64                aws_jobs_unsubscribe_topic_notify_next
 .text.aws_jobs_subscribe_topic_get
                0x0000000000026c80       0x1c zephyr/modules/nrf/subsys/net/lib/aws_jobs/lib..__nrf__subsys__net__lib__aws_jobs.a(aws_jobs.c.obj)
                0x0000000000026c80                aws_jobs_subscribe_topic_get
 .text.aws_jobs_subscribe_topic_update
                0x0000000000026c9c       0x1c zephyr/modules/nrf/subsys/net/lib/aws_jobs/lib..__nrf__subsys__net__lib__aws_jobs.a(aws_jobs.c.obj)
                0x0000000000026c9c                aws_jobs_subscribe_topic_update
 .text.aws_jobs_update_job_execution
                0x0000000000026cb8       0xc4 zephyr/modules/nrf/subsys/net/lib/aws_jobs/lib..__nrf__subsys__net__lib__aws_jobs.a(aws_jobs.c.obj)
                0x0000000000026cb8                aws_jobs_update_job_execution
 .text.aws_jobs_get_job_execution
                0x0000000000026d7c       0x2c zephyr/modules/nrf/subsys/net/lib/aws_jobs/lib..__nrf__subsys__net__lib__aws_jobs.a(aws_jobs.c.obj)
                0x0000000000026d7c                aws_jobs_get_job_execution
 .text.update_job_execution.constprop.0
                0x0000000000026da8       0xd4 zephyr/modules/nrf/subsys/net/lib/aws_fota/lib..__nrf__subsys__net__lib__aws_fota.a(aws_fota.c.obj)
 .text.http_fota_handler
                0x0000000000026e7c       0xc4 zephyr/modules/nrf/subsys/net/lib/aws_fota/lib..__nrf__subsys__net__lib__aws_fota.a(aws_fota.c.obj)
 .text.get_published_payload.constprop.1
                0x0000000000026f40       0x40 zephyr/modules/nrf/subsys/net/lib/aws_fota/lib..__nrf__subsys__net__lib__aws_fota.a(aws_fota.c.obj)
 .text.aws_fota_mqtt_evt_handler
                0x0000000000026f80      0x498 zephyr/modules/nrf/subsys/net/lib/aws_fota/lib..__nrf__subsys__net__lib__aws_fota.a(aws_fota.c.obj)
                0x0000000000026f80                aws_fota_mqtt_evt_handler
 .text.aws_fota_init
                0x0000000000027418       0x80 zephyr/modules/nrf/subsys/net/lib/aws_fota/lib..__nrf__subsys__net__lib__aws_fota.a(aws_fota.c.obj)
                0x0000000000027418                aws_fota_init
 .text.aws_fota_parse_notify_next_document
                0x0000000000027498       0x48 zephyr/modules/nrf/subsys/net/lib/aws_fota/lib..__nrf__subsys__net__lib__aws_fota.a(aws_fota_json.c.obj)
                0x0000000000027498                aws_fota_parse_notify_next_document
 .text.dfu_target_img_type
                0x00000000000274e0       0x50 zephyr/modules/nrf/subsys/dfu/lib..__nrf__subsys__dfu.a(dfu_target.c.obj)
                0x00000000000274e0                dfu_target_img_type
 .text.dfu_target_init
                0x0000000000027530       0x64 zephyr/modules/nrf/subsys/dfu/lib..__nrf__subsys__dfu.a(dfu_target.c.obj)
                0x0000000000027530                dfu_target_init
 .text.dfu_target_offset_get
                0x0000000000027594       0x14 zephyr/modules/nrf/subsys/dfu/lib..__nrf__subsys__dfu.a(dfu_target.c.obj)
                0x0000000000027594                dfu_target_offset_get
 .text.dfu_target_write
                0x00000000000275a8       0x18 zephyr/modules/nrf/subsys/dfu/lib..__nrf__subsys__dfu.a(dfu_target.c.obj)
                0x00000000000275a8                dfu_target_write
 .text.dfu_target_done
                0x00000000000275c0       0x50 zephyr/modules/nrf/subsys/dfu/lib..__nrf__subsys__dfu.a(dfu_target.c.obj)
                0x00000000000275c0                dfu_target_done
 .text.getsockopt.constprop.2
                0x0000000000027610       0x70 zephyr/modules/nrf/subsys/dfu/lib..__nrf__subsys__dfu.a(dfu_target_modem.c.obj)
 .text.get_modem_error
                0x0000000000027680       0x54 zephyr/modules/nrf/subsys/dfu/lib..__nrf__subsys__dfu.a(dfu_target_modem.c.obj)
 .text.setsockopt.constprop.3
                0x00000000000276d4       0x70 zephyr/modules/nrf/subsys/dfu/lib..__nrf__subsys__dfu.a(dfu_target_modem.c.obj)
 .text.delete_banked_modem_fw
                0x0000000000027744       0xe4 zephyr/modules/nrf/subsys/dfu/lib..__nrf__subsys__dfu.a(dfu_target_modem.c.obj)
 .text.dfu_target_modem_identify
                0x0000000000027828       0x10 zephyr/modules/nrf/subsys/dfu/lib..__nrf__subsys__dfu.a(dfu_target_modem.c.obj)
                0x0000000000027828                dfu_target_modem_identify
 .text.dfu_target_modem_init
                0x0000000000027838      0x1d8 zephyr/modules/nrf/subsys/dfu/lib..__nrf__subsys__dfu.a(dfu_target_modem.c.obj)
                0x0000000000027838                dfu_target_modem_init
 .text.dfu_target_modem_offset_get
                0x0000000000027a10       0x10 zephyr/modules/nrf/subsys/dfu/lib..__nrf__subsys__dfu.a(dfu_target_modem.c.obj)
                0x0000000000027a10                dfu_target_modem_offset_get
 .text.dfu_target_modem_write
                0x0000000000027a20       0xe0 zephyr/modules/nrf/subsys/dfu/lib..__nrf__subsys__dfu.a(dfu_target_modem.c.obj)
                0x0000000000027a20                dfu_target_modem_write
 .text.dfu_target_modem_done
                0x0000000000027b00      0x114 zephyr/modules/nrf/subsys/dfu/lib..__nrf__subsys__dfu.a(dfu_target_modem.c.obj)
                0x0000000000027b00                dfu_target_modem_done
 .text.dfu_target_mcuboot_identify
                0x0000000000027c14       0x10 zephyr/modules/nrf/subsys/dfu/lib..__nrf__subsys__dfu.a(dfu_target_mcuboot.c.obj)
                0x0000000000027c14                dfu_target_mcuboot_identify
 .text.dfu_target_mcuboot_init
                0x0000000000027c24       0x78 zephyr/modules/nrf/subsys/dfu/lib..__nrf__subsys__dfu.a(dfu_target_mcuboot.c.obj)
                0x0000000000027c24                dfu_target_mcuboot_init
 .text.dfu_target_mcuboot_offset_get
                0x0000000000027c9c       0x10 zephyr/modules/nrf/subsys/dfu/lib..__nrf__subsys__dfu.a(dfu_target_mcuboot.c.obj)
                0x0000000000027c9c                dfu_target_mcuboot_offset_get
 .text.dfu_target_mcuboot_write
                0x0000000000027cac       0x54 zephyr/modules/nrf/subsys/dfu/lib..__nrf__subsys__dfu.a(dfu_target_mcuboot.c.obj)
                0x0000000000027cac                dfu_target_mcuboot_write
 .text.dfu_target_mcuboot_done
                0x0000000000027d00       0x98 zephyr/modules/nrf/subsys/dfu/lib..__nrf__subsys__dfu.a(dfu_target_mcuboot.c.obj)
                0x0000000000027d00                dfu_target_mcuboot_done
 .text.abi_getter
                0x0000000000027d98       0x4c zephyr/modules/nrf/subsys/fw_info/lib..__nrf__subsys__fw_info.a(fw_info.c.obj)
                0x0000000000027d98                abi_getter
 .text.close    0x0000000000027de4       0x58 zephyr/modules/nrf/drivers/at_cmd/lib..__nrf__drivers__at_cmd.a(at_cmd.c.obj)
 .text.callback_worker
                0x0000000000027e3c       0x20 zephyr/modules/nrf/drivers/at_cmd/lib..__nrf__drivers__at_cmd.a(at_cmd.c.obj)
 .text.open_socket
                0x0000000000027e5c       0x74 zephyr/modules/nrf/drivers/at_cmd/lib..__nrf__drivers__at_cmd.a(at_cmd.c.obj)
 .text.at_write
                0x0000000000027ed0       0xfc zephyr/modules/nrf/drivers/at_cmd/lib..__nrf__drivers__at_cmd.a(at_cmd.c.obj)
 .text.socket_thread_fn
                0x0000000000027fcc      0x2e8 zephyr/modules/nrf/drivers/at_cmd/lib..__nrf__drivers__at_cmd.a(at_cmd.c.obj)
 .text.at_cmd_driver_init
                0x00000000000282b4       0x68 zephyr/modules/nrf/drivers/at_cmd/lib..__nrf__drivers__at_cmd.a(at_cmd.c.obj)
 .text.at_cmd_write
                0x000000000002831c       0x44 zephyr/modules/nrf/drivers/at_cmd/lib..__nrf__drivers__at_cmd.a(at_cmd.c.obj)
                0x000000000002831c                at_cmd_write
 .text.at_cmd_set_notification_handler
                0x0000000000028360       0x28 zephyr/modules/nrf/drivers/at_cmd/lib..__nrf__drivers__at_cmd.a(at_cmd.c.obj)
                0x0000000000028360                at_cmd_set_notification_handler
 .text.w_lte_lc_init
                0x0000000000028388       0x1c zephyr/modules/nrf/drivers/lte_link_control/lib..__nrf__drivers__lte_link_control.a(lte_lc.c.obj)
 .text.parse_nw_reg_status
                0x00000000000283a4      0x160 zephyr/modules/nrf/drivers/lte_link_control/lib..__nrf__drivers__lte_link_control.a(lte_lc.c.obj)
 .text.at_handler
                0x0000000000028504       0x98 zephyr/modules/nrf/drivers/lte_link_control/lib..__nrf__drivers__lte_link_control.a(lte_lc.c.obj)
                0x0000000000028504                at_handler
 .text.w_lte_lc_connect
                0x000000000002859c      0x14c zephyr/modules/nrf/drivers/lte_link_control/lib..__nrf__drivers__lte_link_control.a(lte_lc.c.obj)
 .text.lte_lc_power_off
                0x00000000000286e8       0x1c zephyr/modules/nrf/drivers/lte_link_control/lib..__nrf__drivers__lte_link_control.a(lte_lc.c.obj)
                0x00000000000286e8                lte_lc_power_off
 .text.lte_lc_psm_req
                0x0000000000028704       0x2c zephyr/modules/nrf/drivers/lte_link_control/lib..__nrf__drivers__lte_link_control.a(lte_lc.c.obj)
                0x0000000000028704                lte_lc_psm_req
 .text.sensor_sim_channel_get
                0x0000000000028730       0x80 zephyr/modules/nrf/drivers/sensor/sensor_sim/lib..__nrf__drivers__sensor__sensor_sim.a(sensor_sim.c.obj)
 .text.sensor_sim_trigger_set
                0x00000000000287b0       0x44 zephyr/modules/nrf/drivers/sensor/sensor_sim/lib..__nrf__drivers__sensor__sensor_sim.a(sensor_sim.c.obj)
 .text.generate_sine.constprop.2
                0x00000000000287f4       0x3c zephyr/modules/nrf/drivers/sensor/sensor_sim/lib..__nrf__drivers__sensor__sensor_sim.a(sensor_sim.c.obj)
 .text.sensor_sim_init
                0x0000000000028830       0x3c zephyr/modules/nrf/drivers/sensor/sensor_sim/lib..__nrf__drivers__sensor__sensor_sim.a(sensor_sim.c.obj)
 .text.start    0x000000000002886c      0x418 zephyr/modules/nrf/drivers/nrf9160_gps/lib..__nrf__drivers__nrf9160_gps.a(nrf9160_gps.c.obj)
 .text.channel_get
                0x0000000000028c84       0x44 zephyr/modules/nrf/drivers/nrf9160_gps/lib..__nrf__drivers__nrf9160_gps.a(nrf9160_gps.c.obj)
 .text.trigger_set
                0x0000000000028cc8       0x5c zephyr/modules/nrf/drivers/nrf9160_gps/lib..__nrf__drivers__nrf9160_gps.a(nrf9160_gps.c.obj)
 .text.gps_thread
                0x0000000000028d24      0x3d4 zephyr/modules/nrf/drivers/nrf9160_gps/lib..__nrf__drivers__nrf9160_gps.a(nrf9160_gps.c.obj)
 .text.stop     0x00000000000290f8       0x78 zephyr/modules/nrf/drivers/nrf9160_gps/lib..__nrf__drivers__nrf9160_gps.a(nrf9160_gps.c.obj)
 .text.init     0x0000000000029170      0x11c zephyr/modules/nrf/drivers/nrf9160_gps/lib..__nrf__drivers__nrf9160_gps.a(nrf9160_gps.c.obj)
 .text.ip_client_event_handler
                0x000000000002928c        0xc /Users/justin/Github/FORKS/fsm_cleanup/nrfxlib/bsdlib/lib/cortex-m33/hard-float/libbsd_nrf9160_xxaa.a(obfuscated.elf)
 .text.rpc_ip_client_init
                0x0000000000029298        0xc /Users/justin/Github/FORKS/fsm_cleanup/nrfxlib/bsdlib/lib/cortex-m33/hard-float/libbsd_nrf9160_xxaa.a(obfuscated.elf)
                0x0000000000029298                rpc_ip_client_init
 .text.rpc_ip_client_request_alloc
                0x00000000000292a4       0x28 /Users/justin/Github/FORKS/fsm_cleanup/nrfxlib/bsdlib/lib/cortex-m33/hard-float/libbsd_nrf9160_xxaa.a(obfuscated.elf)
                0x00000000000292a4                rpc_ip_client_request_alloc
 .text.rpc_ip_client_request_send
                0x00000000000292cc       0x2c /Users/justin/Github/FORKS/fsm_cleanup/nrfxlib/bsdlib/lib/cortex-m33/hard-float/libbsd_nrf9160_xxaa.a(obfuscated.elf)
                0x00000000000292cc                rpc_ip_client_request_send
 .text.rpc_ip_client_message_free
                0x00000000000292f8       0x10 /Users/justin/Github/FORKS/fsm_cleanup/nrfxlib/bsdlib/lib/cortex-m33/hard-float/libbsd_nrf9160_xxaa.a(obfuscated.elf)
                0x00000000000292f8                rpc_ip_client_message_free
 .text.rpc_ip_client_data_free
                0x0000000000029308       0x10 /Users/justin/Github/FORKS/fsm_cleanup/nrfxlib/bsdlib/lib/cortex-m33/hard-float/libbsd_nrf9160_xxaa.a(obfuscated.elf)
                0x0000000000029308                rpc_ip_client_data_free
 .text.mbedtls_asn1_write_len.part.0
                0x0000000000029318       0xc0 /Users/justin/Github/FORKS/fsm_cleanup/nrfxlib/bsdlib/lib/cortex-m33/hard-float/libbsd_nrf9160_xxaa.a(obfuscated.elf)
 .text.mbedtls_asn1_write_len
                0x00000000000293d8       0xf4 /Users/justin/Github/FORKS/fsm_cleanup/nrfxlib/bsdlib/lib/cortex-m33/hard-float/libbsd_nrf9160_xxaa.a(obfuscated.elf)
                0x00000000000293d8                symbol_000646e
 .text.mbedtls_asn1_write_tag
                0x00000000000294cc       0x1c /Users/justin/Github/FORKS/fsm_cleanup/nrfxlib/bsdlib/lib/cortex-m33/hard-float/libbsd_nrf9160_xxaa.a(obfuscated.elf)
                0x00000000000294cc                symbol_00036c0
 .text.mbedtls_asn1_write_oid
                0x00000000000294e8       0x90 /Users/justin/Github/FORKS/fsm_cleanup/nrfxlib/bsdlib/lib/cortex-m33/hard-float/libbsd_nrf9160_xxaa.a(obfuscated.elf)
                0x00000000000294e8                symbol_0008475
 .text.mbedtls_asn1_write_algorithm_identifier
                0x0000000000029578      0x12c /Users/justin/Github/FORKS/fsm_cleanup/nrfxlib/bsdlib/lib/cortex-m33/hard-float/libbsd_nrf9160_xxaa.a(obfuscated.elf)
                0x0000000000029578                symbol_0002662
 .text.mbedtls_pk_write_pubkey_pem
                0x00000000000296a4      0x158 /Users/justin/Github/FORKS/fsm_cleanup/nrfxlib/bsdlib/lib/cortex-m33/hard-float/libbsd_nrf9160_xxaa.a(obfuscated.elf)
                0x00000000000296a4                symbol_0005bf5
 .text.authenticated_atcmd_init
                0x00000000000297fc      0x104 /Users/justin/Github/FORKS/fsm_cleanup/nrfxlib/bsdlib/lib/cortex-m33/hard-float/libbsd_nrf9160_xxaa.a(obfuscated.elf)
                0x00000000000297fc                authenticated_atcmd_init
 .text.authenticated_atcmd_shutdown
                0x0000000000029900        0xc /Users/justin/Github/FORKS/fsm_cleanup/nrfxlib/bsdlib/lib/cortex-m33/hard-float/libbsd_nrf9160_xxaa.a(obfuscated.elf)
                0x0000000000029900                authenticated_atcmd_shutdown
 .text.gnss_client_event_handler
                0x000000000002990c        0xc /Users/justin/Github/FORKS/fsm_cleanup/nrfxlib/bsdlib/lib/cortex-m33/hard-float/libbsd_nrf9160_xxaa.a(obfuscated.elf)
 .text.rpc_gnss_client_init
                0x0000000000029918        0xc /Users/justin/Github/FORKS/fsm_cleanup/nrfxlib/bsdlib/lib/cortex-m33/hard-float/libbsd_nrf9160_xxaa.a(obfuscated.elf)
                0x0000000000029918                rpc_gnss_client_init
 .text.rpc_gnss_client_request_alloc
                0x0000000000029924       0x28 /Users/justin/Github/FORKS/fsm_cleanup/nrfxlib/bsdlib/lib/cortex-m33/hard-float/libbsd_nrf9160_xxaa.a(obfuscated.elf)
                0x0000000000029924                rpc_gnss_client_request_alloc
 .text.rpc_gnss_client_request_send
                0x000000000002994c       0x2c /Users/justin/Github/FORKS/fsm_cleanup/nrfxlib/bsdlib/lib/cortex-m33/hard-float/libbsd_nrf9160_xxaa.a(obfuscated.elf)
                0x000000000002994c                rpc_gnss_client_request_send
 .text.rpc_gnss_client_message_free
                0x0000000000029978       0x10 /Users/justin/Github/FORKS/fsm_cleanup/nrfxlib/bsdlib/lib/cortex-m33/hard-float/libbsd_nrf9160_xxaa.a(obfuscated.elf)
                0x0000000000029978                rpc_gnss_client_message_free
 .text.rpc_gnss_client_data_free
                0x0000000000029988       0x10 /Users/justin/Github/FORKS/fsm_cleanup/nrfxlib/bsdlib/lib/cortex-m33/hard-float/libbsd_nrf9160_xxaa.a(obfuscated.elf)
                0x0000000000029988                rpc_gnss_client_data_free
 .text.eckey_can_do
                0x0000000000029998        0xc /Users/justin/Github/FORKS/fsm_cleanup/nrfxlib/bsdlib/lib/cortex-m33/hard-float/libbsd_nrf9160_xxaa.a(obfuscated.elf)
 .text.eckey_get_bitlen
                0x00000000000299a4        0x4 /Users/justin/Github/FORKS/fsm_cleanup/nrfxlib/bsdlib/lib/cortex-m33/hard-float/libbsd_nrf9160_xxaa.a(obfuscated.elf)
 .text.eckey_debug
                0x00000000000299a8       0x14 /Users/justin/Github/FORKS/fsm_cleanup/nrfxlib/bsdlib/lib/cortex-m33/hard-float/libbsd_nrf9160_xxaa.a(obfuscated.elf)
 .text.eckeydh_can_do
                0x00000000000299bc        0xc /Users/justin/Github/FORKS/fsm_cleanup/nrfxlib/bsdlib/lib/cortex-m33/hard-float/libbsd_nrf9160_xxaa.a(obfuscated.elf)
 .text.eckey_free_wrap
                0x00000000000299c8       0x14 /Users/justin/Github/FORKS/fsm_cleanup/nrfxlib/bsdlib/lib/cortex-m33/hard-float/libbsd_nrf9160_xxaa.a(obfuscated.elf)
 .text.eckey_alloc_wrap
                0x00000000000299dc       0x18 /Users/justin/Github/FORKS/fsm_cleanup/nrfxlib/bsdlib/lib/cortex-m33/hard-float/libbsd_nrf9160_xxaa.a(obfuscated.elf)
 .text.eckey_check_pair
                0x00000000000299f4        0x4 /Users/justin/Github/FORKS/fsm_cleanup/nrfxlib/bsdlib/lib/cortex-m33/hard-float/libbsd_nrf9160_xxaa.a(obfuscated.elf)
 .text.mbedtls_base64_encode
                0x00000000000299f8      0x120 /Users/justin/Github/FORKS/fsm_cleanup/nrfxlib/bsdlib/lib/cortex-m33/hard-float/libbsd_nrf9160_xxaa.a(obfuscated.elf)
                0x00000000000299f8                symbol_0005c7f
 .text.packet_free_cb
                0x0000000000029b18       0x38 /Users/justin/Github/FORKS/fsm_cleanup/nrfxlib/bsdlib/lib/cortex-m33/hard-float/libbsd_nrf9160_xxaa.a(obfuscated.elf)
 .text.at_interface_write
                0x0000000000029b50       0xa8 /Users/justin/Github/FORKS/fsm_cleanup/nrfxlib/bsdlib/lib/cortex-m33/hard-float/libbsd_nrf9160_xxaa.a(obfuscated.elf)
                0x0000000000029b50                at_interface_write
 .text.at_interface_init
                0x0000000000029bf8        0x4 /Users/justin/Github/FORKS/fsm_cleanup/nrfxlib/bsdlib/lib/cortex-m33/hard-float/libbsd_nrf9160_xxaa.a(obfuscated.elf)
                0x0000000000029bf8                at_interface_init
 .text.at_interface_open
                0x0000000000029bfc       0x94 /Users/justin/Github/FORKS/fsm_cleanup/nrfxlib/bsdlib/lib/cortex-m33/hard-float/libbsd_nrf9160_xxaa.a(obfuscated.elf)
                0x0000000000029bfc                at_interface_open
 .text.at_interface_close
                0x0000000000029c90       0x90 /Users/justin/Github/FORKS/fsm_cleanup/nrfxlib/bsdlib/lib/cortex-m33/hard-float/libbsd_nrf9160_xxaa.a(obfuscated.elf)
                0x0000000000029c90                at_interface_close
 .text.at_interface_read
                0x0000000000029d20       0xb8 /Users/justin/Github/FORKS/fsm_cleanup/nrfxlib/bsdlib/lib/cortex-m33/hard-float/libbsd_nrf9160_xxaa.a(obfuscated.elf)
                0x0000000000029d20                at_interface_read
 .text.at_interface_getopt
                0x0000000000029dd8        0x4 /Users/justin/Github/FORKS/fsm_cleanup/nrfxlib/bsdlib/lib/cortex-m33/hard-float/libbsd_nrf9160_xxaa.a(obfuscated.elf)
                0x0000000000029dd8                at_interface_getopt
 .text.at_interface_setopt
                0x0000000000029ddc        0x4 /Users/justin/Github/FORKS/fsm_cleanup/nrfxlib/bsdlib/lib/cortex-m33/hard-float/libbsd_nrf9160_xxaa.a(obfuscated.elf)
                0x0000000000029ddc                at_interface_setopt
 .text.rpc_at_event_handler
                0x0000000000029de0       0xa4 /Users/justin/Github/FORKS/fsm_cleanup/nrfxlib/bsdlib/lib/cortex-m33/hard-float/libbsd_nrf9160_xxaa.a(obfuscated.elf)
                0x0000000000029de0                rpc_at_event_handler
 .text.at_client_evt_handler
                0x0000000000029e84       0x10 /Users/justin/Github/FORKS/fsm_cleanup/nrfxlib/bsdlib/lib/cortex-m33/hard-float/libbsd_nrf9160_xxaa.a(obfuscated.elf)
 .text.rpc_at_client_init
                0x0000000000029e94        0xc /Users/justin/Github/FORKS/fsm_cleanup/nrfxlib/bsdlib/lib/cortex-m33/hard-float/libbsd_nrf9160_xxaa.a(obfuscated.elf)
                0x0000000000029e94                rpc_at_client_init
 .text.rpc_at_client_request_alloc
                0x0000000000029ea0       0x28 /Users/justin/Github/FORKS/fsm_cleanup/nrfxlib/bsdlib/lib/cortex-m33/hard-float/libbsd_nrf9160_xxaa.a(obfuscated.elf)
                0x0000000000029ea0                rpc_at_client_request_alloc
 .text.rpc_at_client_request_send
                0x0000000000029ec8       0x1c /Users/justin/Github/FORKS/fsm_cleanup/nrfxlib/bsdlib/lib/cortex-m33/hard-float/libbsd_nrf9160_xxaa.a(obfuscated.elf)
                0x0000000000029ec8                rpc_at_client_request_send
 .text.rpc_at_client_message_free
                0x0000000000029ee4       0x10 /Users/justin/Github/FORKS/fsm_cleanup/nrfxlib/bsdlib/lib/cortex-m33/hard-float/libbsd_nrf9160_xxaa.a(obfuscated.elf)
                0x0000000000029ee4                rpc_at_client_message_free
 .text.rpc_at_client_data_free
                0x0000000000029ef4       0x10 /Users/justin/Github/FORKS/fsm_cleanup/nrfxlib/bsdlib/lib/cortex-m33/hard-float/libbsd_nrf9160_xxaa.a(obfuscated.elf)
                0x0000000000029ef4                rpc_at_client_data_free
 .text.logobj_event_handler
                0x0000000000029f04       0xfc /Users/justin/Github/FORKS/fsm_cleanup/nrfxlib/bsdlib/lib/cortex-m33/hard-float/libbsd_nrf9160_xxaa.a(obfuscated.elf)
                0x0000000000029f04                logobj_event_handler
 .text.logobj_interface_init
                0x000000000002a000       0x34 /Users/justin/Github/FORKS/fsm_cleanup/nrfxlib/bsdlib/lib/cortex-m33/hard-float/libbsd_nrf9160_xxaa.a(obfuscated.elf)
                0x000000000002a000                logobj_interface_init
 .text.logobj_interface_open
                0x000000000002a034      0x150 /Users/justin/Github/FORKS/fsm_cleanup/nrfxlib/bsdlib/lib/cortex-m33/hard-float/libbsd_nrf9160_xxaa.a(obfuscated.elf)
                0x000000000002a034                logobj_interface_open
 .text.logobj_interface_read
                0x000000000002a184       0xe0 /Users/justin/Github/FORKS/fsm_cleanup/nrfxlib/bsdlib/lib/cortex-m33/hard-float/libbsd_nrf9160_xxaa.a(obfuscated.elf)
                0x000000000002a184                logobj_interface_read
 .text.logobj_interface_write
                0x000000000002a264       0xfc /Users/justin/Github/FORKS/fsm_cleanup/nrfxlib/bsdlib/lib/cortex-m33/hard-float/libbsd_nrf9160_xxaa.a(obfuscated.elf)
                0x000000000002a264                logobj_interface_write
 .text.logobj_interface_setopt
                0x000000000002a360      0x19c /Users/justin/Github/FORKS/fsm_cleanup/nrfxlib/bsdlib/lib/cortex-m33/hard-float/libbsd_nrf9160_xxaa.a(obfuscated.elf)
                0x000000000002a360                logobj_interface_setopt
 .text.logobj_interface_getopt
                0x000000000002a4fc       0xa4 /Users/justin/Github/FORKS/fsm_cleanup/nrfxlib/bsdlib/lib/cortex-m33/hard-float/libbsd_nrf9160_xxaa.a(obfuscated.elf)
                0x000000000002a4fc                logobj_interface_getopt
 .text.logobj_interface_close
                0x000000000002a5a0       0x2c /Users/justin/Github/FORKS/fsm_cleanup/nrfxlib/bsdlib/lib/cortex-m33/hard-float/libbsd_nrf9160_xxaa.a(obfuscated.elf)
                0x000000000002a5a0                logobj_interface_close
 .text.transport_reset
                0x000000000002a5cc        0x4 /Users/justin/Github/FORKS/fsm_cleanup/nrfxlib/bsdlib/lib/cortex-m33/hard-float/libbsd_nrf9160_xxaa.a(obfuscated.elf)
 .text.transport_data_free
                0x000000000002a5d0       0x38 /Users/justin/Github/FORKS/fsm_cleanup/nrfxlib/bsdlib/lib/cortex-m33/hard-float/libbsd_nrf9160_xxaa.a(obfuscated.elf)
 .text.rpc_transport_ipc_init
                0x000000000002a608       0x84 /Users/justin/Github/FORKS/fsm_cleanup/nrfxlib/bsdlib/lib/cortex-m33/hard-float/libbsd_nrf9160_xxaa.a(obfuscated.elf)
                0x000000000002a608                rpc_transport_ipc_init
 .text.rpc_transport_rx_handle
                0x000000000002a68c       0x44 /Users/justin/Github/FORKS/fsm_cleanup/nrfxlib/bsdlib/lib/cortex-m33/hard-float/libbsd_nrf9160_xxaa.a(obfuscated.elf)
                0x000000000002a68c                rpc_transport_rx_handle
 .text.rpc_transport_ipc_fault_handler
                0x000000000002a6d0        0x8 /Users/justin/Github/FORKS/fsm_cleanup/nrfxlib/bsdlib/lib/cortex-m33/hard-float/libbsd_nrf9160_xxaa.a(obfuscated.elf)
                0x000000000002a6d4                rpc_transport_ipc_fault_handler
 .text.rpc_transport_ipc_shutdown
                0x000000000002a6d8       0x18 /Users/justin/Github/FORKS/fsm_cleanup/nrfxlib/bsdlib/lib/cortex-m33/hard-float/libbsd_nrf9160_xxaa.a(obfuscated.elf)
                0x000000000002a6d8                rpc_transport_ipc_shutdown
 .text.nrf_socket
                0x000000000002a6f0       0x24 /Users/justin/Github/FORKS/fsm_cleanup/nrfxlib/bsdlib/lib/cortex-m33/hard-float/libbsd_nrf9160_xxaa.a(obfuscated.elf)
                0x000000000002a6f0                nrf_socket
 .text.nrf_close
                0x000000000002a714       0x1c /Users/justin/Github/FORKS/fsm_cleanup/nrfxlib/bsdlib/lib/cortex-m33/hard-float/libbsd_nrf9160_xxaa.a(obfuscated.elf)
                0x000000000002a714                nrf_close
 .text.nrf_sendto
                0x000000000002a730       0x38 /Users/justin/Github/FORKS/fsm_cleanup/nrfxlib/bsdlib/lib/cortex-m33/hard-float/libbsd_nrf9160_xxaa.a(obfuscated.elf)
                0x000000000002a730                nrf_sendto
 .text.nrf_send
                0x000000000002a768       0x34 /Users/justin/Github/FORKS/fsm_cleanup/nrfxlib/bsdlib/lib/cortex-m33/hard-float/libbsd_nrf9160_xxaa.a(obfuscated.elf)
                0x000000000002a768                nrf_send
 .text.nrf_write
                0x000000000002a79c       0x2c /Users/justin/Github/FORKS/fsm_cleanup/nrfxlib/bsdlib/lib/cortex-m33/hard-float/libbsd_nrf9160_xxaa.a(obfuscated.elf)
                0x000000000002a79c                nrf_write
 .text.nrf_recvfrom
                0x000000000002a7c8       0x38 /Users/justin/Github/FORKS/fsm_cleanup/nrfxlib/bsdlib/lib/cortex-m33/hard-float/libbsd_nrf9160_xxaa.a(obfuscated.elf)
                0x000000000002a7c8                nrf_recvfrom
 .text.nrf_recv
                0x000000000002a800       0x34 /Users/justin/Github/FORKS/fsm_cleanup/nrfxlib/bsdlib/lib/cortex-m33/hard-float/libbsd_nrf9160_xxaa.a(obfuscated.elf)
                0x000000000002a800                nrf_recv
 .text.nrf_read
                0x000000000002a834       0x2c /Users/justin/Github/FORKS/fsm_cleanup/nrfxlib/bsdlib/lib/cortex-m33/hard-float/libbsd_nrf9160_xxaa.a(obfuscated.elf)
                0x000000000002a834                nrf_read
 .text.nrf_connect
                0x000000000002a860       0x24 /Users/justin/Github/FORKS/fsm_cleanup/nrfxlib/bsdlib/lib/cortex-m33/hard-float/libbsd_nrf9160_xxaa.a(obfuscated.elf)
                0x000000000002a860                nrf_connect
 .text.nrf_listen
                0x000000000002a884       0x20 /Users/justin/Github/FORKS/fsm_cleanup/nrfxlib/bsdlib/lib/cortex-m33/hard-float/libbsd_nrf9160_xxaa.a(obfuscated.elf)
                0x000000000002a884                nrf_listen
 .text.nrf_accept
                0x000000000002a8a4       0x2c /Users/justin/Github/FORKS/fsm_cleanup/nrfxlib/bsdlib/lib/cortex-m33/hard-float/libbsd_nrf9160_xxaa.a(obfuscated.elf)
                0x000000000002a8a4                nrf_accept
 .text.nrf_bind
                0x000000000002a8d0       0x24 /Users/justin/Github/FORKS/fsm_cleanup/nrfxlib/bsdlib/lib/cortex-m33/hard-float/libbsd_nrf9160_xxaa.a(obfuscated.elf)
                0x000000000002a8d0                nrf_bind
 .text.nrf_setsockopt
                0x000000000002a8f4       0x38 /Users/justin/Github/FORKS/fsm_cleanup/nrfxlib/bsdlib/lib/cortex-m33/hard-float/libbsd_nrf9160_xxaa.a(obfuscated.elf)
                0x000000000002a8f4                nrf_setsockopt
 .text.nrf_getsockopt