Archive member included to satisfy reference by file (symbol)

app/libapp.a(main.c.obj)      (--whole-archive)
app/libapp.a(motion.c.obj)    (--whole-archive)
app/libapp.a(ui.c.obj)        (--whole-archive)
app/libapp.a(cloud_codec.c.obj)
                              (--whole-archive)
app/libapp.a(service_info.c.obj)
                              (--whole-archive)
app/libapp.a(gps_controller.c.obj)
                              (--whole-archive)
app/libapp.a(env_sensors.c.obj)
                              (--whole-archive)
zephyr/libzephyr.a(crc32_sw.c.obj)
                              (--whole-archive)
zephyr/libzephyr.a(crc16_sw.c.obj)
                              (--whole-archive)
zephyr/libzephyr.a(crc8_sw.c.obj)
                              (--whole-archive)
zephyr/libzephyr.a(crc7_sw.c.obj)
                              (--whole-archive)
zephyr/libzephyr.a(dec.c.obj)
                              (--whole-archive)
zephyr/libzephyr.a(fdtable.c.obj)
                              (--whole-archive)
zephyr/libzephyr.a(hex.c.obj)
                              (--whole-archive)
zephyr/libzephyr.a(mempool.c.obj)
                              (--whole-archive)
zephyr/libzephyr.a(rb.c.obj)  (--whole-archive)
zephyr/libzephyr.a(sem.c.obj)
                              (--whole-archive)
zephyr/libzephyr.a(thread_entry.c.obj)
                              (--whole-archive)
zephyr/libzephyr.a(timeutil.c.obj)
                              (--whole-archive)
zephyr/libzephyr.a(work_q.c.obj)
                              (--whole-archive)
zephyr/libzephyr.a(json.c.obj)
                              (--whole-archive)
zephyr/libzephyr.a(printk.c.obj)
                              (--whole-archive)
zephyr/libzephyr.a(assert.c.obj)
                              (--whole-archive)
zephyr/libzephyr.a(configs.c.obj)
                              (--whole-archive)
zephyr/libzephyr.a(soc.c.obj)
                              (--whole-archive)
zephyr/libzephyr.a(mpu_regions.c.obj)
                              (--whole-archive)
zephyr/libzephyr.a(validate_base_addresses.c.obj)
                              (--whole-archive)
zephyr/libzephyr.a(log_list.c.obj)
                              (--whole-archive)
zephyr/libzephyr.a(log_core.c.obj)
                              (--whole-archive)
zephyr/libzephyr.a(log_msg.c.obj)
                              (--whole-archive)
zephyr/libzephyr.a(log_output.c.obj)
                              (--whole-archive)
zephyr/libzephyr.a(log_backend_uart.c.obj)
                              (--whole-archive)
zephyr/libzephyr.a(tty.c.obj)
                              (--whole-archive)
zephyr/libzephyr.a(getchar.c.obj)
                              (--whole-archive)
zephyr/libzephyr.a(mcuboot.c.obj)
                              (--whole-archive)
zephyr/libzephyr.a(flash_img.c.obj)
                              (--whole-archive)
zephyr/libzephyr.a(addr_utils.c.obj)
                              (--whole-archive)
zephyr/libzephyr.a(socket_offload.c.obj)
                              (--whole-archive)
zephyr/libzephyr.a(flash_map.c.obj)
                              (--whole-archive)
zephyr/libzephyr.a(flash_map_default.c.obj)
                              (--whole-archive)
zephyr/libzephyr.a(power.c.obj)
                              (--whole-archive)
zephyr/libzephyr.a(reboot.c.obj)
                              (--whole-archive)
zephyr/libzephyr.a(policy_residency.c.obj)
                              (--whole-archive)
zephyr/libzephyr.a(uart_console.c.obj)
                              (--whole-archive)
zephyr/libzephyr.a(nrf_power_clock.c.obj)
                              (--whole-archive)
zephyr/libzephyr.a(sys_clock_init.c.obj)
                              (--whole-archive)
zephyr/libzephyr.a(nrf_rtc_timer.c.obj)
                              (--whole-archive)
zephyr/libzephyr.a(secure_services_ns.c.obj)
                              (--whole-archive)
zephyr/arch/common/libarch__common.a(isr_tables.c.obj)
                              (--whole-archive)
zephyr/arch/common/libarch__common.a(sw_isr_common.c.obj)
                              (--whole-archive)
zephyr/arch/arch/arm/core/libarch__arm__core.a(exc_exit.S.obj)
                              (--whole-archive)
zephyr/arch/arch/arm/core/libarch__arm__core.a(swap.c.obj)
                              (--whole-archive)
zephyr/arch/arch/arm/core/libarch__arm__core.a(swap_helper.S.obj)
                              (--whole-archive)
zephyr/arch/arch/arm/core/libarch__arm__core.a(irq_manage.c.obj)
                              (--whole-archive)
zephyr/arch/arch/arm/core/libarch__arm__core.a(thread.c.obj)
                              (--whole-archive)
zephyr/arch/arch/arm/core/libarch__arm__core.a(cpu_idle.S.obj)
                              (--whole-archive)
zephyr/arch/arch/arm/core/libarch__arm__core.a(fault_s.S.obj)
                              (--whole-archive)
zephyr/arch/arch/arm/core/libarch__arm__core.a(fatal.c.obj)
[...]
Memory Configuration

Name             Origin             Length             Attributes
FLASH            0x0000000000018200 0x000000000005ce00 xr
SRAM             0x0000000020020000 0x0000000000020000 xw
IDT_LIST         0x0000000020040000 0x0000000000000800 xw
*default*        0x0000000000000000 0xffffffffffffffff

Linker script and memory map

LOAD zephyr/CMakeFiles/zephyr_final.dir/misc/empty_file.c.obj
LOAD zephyr/CMakeFiles/zephyr_final.dir/isr_tables.c.obj
                0x0000000000000020                _region_min_align = 0x20

.rel.plt        0x0000000000018200        0x0
 *(SORT_BY_ALIGNMENT(.rel.plt))
                [!provide]                        PROVIDE (__rel_iplt_start = .)
 *(SORT_BY_ALIGNMENT(.rel.iplt))
 .rel.iplt      0x0000000000018200        0x0 zephyr/CMakeFiles/zephyr_final.dir/isr_tables.c.obj
                [!provide]                        PROVIDE (__rel_iplt_end = .)

.rela.plt       0x0000000000000000        0x0
 *(SORT_BY_ALIGNMENT(.rela.plt))
                [!provide]                        PROVIDE (__rela_iplt_start = .)
 *(SORT_BY_ALIGNMENT(.rela.iplt))
                [!provide]                        PROVIDE (__rela_iplt_end = .)

.rel.dyn
 *(SORT_BY_ALIGNMENT(.rel.*))

.rela.dyn
 *(SORT_BY_ALIGNMENT(.rela.*))

/DISCARD/
 *(SORT_BY_ALIGNMENT(.plt))
 *(SORT_BY_ALIGNMENT(.iplt))
 *(SORT_BY_ALIGNMENT(.got.plt))
 *(SORT_BY_ALIGNMENT(.igot.plt))
 *(SORT_BY_ALIGNMENT(.got))
 *(SORT_BY_ALIGNMENT(.igot))
 *(SORT_BY_ALIGNMENT(.irq_info))
 *(SORT_BY_ALIGNMENT(.intList))
 *(SORT_BY_ALIGNMENT(.note.GNU-stack))
                0x0000000000018200                _image_rom_start = 0x18200

text            0x0000000000018200      0x220
                0x0000000000000000                . = 0x0
                0x0000000000018200                _vector_start = .
 *(SORT_BY_ALIGNMENT(.exc_vector_table))
 *(SORT_BY_ALIGNMENT(.exc_vector_table.*))
 .exc_vector_table._vector_table_section
                0x0000000000018200       0x40 zephyr/arch/arch/arm/core/cortex_m/libarch__arm__core__cortex_m.a(vector_table.S.obj)
                0x0000000000018200                _vector_table
 *(SORT_BY_ALIGNMENT(.gnu.linkonce.irq_vector_table))
 .gnu.linkonce.irq_vector_table
                0x0000000000018240      0x104 zephyr/CMakeFiles/zephyr_final.dir/isr_tables.c.obj
                0x0000000000018240                _irq_vector_table
 *(SORT_BY_ALIGNMENT(.vectors))
 *(SORT_BY_ALIGNMENT(.openocd_dbg))
 *(SORT_BY_ALIGNMENT(.openocd_dbg.*))
                0x0000000000018344                _vector_end = .
                0x0000000000000200                . = 0x200
 *fill*         0x0000000000018344       0xbc 
 *(SORT_BY_ALIGNMENT(.firmware_info))
 .firmware_info
                0x0000000000018400       0x20 zephyr/modules/nrf/subsys/fw_info/lib..__nrf__subsys__fw_info.a(fw_info.c.obj)
                0x0000000000018400                m_firmware_info

_TEXT_SECTION_NAME_2
                0x0000000000018420    0x2a8ec
                0x0000000000018420                _image_text_start = .
 *(SORT_BY_ALIGNMENT(.text))
 .text          0x0000000000018420      0x378 /Users/justin/gnuarmemb/bin/../lib/gcc/arm-none-eabi/8.3.1/thumb/v8-m.main+fp/hard/libgcc.a(_arm_addsubdf3.o)
                0x0000000000018420                __aeabi_drsub
                0x0000000000018428                __subdf3
                0x0000000000018428                __aeabi_dsub
                0x000000000001842c                __aeabi_dadd
                0x000000000001842c                __adddf3
                0x00000000000186a4                __aeabi_ui2d
                0x00000000000186a4                __floatunsidf
                0x00000000000186c4                __floatsidf
                0x00000000000186c4                __aeabi_i2d
                0x00000000000186e8                __extendsfdf2
                0x00000000000186e8                __aeabi_f2d
                0x000000000001872c                __aeabi_ul2d
                0x000000000001872c                __floatundidf
                0x000000000001873c                __aeabi_l2d
                0x000000000001873c                __floatdidf
 .text          0x0000000000018798      0x424 /Users/justin/gnuarmemb/bin/../lib/gcc/arm-none-eabi/8.3.1/thumb/v8-m.main+fp/hard/libgcc.a(_arm_muldivdf3.o)
                0x0000000000018798                __aeabi_dmul
                0x0000000000018798                __muldf3
                0x00000000000189ec                __aeabi_ddiv
                0x00000000000189ec                __divdf3
 .text          0x0000000000018bbc      0x110 /Users/justin/gnuarmemb/bin/../lib/gcc/arm-none-eabi/8.3.1/thumb/v8-m.main+fp/hard/libgcc.a(_arm_cmpdf2.o)
                0x0000000000018bbc                __gedf2
                0x0000000000018bbc                __gtdf2
                0x0000000000018bc4                __ledf2
                0x0000000000018bc4                __ltdf2
                0x0000000000018bcc                __cmpdf2
                0x0000000000018bcc                __eqdf2
                0x0000000000018bcc                __nedf2
                0x0000000000018c48                __aeabi_cdrcmple
                0x0000000000018c58                __aeabi_cdcmple
                0x0000000000018c58                __aeabi_cdcmpeq
                0x0000000000018c68                __aeabi_dcmpeq
                0x0000000000018c7c                __aeabi_dcmplt
                0x0000000000018c90                __aeabi_dcmple
                0x0000000000018ca4                __aeabi_dcmpge
                0x0000000000018cb8                __aeabi_dcmpgt
 .text          0x0000000000018ccc       0x50 /Users/justin/gnuarmemb/bin/../lib/gcc/arm-none-eabi/8.3.1/thumb/v8-m.main+fp/hard/libgcc.a(_arm_fixdfsi.o)
                0x0000000000018ccc                __fixdfsi
                0x0000000000018ccc                __aeabi_d2iz
 .text          0x0000000000018d1c       0x40 /Users/justin/gnuarmemb/bin/../lib/gcc/arm-none-eabi/8.3.1/thumb/v8-m.main+fp/hard/libgcc.a(_arm_fixunsdfsi.o)
                0x0000000000018d1c                __fixunsdfsi
                0x0000000000018d1c                __aeabi_d2uiz
 .text          0x0000000000018d5c       0x30 /Users/justin/gnuarmemb/bin/../lib/gcc/arm-none-eabi/8.3.1/thumb/v8-m.main+fp/hard/libgcc.a(_aeabi_uldivmod.o)
                0x0000000000018d5c                __aeabi_uldivmod
 .text          0x0000000000018d8c      0x2c8 /Users/justin/gnuarmemb/bin/../lib/gcc/arm-none-eabi/8.3.1/thumb/v8-m.main+fp/hard/libgcc.a(_udivmoddi4.o)
                0x0000000000018d8c                __udivmoddi4
 .text          0x0000000000019054        0x4 /Users/justin/gnuarmemb/bin/../lib/gcc/arm-none-eabi/8.3.1/thumb/v8-m.main+fp/hard/libgcc.a(_dvmd_tls.o)
                0x0000000000019054                __aeabi_ldiv0
                0x0000000000019054                __aeabi_idiv0
 .text          0x0000000000019058      0x6a8 /Users/justin/Github/FORKS/WIP_interval_cmds/nrfxlib/crypto/nrf_oberon/lib/cortex-m33/hard-float/liboberon_3.0.2.a(ocrypto_bigint256.s.obj)
                0x0000000000019058                ocrypto_bigint_add128
                0x000000000001907e                ocrypto_bigint_sub128
                0x00000000000190a4                ocrypto_bigint_add256
                0x00000000000190e4                ocrypto_bigint_sub256
                0x0000000000019124                ocrypto_bigint_cadd256
                0x0000000000019180                ocrypto_bigint_csub256
                0x00000000000191fa                ocrypto_bigint_cswap256
                0x0000000000019210                ocrypto_bigint_mul128
                0x00000000000192f8                ocrypto_bigint_sqr256
                0x00000000000192fa                ocrypto_bigint_mul256
 .text          0x0000000000019700       0x5c /Users/justin/Github/FORKS/WIP_interval_cmds/nrfxlib/crypto/nrf_oberon/lib/cortex-m33/hard-float/liboberon_3.0.2.a(ocrypto_constant_time.s.obj)
                0x0000000000019700                ocrypto_constant_time_equal
                0x0000000000019726                ocrypto_constant_time_is_zero
                0x0000000000019740                ocrypto_constant_time_copy
                0x000000000001974e                ocrypto_constant_time_fill_zero
 .text          0x000000000001975c      0x6dc /Users/justin/Github/FORKS/WIP_interval_cmds/nrfxlib/crypto/nrf_oberon/lib/cortex-m33/hard-float/liboberon_3.0.2.a(ocrypto_mod_p256_base.s.obj)
                0x000000000001975c                ocrypto_mod_p256_add
                0x00000000000197da                ocrypto_mod_p256_sub
                0x0000000000019834                ocrypto_mod_p256_square
                0x0000000000019836                ocrypto_mod_p256_mul
 .text          0x0000000000019e38       0x2c /Users/justin/gnuarmemb/bin/../lib/gcc/arm-none-eabi/8.3.1/thumb/v8-m.main+fp/hard/libgcc.a(_arm_unorddf2.o)
                0x0000000000019e38                __aeabi_dcmpun
                0x0000000000019e38                __unorddf2
 .text          0x0000000000019e64       0x30 /Users/justin/gnuarmemb/bin/../lib/gcc/arm-none-eabi/8.3.1/thumb/v8-m.main+fp/hard/libgcc.a(_fixdfdi.o)
                0x0000000000019e64                __aeabi_d2lz
                0x0000000000019e64                __fixdfdi
 .text          0x0000000000019e94       0x3c /Users/justin/gnuarmemb/bin/../lib/gcc/arm-none-eabi/8.3.1/thumb/v8-m.main+fp/hard/libgcc.a(_fixunsdfdi.o)
                0x0000000000019e94                __aeabi_d2ulz
                0x0000000000019e94                __fixunsdfdi
 .text          0x0000000000019ed0       0x14 /Users/justin/gnuarmemb/arm-none-eabi/lib/thumb/v8-m.main+fp/hard/libc_nano.a(lib_a-strcmp.o)
                0x0000000000019ed0                strcmp
 .text          0x0000000000019ee4       0x10 /Users/justin/gnuarmemb/arm-none-eabi/lib/thumb/v8-m.main+fp/hard/libc_nano.a(lib_a-strlen.o)
                0x0000000000019ee4                strlen
 *(SORT_BY_ALIGNMENT(.text.*))
 *fill*         0x0000000000019ef4        0x4 
 .text.sensor_trigger_handler.isra.0
                0x0000000000019ef8      0x128 app/libapp.a(motion.c.obj)
 .text.cloud_decode_command
                0x000000000001a020      0x394 app/libapp.a(cloud_codec.c.obj)
                0x000000000001a020                cloud_decode_command
 *fill*         0x000000000001a3b4        0x4 
 .text.env_sensors_poll_fn
                0x000000000001a3b8      0x17c app/libapp.a(env_sensors.c.obj)
 *fill*         0x000000000001a534        0x4 
 .text.parse_value
                0x000000000001a538      0x2f8 zephyr/modules/nrf/ext/cjson/lib..__nrf__ext__cjson.a(cJSON.c.obj)
 .text.cJSON_CreateNumber
                0x000000000001a830       0x68 zephyr/modules/nrf/ext/cjson/lib..__nrf__ext__cjson.a(cJSON.c.obj)
                0x000000000001a830                cJSON_CreateNumber
 .text.double_to_sensor_value
                0x000000000001a898       0x38 zephyr/modules/nrf/drivers/sensor/sensor_sim/lib..__nrf__drivers__sensor__sensor_sim.a(sensor_sim.c.obj)
 .text.sensor_sim_sample_fetch
                0x000000000001a8d0      0x194 zephyr/modules/nrf/drivers/sensor/sensor_sim/lib..__nrf__drivers__sensor__sensor_sim.a(sensor_sim.c.obj)
 *fill*         0x000000000001aa64        0x4 
 .text._strtod_l
                0x000000000001aa68      0xb90 /Users/justin/gnuarmemb/arm-none-eabi/lib/thumb/v8-m.main+fp/hard/libc_nano.a(lib_a-strtod.o)
                0x000000000001aa68                _strtod_l
 .text._dtoa_r  0x000000000001b5f8      0xb60 /Users/justin/gnuarmemb/arm-none-eabi/lib/thumb/v8-m.main+fp/hard/libc_nano.a(lib_a-dtoa.o)
                0x000000000001b5f8                _dtoa_r
 .text.nan      0x000000000001c158       0x10 /Users/justin/gnuarmemb/arm-none-eabi/lib/thumb/v8-m.main+fp/hard/libc_nano.a(lib_a-s_nan.o)
                0x000000000001c158                nan
 .text.sin      0x000000000001c168       0xc0 /Users/justin/gnuarmemb/arm-none-eabi/lib/thumb/v8-m.main+fp/hard/libm.a(lib_a-s_sin.o)
                0x000000000001c168                sin
 .text.__ieee754_rem_pio2
                0x000000000001c228      0x434 /Users/justin/gnuarmemb/arm-none-eabi/lib/thumb/v8-m.main+fp/hard/libm.a(lib_a-e_rem_pio2.o)
                0x000000000001c228                __ieee754_rem_pio2
 *fill*         0x000000000001c65c        0x4 
 .text.__kernel_cos
                0x000000000001c660      0x284 /Users/justin/gnuarmemb/arm-none-eabi/lib/thumb/v8-m.main+fp/hard/libm.a(lib_a-k_cos.o)
                0x000000000001c660                __kernel_cos
 *fill*         0x000000000001c8e4        0x4 
 .text.__kernel_rem_pio2
                0x000000000001c8e8      0x828 /Users/justin/gnuarmemb/arm-none-eabi/lib/thumb/v8-m.main+fp/hard/libm.a(lib_a-k_rem_pio2.o)
                0x000000000001c8e8                __kernel_rem_pio2
 .text.__kernel_sin
                0x000000000001d110      0x194 /Users/justin/gnuarmemb/arm-none-eabi/lib/thumb/v8-m.main+fp/hard/libm.a(lib_a-k_sin.o)
                0x000000000001d110                __kernel_sin
 *fill*         0x000000000001d2a4        0x4 
 .text.floor    0x000000000001d2a8      0x108 /Users/justin/gnuarmemb/arm-none-eabi/lib/thumb/v8-m.main+fp/hard/libm.a(lib_a-s_floor.o)
                0x000000000001d2a8                floor
 .text.scalbn   0x000000000001d3b0      0x120 /Users/justin/gnuarmemb/arm-none-eabi/lib/thumb/v8-m.main+fp/hard/libm.a(lib_a-s_scalbn.o)
                0x000000000001d3b0                scalbn
 .text.set_gps_enable
                0x000000000001d4d0       0x3c app/libapp.a(main.c.obj)
 .text.long_press_handler
                0x000000000001d50c       0x30 app/libapp.a(main.c.obj)
 .text.modem_at_cmd_response_handler
                0x000000000001d53c      0x120 app/libapp.a(main.c.obj)
 .text.send_modem_at_cmd_err_work_fn
                0x000000000001d65c       0x4c app/libapp.a(main.c.obj)
 .text.k_work_submit_to_queue.constprop.16
                0x000000000001d6a8       0x28 app/libapp.a(main.c.obj)
 .text.modem_rsrp_handler
                0x000000000001d6d0       0x18 app/libapp.a(main.c.obj)
 .text.ui_evt_handler
                0x000000000001d6e8       0x5c app/libapp.a(main.c.obj)
 .text.gps_trigger_handler
                0x000000000001d744       0x7c app/libapp.a(main.c.obj)
 .text.cycle_cloud_connection
                0x000000000001d7c0       0x58 app/libapp.a(main.c.obj)
 .text.cloud_cmd_handler
                0x000000000001d818      0x120 app/libapp.a(main.c.obj)
 .text.error_handler
                0x000000000001d938       0x54 app/libapp.a(main.c.obj)
                0x000000000001d938                error_handler
 .text.k_sys_fatal_error_handler
                0x000000000001d98c       0x1c app/libapp.a(main.c.obj)
                0x000000000001d98c                k_sys_fatal_error_handler
 .text.env_data_send
                0x000000000001d9a8      0x144 app/libapp.a(main.c.obj)
 .text.motion_handler
                0x000000000001daec       0x80 app/libapp.a(main.c.obj)
 .text.sensor_data_send
                0x000000000001db6c       0x84 app/libapp.a(main.c.obj)
 .text.modem_rsrp_data_send
                0x000000000001dbf0       0x70 app/libapp.a(main.c.obj)
 .text.device_status_send
                0x000000000001dc60       0xac app/libapp.a(main.c.obj)
 .text.send_gps_data_work_fn
                0x000000000001dd0c        0xc app/libapp.a(main.c.obj)
 .text.sensors_start
                0x000000000001dd18       0x8c app/libapp.a(main.c.obj)
                0x000000000001dd18                sensors_start
 .text.on_pairing_done
                0x000000000001dda4       0x40 app/libapp.a(main.c.obj)
                0x000000000001dda4                on_pairing_done
 .text.cloud_event_handler
                0x000000000001dde4      0x114 app/libapp.a(main.c.obj)
                0x000000000001dde4                cloud_event_handler
 .text.handle_bsdlib_init_ret
                0x000000000001def8       0x54 app/libapp.a(main.c.obj)
                0x000000000001def8                handle_bsdlib_init_ret
 .text.main     0x000000000001df4c      0x308 app/libapp.a(main.c.obj)
                0x000000000001df4c                main
 .text.motion_init_and_start
                0x000000000001e254       0x40 app/libapp.a(motion.c.obj)
                0x000000000001e254                motion_init_and_start
 .text.button_handler
                0x000000000001e294       0x54 app/libapp.a(ui.c.obj)
 .text.leds_update
                0x000000000001e2e8       0x5c app/libapp.a(ui.c.obj)
 .text.ui_led_set_pattern
                0x000000000001e344        0xc app/libapp.a(ui.c.obj)
                0x000000000001e344                ui_led_set_pattern
 .text.ui_init  0x000000000001e350       0xc0 app/libapp.a(ui.c.obj)
                0x000000000001e350                ui_init
 .text.cloud_set_chan_cfg_item
                0x000000000001e410       0x38 app/libapp.a(cloud_codec.c.obj)
 .text.cloud_encode_data
                0x000000000001e448       0xc8 app/libapp.a(cloud_codec.c.obj)
                0x000000000001e448                cloud_encode_data
 .text.cloud_encode_digital_twin_data
                0x000000000001e510      0x164 app/libapp.a(cloud_codec.c.obj)
                0x000000000001e510                cloud_encode_digital_twin_data
 .text.cloud_decode_init
                0x000000000001e674        0xc app/libapp.a(cloud_codec.c.obj)
                0x000000000001e674                cloud_decode_init
 .text.cloud_encode_env_sensors_data
                0x000000000001e680       0xa0 app/libapp.a(cloud_codec.c.obj)
                0x000000000001e680                cloud_encode_env_sensors_data
 .text.cloud_encode_motion_data
                0x000000000001e720       0x84 app/libapp.a(cloud_codec.c.obj)
                0x000000000001e720                cloud_encode_motion_data
 .text.cloud_is_send_allowed
                0x000000000001e7a4       0x98 app/libapp.a(cloud_codec.c.obj)
                0x000000000001e7a4                cloud_is_send_allowed
 .text.service_info_json_object_encode
                0x000000000001e83c       0x90 app/libapp.a(service_info.c.obj)
                0x000000000001e83c                service_info_json_object_encode
 .text.gps_work_handler
                0x000000000001e8cc      0x12c app/libapp.a(gps_controller.c.obj)
 .text.gps_control_is_active
                0x000000000001e9f8       0x14 app/libapp.a(gps_controller.c.obj)
                0x000000000001e9f8                gps_control_is_active
 .text.gps_control_is_enabled
                0x000000000001ea0c       0x14 app/libapp.a(gps_controller.c.obj)
                0x000000000001ea0c                gps_control_is_enabled
 .text.gps_control_stop
                0x000000000001ea20       0x28 app/libapp.a(gps_controller.c.obj)
                0x000000000001ea20                gps_control_stop
 .text.gps_control_disable
                0x000000000001ea48       0x20 app/libapp.a(gps_controller.c.obj)
                0x000000000001ea48                gps_control_disable
 .text.gps_control_start
                0x000000000001ea68       0x28 app/libapp.a(gps_controller.c.obj)
                0x000000000001ea68                gps_control_start
 .text.gps_control_enable
                0x000000000001ea90       0x1c app/libapp.a(gps_controller.c.obj)
                0x000000000001ea90                gps_control_enable
 .text.gps_control_init
                0x000000000001eaac       0x6c app/libapp.a(gps_controller.c.obj)
                0x000000000001eaac                gps_control_init
 .text.env_sensors_poll
                0x000000000001eb18       0x24 app/libapp.a(env_sensors.c.obj)
                0x000000000001eb18                env_sensors_poll
 .text.env_sensors_init_and_start
                0x000000000001eb3c       0xa4 app/libapp.a(env_sensors.c.obj)
                0x000000000001eb3c                env_sensors_init_and_start
 .text.env_sensors_get_temperature
                0x000000000001ebe0       0xb0 app/libapp.a(env_sensors.c.obj)
                0x000000000001ebe0                env_sensors_get_temperature
 .text.env_sensors_get_humidity
                0x000000000001ec90       0xb0 app/libapp.a(env_sensors.c.obj)
                0x000000000001ec90                env_sensors_get_humidity
 .text.env_sensors_get_pressure
                0x000000000001ed40       0xb0 app/libapp.a(env_sensors.c.obj)
                0x000000000001ed40                env_sensors_get_pressure
 .text.env_sensors_set_send_interval
                0x000000000001edf0       0x50 app/libapp.a(env_sensors.c.obj)
                0x000000000001edf0                env_sensors_set_send_interval
 .text.env_sensors_set_backoff_enable
                0x000000000001ee40        0xc app/libapp.a(env_sensors.c.obj)
                0x000000000001ee40                env_sensors_set_backoff_enable
 .text.z_sys_mem_pool_block_free
                0x000000000001ee4c      0x19c zephyr/libzephyr.a(mempool.c.obj)
                0x000000000001ee4c                z_sys_mem_pool_block_free
 .text.lexer_string
                0x000000000001efe8       0xcc zephyr/libzephyr.a(json.c.obj)
 .text.lexer_boolean
                0x000000000001f0b4       0x54 zephyr/libzephyr.a(json.c.obj)
 .text.lexer_number
                0x000000000001f108       0x34 zephyr/libzephyr.a(json.c.obj)
 .text.lexer_null
                0x000000000001f13c       0x38 zephyr/libzephyr.a(json.c.obj)
 .text.lexer_json
                0x000000000001f174       0xb4 zephyr/libzephyr.a(json.c.obj)
 .text.decode_value
                0x000000000001f228      0x15c zephyr/libzephyr.a(json.c.obj)
 .text.json_obj_parse
                0x000000000001f384       0x64 zephyr/libzephyr.a(json.c.obj)
                0x000000000001f384                json_obj_parse
 .text.char_out
                0x000000000001f3e8       0x10 zephyr/libzephyr.a(printk.c.obj)
 .text._printk_dec_ulong
                0x000000000001f3f8       0x98 zephyr/libzephyr.a(printk.c.obj)
 .text.__printk_hook_install
                0x000000000001f490        0xc zephyr/libzephyr.a(printk.c.obj)
                0x000000000001f490                __printk_hook_install
 .text.vprintk  0x000000000001f49c       0x1c zephyr/libzephyr.a(printk.c.obj)
                0x000000000001f49c                vprintk
 .text.nordicsemi_nrf91_init
                0x000000000001f4b8       0x28 zephyr/libzephyr.a(soc.c.obj)
 .text.log_generic
                0x000000000001f4e0       0x5c zephyr/libzephyr.a(log_core.c.obj)
                0x000000000001f4e0                log_generic
 .text.log_core_init
                0x000000000001f53c       0x18 zephyr/libzephyr.a(log_core.c.obj)
                0x000000000001f53c                log_core_init
 .text.log_source_name_get
                0x000000000001f554       0x1c zephyr/libzephyr.a(log_core.c.obj)
                0x000000000001f554                log_source_name_get
 .text.log_backend_enable
                0x000000000001f570       0x5c zephyr/libzephyr.a(log_core.c.obj)
                0x000000000001f570                log_backend_enable
 .text.log_init
                0x000000000001f5cc       0x68 zephyr/libzephyr.a(log_core.c.obj)
                0x000000000001f5cc                log_init
 .text.z_impl_log_panic
                0x000000000001f634       0x40 zephyr/libzephyr.a(log_core.c.obj)
                0x000000000001f634                z_impl_log_panic
 .text.print_formatted
                0x000000000001f674       0x24 zephyr/libzephyr.a(log_output.c.obj)
 .text.prefix_print
                0x000000000001f698      0x11c zephyr/libzephyr.a(log_output.c.obj)
 .text.postfix_print
                0x000000000001f7b4       0x3c zephyr/libzephyr.a(log_output.c.obj)
 .text.hexdump_line_print
                0x000000000001f7f0       0xe0 zephyr/libzephyr.a(log_output.c.obj)
 .text.out_func
                0x000000000001f8d0       0x50 zephyr/libzephyr.a(log_output.c.obj)
 .text.log_output_string
                0x000000000001f920       0x70 zephyr/libzephyr.a(log_output.c.obj)
                0x000000000001f920                log_output_string
 .text.log_output_hexdump
                0x000000000001f990       0x74 zephyr/libzephyr.a(log_output.c.obj)
                0x000000000001f990                log_output_hexdump
 .text.log_output_timestamp_freq_set
                0x000000000001fa04       0x30 zephyr/libzephyr.a(log_output.c.obj)
                0x000000000001fa04                log_output_timestamp_freq_set
 .text.panic    0x000000000001fa34        0xc zephyr/libzephyr.a(log_backend_uart.c.obj)
 .text.log_backend_uart_init
                0x000000000001fa40       0x30 zephyr/libzephyr.a(log_backend_uart.c.obj)
 .text.sync_hexdump
                0x000000000001fa70       0x4c zephyr/libzephyr.a(log_backend_uart.c.obj)
 .text.sync_string
                0x000000000001fabc       0x48 zephyr/libzephyr.a(log_backend_uart.c.obj)
 .text.boot_write_trailer_byte
                0x000000000001fb04       0x50 zephyr/libzephyr.a(mcuboot.c.obj)
 .text.boot_request_upgrade
                0x000000000001fb54       0x64 zephyr/libzephyr.a(mcuboot.c.obj)
                0x000000000001fb54                boot_request_upgrade
 .text.flash_progressive_erase
                0x000000000001fbb8       0xb8 zephyr/libzephyr.a(flash_img.c.obj)
 .text.flash_sync
                0x000000000001fc70      0x13c zephyr/libzephyr.a(flash_img.c.obj)
 .text.socket_offload_register
                0x000000000001fdac       0x4c zephyr/libzephyr.a(socket_offload.c.obj)
                0x000000000001fdac                socket_offload_register
 .text.get_flash_area_from_id
                0x000000000001fdf8       0x2c zephyr/libzephyr.a(flash_map.c.obj)
 .text.flash_area_open
                0x000000000001fe24       0x28 zephyr/libzephyr.a(flash_map.c.obj)
                0x000000000001fe24                flash_area_open
 .text.sys_reboot
                0x000000000001fe4c       0x30 zephyr/libzephyr.a(reboot.c.obj)
                0x000000000001fe4c                sys_reboot
 .text.console_out
                0x000000000001fe7c       0x34 zephyr/libzephyr.a(uart_console.c.obj)
 .text.uart_console_hook_install
                0x000000000001feb0       0x18 zephyr/libzephyr.a(uart_console.c.obj)
                0x000000000001feb0                uart_console_hook_install
 .text.uart_console_init
                0x000000000001fec8       0x1c zephyr/libzephyr.a(uart_console.c.obj)
 .text.hfclk_init
                0x000000000001fee4       0x30 zephyr/libzephyr.a(nrf_power_clock.c.obj)
 .text.clock_async_start
                0x000000000001ff14       0xbc zephyr/libzephyr.a(nrf_power_clock.c.obj)
 .text.nrf_power_clock_isr
                0x000000000001ffd0       0x58 zephyr/libzephyr.a(nrf_power_clock.c.obj)
                0x000000000001ffd0                nrf_power_clock_isr
 .text.z_clock_isr
                0x0000000000020028       0x28 zephyr/libzephyr.a(sys_clock_init.c.obj)
                0x0000000000020028                z_clock_isr
 .text.rtc1_nrf_isr
                0x0000000000020050       0xb0 zephyr/libzephyr.a(nrf_rtc_timer.c.obj)
                0x0000000000020050                rtc1_nrf_isr
 .text.z_clock_driver_init
                0x0000000000020100       0x78 zephyr/libzephyr.a(nrf_rtc_timer.c.obj)
                0x0000000000020100                z_clock_driver_init
 .text.z_clock_set_timeout
                0x0000000000020178      0x104 zephyr/libzephyr.a(nrf_rtc_timer.c.obj)
                0x0000000000020178                z_clock_set_timeout
 .text.z_clock_elapsed
                0x000000000002027c       0x9c zephyr/libzephyr.a(nrf_rtc_timer.c.obj)
                0x000000000002027c                z_clock_elapsed
 .text.z_timer_cycle_get_32
                0x0000000000020318       0xa0 zephyr/libzephyr.a(nrf_rtc_timer.c.obj)
                0x0000000000020318                z_timer_cycle_get_32
 .text._HandlerModeExit
                0x00000000000203b8       0x1c zephyr/arch/arch/arm/core/libarch__arm__core.a(exc_exit.S.obj)
                0x00000000000203b8                z_arm_exc_exit
                0x00000000000203b8                z_arm_int_exit
 .text.arch_swap
                0x00000000000203d4       0x34 zephyr/arch/arch/arm/core/libarch__arm__core.a(swap.c.obj)
                0x00000000000203d4                arch_swap
 .text.z_arm_pendsv
                0x0000000000020408       0xc4 zephyr/arch/arch/arm/core/libarch__arm__core.a(swap_helper.S.obj)
                0x0000000000020408                z_arm_pendsv
 .text.z_arm_svc
                0x00000000000204cc       0x20 zephyr/arch/arch/arm/core/libarch__arm__core.a(swap_helper.S.obj)
                0x00000000000204cc                z_arm_svc
 .text.arch_irq_enable
                0x00000000000204ec       0x20 zephyr/arch/arch/arm/core/libarch__arm__core.a(irq_manage.c.obj)
                0x00000000000204ec                arch_irq_enable
 .text.z_arm_irq_priority_set
                0x000000000002050c       0x64 zephyr/arch/arch/arm/core/libarch__arm__core.a(irq_manage.c.obj)
                0x000000000002050c                z_arm_irq_priority_set
 .text._arch_isr_direct_pm
                0x0000000000020570       0x1c zephyr/arch/arch/arm/core/libarch__arm__core.a(irq_manage.c.obj)
                0x0000000000020570                _arch_isr_direct_pm
 .text.arch_new_thread
                0x000000000002058c       0xa4 zephyr/arch/arch/arm/core/libarch__arm__core.a(thread.c.obj)
                0x000000000002058c                arch_new_thread
 .text.arch_switch_to_main_thread
                0x0000000000020630       0x58 zephyr/arch/arch/arm/core/libarch__arm__core.a(thread.c.obj)
                0x0000000000020630                arch_switch_to_main_thread
 .text.z_arm_cpu_idle_init
                0x0000000000020688        0xc zephyr/arch/arch/arm/core/libarch__arm__core.a(cpu_idle.S.obj)
                0x0000000000020688                z_arm_cpu_idle_init
 .text.arch_cpu_idle
                0x0000000000020694        0xc zephyr/arch/arch/arm/core/libarch__arm__core.a(cpu_idle.S.obj)
                0x0000000000020694                arch_cpu_idle
 .text.__fault  0x00000000000206a0       0x14 zephyr/arch/arch/arm/core/libarch__arm__core.a(fault_s.S.obj)
                0x00000000000206a0                z_arm_bus_fault
                0x00000000000206a0                z_arm_usage_fault
                0x00000000000206a0                z_arm_mpu_fault
                0x00000000000206a0                z_arm_reserved
                0x00000000000206a0                z_arm_debug_monitor
                0x00000000000206a0                z_arm_hard_fault
 .text.z_arm_fatal_error
                0x00000000000206b4      0x128 zephyr/arch/arch/arm/core/libarch__arm__core.a(fatal.c.obj)
                0x00000000000206b4                z_arm_fatal_error
 .text.z_SysNmiOnReset
                0x00000000000207dc        0x8 zephyr/arch/arch/arm/core/libarch__arm__core.a(nmi_on_reset.S.obj)
                0x00000000000207dc                z_SysNmiOnReset
 .text.z_arm_prep_c
                0x00000000000207e4       0x50 zephyr/arch/arch/arm/core/libarch__arm__core.a(prep_c.c.obj)
                0x00000000000207e4                z_arm_prep_c
 .text._isr_wrapper
                0x0000000000020834       0x40 zephyr/arch/arch/arm/core/libarch__arm__core.a(isr_wrapper.S.obj)
                0x0000000000020834                _isr_wrapper
 .text._reset_section
                0x0000000000020874       0x30 zephyr/arch/arch/arm/core/cortex_m/libarch__arm__core__cortex_m.a(reset.S.obj)
                0x0000000000020874                z_arm_reset
                0x0000000000020874                __start
 .text.mem_manage_fault.isra.2
                0x00000000000208a4      0x144 zephyr/arch/arch/arm/core/cortex_m/libarch__arm__core__cortex_m.a(fault.c.obj)
 .text.bus_fault.isra.3
                0x00000000000209e8      0x12c zephyr/arch/arch/arm/core/cortex_m/libarch__arm__core__cortex_m.a(fault.c.obj)
 .text.usage_fault.isra.4
                0x0000000000020b14      0x128 zephyr/arch/arch/arm/core/cortex_m/libarch__arm__core__cortex_m.a(fault.c.obj)
 .text.z_arm_fault
                0x0000000000020c3c      0x210 zephyr/arch/arch/arm/core/cortex_m/libarch__arm__core__cortex_m.a(fault.c.obj)
                0x0000000000020c3c                z_arm_fault
 .text.z_arm_fault_init
                0x0000000000020e4c       0x18 zephyr/arch/arch/arm/core/cortex_m/libarch__arm__core__cortex_m.a(fault.c.obj)
                0x0000000000020e4c                z_arm_fault_init
 .text.sys_arch_reboot
                0x0000000000020e64       0x24 zephyr/arch/arch/arm/core/cortex_m/libarch__arm__core__cortex_m.a(scb.c.obj)
                0x0000000000020e64                sys_arch_reboot
 .text.z_arm_int_lib_init
                0x0000000000020e88       0x18 zephyr/arch/arch/arm/core/cortex_m/libarch__arm__core__cortex_m.a(irq_init.c.obj)
                0x0000000000020e88                z_arm_int_lib_init
 .text.z_impl_k_thread_abort
                0x0000000000020ea0       0x7c zephyr/arch/arch/arm/core/cortex_m/libarch__arm__core__cortex_m.a(thread_abort.c.obj)
                0x0000000000020ea0                z_impl_k_thread_abort
 .text.z_arm_configure_static_mpu_regions
                0x0000000000020f1c       0x54 zephyr/arch/arch/arm/core/cortex_m/mpu/libarch__arm__core__cortex_m__mpu.a(arm_core_mpu.c.obj)
                0x0000000000020f1c                z_arm_configure_static_mpu_regions
 .text.region_allocate_and_init
                0x0000000000020f70       0x64 zephyr/arch/arch/arm/core/cortex_m/mpu/libarch__arm__core__cortex_m__mpu.a(arm_mpu.c.obj)
 .text.arm_core_mpu_enable
                0x0000000000020fd4       0x14 zephyr/arch/arch/arm/core/cortex_m/mpu/libarch__arm__core__cortex_m__mpu.a(arm_mpu.c.obj)
                0x0000000000020fd4                arm_core_mpu_enable
 .text.arm_core_mpu_disable
                0x0000000000020fe8       0x10 zephyr/arch/arch/arm/core/cortex_m/mpu/libarch__arm__core__cortex_m__mpu.a(arm_mpu.c.obj)
                0x0000000000020fe8                arm_core_mpu_disable
 .text.arm_mpu_init
                0x0000000000020ff8       0xd4 zephyr/arch/arch/arm/core/cortex_m/mpu/libarch__arm__core__cortex_m__mpu.a(arm_mpu.c.obj)
 .text.arm_core_mpu_configure_static_mpu_regions
                0x00000000000210cc      0x1d0 zephyr/arch/arch/arm/core/cortex_m/mpu/libarch__arm__core__cortex_m__mpu.a(arm_mpu.c.obj)
                0x00000000000210cc                arm_core_mpu_configure_static_mpu_regions
 .text.arm_core_mpu_mark_areas_for_dynamic_regions
                0x000000000002129c       0xdc zephyr/arch/arch/arm/core/cortex_m/mpu/libarch__arm__core__cortex_m__mpu.a(arm_mpu.c.obj)
                0x000000000002129c                arm_core_mpu_mark_areas_for_dynamic_regions
 .text.arm_core_mpu_configure_dynamic_mpu_regions
                0x0000000000021378       0xc4 zephyr/arch/arch/arm/core/cortex_m/mpu/libarch__arm__core__cortex_m__mpu.a(arm_mpu.c.obj)
                0x0000000000021378                arm_core_mpu_configure_dynamic_mpu_regions
 .text.__stdout_hook_install
                0x000000000002143c        0xc zephyr/lib/libc/newlib/liblib__libc__newlib.a(libc-hooks.c.obj)
                0x000000000002143c                __stdout_hook_install
 .text.z_impl_zephyr_read_stdin
                0x0000000000021448       0x28 zephyr/lib/libc/newlib/liblib__libc__newlib.a(libc-hooks.c.obj)
                0x0000000000021448                z_impl_zephyr_read_stdin
 .text.z_impl_zephyr_write_stdout
                0x0000000000021470       0x30 zephyr/lib/libc/newlib/liblib__libc__newlib.a(libc-hooks.c.obj)
                0x0000000000021470                z_impl_zephyr_write_stdout
 .text._exit    0x00000000000214a0       0x10 zephyr/lib/libc/newlib/liblib__libc__newlib.a(libc-hooks.c.obj)
                0x00000000000214a0                _exit
 .text._sbrk    0x00000000000214b0       0x44 zephyr/lib/libc/newlib/liblib__libc__newlib.a(libc-hooks.c.obj)
                0x00000000000214b0                _sbrk
                0x00000000000214b0                sbrk
 .text.net_if_flag_is_set
                0x00000000000214f4       0x3c zephyr/subsys/net/ip/libsubsys__net__ip.a(net_if.c.obj)
 .text.net_if_flag_set.constprop.25
                0x0000000000021530       0x40 zephyr/subsys/net/ip/libsubsys__net__ip.a(net_if.c.obj)
 .text.net_if_up
                0x0000000000021570       0x6c zephyr/subsys/net/ip/libsubsys__net__ip.a(net_if.c.obj)
                0x0000000000021570                net_if_up
 .text.net_if_init
                0x00000000000215dc       0x28 zephyr/subsys/net/ip/libsubsys__net__ip.a(net_if.c.obj)
                0x00000000000215dc                net_if_init
 .text.net_if_post_init
                0x0000000000021604       0x28 zephyr/subsys/net/ip/libsubsys__net__ip.a(net_if.c.obj)
                0x0000000000021604                net_if_post_init
 .text.connect_request_encode
                0x000000000002162c      0x100 zephyr/subsys/net/lib/mqtt/libsubsys__net__lib__mqtt.a(mqtt_encoder.c.obj)
                0x000000000002162c                connect_request_encode
 .text.disconnect_encode
                0x000000000002172c       0x24 zephyr/subsys/net/lib/mqtt/libsubsys__net__lib__mqtt.a(mqtt_encoder.c.obj)
                0x000000000002172c                disconnect_encode
 .text.ping_request_encode
                0x0000000000021750       0x24 zephyr/subsys/net/lib/mqtt/libsubsys__net__lib__mqtt.a(mqtt_encoder.c.obj)
                0x0000000000021750                ping_request_encode
 .text.close    0x0000000000021774       0x58 zephyr/subsys/net/lib/mqtt/libsubsys__net__lib__mqtt.a(mqtt_transport_socket_tcp.c.obj)
 .text.mqtt_client_tcp_connect
                0x00000000000217cc       0xd4 zephyr/subsys/net/lib/mqtt/libsubsys__net__lib__mqtt.a(mqtt_transport_socket_tcp.c.obj)
                0x00000000000217cc                mqtt_client_tcp_connect
 .text.mqtt_client_tcp_write
                0x00000000000218a0       0x98 zephyr/subsys/net/lib/mqtt/libsubsys__net__lib__mqtt.a(mqtt_transport_socket_tcp.c.obj)
                0x00000000000218a0                mqtt_client_tcp_write
 .text.mqtt_client_tcp_read
                0x0000000000021938       0x7c zephyr/subsys/net/lib/mqtt/libsubsys__net__lib__mqtt.a(mqtt_transport_socket_tcp.c.obj)
                0x0000000000021938                mqtt_client_tcp_read
 .text.mqtt_transport_connect
                0x00000000000219b4       0x10 zephyr/subsys/net/lib/mqtt/libsubsys__net__lib__mqtt.a(mqtt_transport.c.obj)
                0x00000000000219b4                mqtt_transport_connect
 .text.mqtt_transport_write
                0x00000000000219c4       0x18 zephyr/subsys/net/lib/mqtt/libsubsys__net__lib__mqtt.a(mqtt_transport.c.obj)
                0x00000000000219c4                mqtt_transport_write
 .text.mqtt_transport_read
                0x00000000000219dc       0x18 zephyr/subsys/net/lib/mqtt/libsubsys__net__lib__mqtt.a(mqtt_transport.c.obj)
                0x00000000000219dc                mqtt_transport_read
 .text.mqtt_transport_disconnect
                0x00000000000219f4       0x14 zephyr/subsys/net/lib/mqtt/libsubsys__net__lib__mqtt.a(mqtt_transport.c.obj)
                0x00000000000219f4                mqtt_transport_disconnect
 .text.mqtt_mutex_unlock
                0x0000000000021a08       0x58 zephyr/subsys/net/lib/mqtt/libsubsys__net__lib__mqtt.a(mqtt.c.obj)
 .text.mqtt_mutex_lock
                0x0000000000021a60       0x40 zephyr/subsys/net/lib/mqtt/libsubsys__net__lib__mqtt.a(mqtt.c.obj)
 .text.close    0x0000000000021aa0       0x58 zephyr/subsys/net/lib/mqtt/libsubsys__net__lib__mqtt.a(mqtt_transport_socket_tls.c.obj)
 .text.setsockopt.constprop.1
                0x0000000000021af8       0x70 zephyr/subsys/net/lib/mqtt/libsubsys__net__lib__mqtt.a(mqtt_transport_socket_tls.c.obj)
 .text.mqtt_client_tls_connect
                0x0000000000021b68      0x140 zephyr/subsys/net/lib/mqtt/libsubsys__net__lib__mqtt.a(mqtt_transport_socket_tls.c.obj)
                0x0000000000021b68                mqtt_client_tls_connect
 .text.mqtt_client_tls_write
                0x0000000000021ca8       0x98 zephyr/subsys/net/lib/mqtt/libsubsys__net__lib__mqtt.a(mqtt_transport_socket_tls.c.obj)
                0x0000000000021ca8                mqtt_client_tls_write
 .text.mqtt_client_tls_read
                0x0000000000021d40       0x7c zephyr/subsys/net/lib/mqtt/libsubsys__net__lib__mqtt.a(mqtt_transport_socket_tls.c.obj)
                0x0000000000021d40                mqtt_client_tls_read
 .text.z_impl_entropy_get_entropy
                0x0000000000021dbc       0x48 zephyr/subsys/random/libsubsys__random.a(rand32_entropy_device.c.obj)
 .text.sys_rand32_get
                0x0000000000021e04       0x64 zephyr/subsys/random/libsubsys__random.a(rand32_entropy_device.c.obj)
                0x0000000000021e04                sys_rand32_get
 .text.gpio_nrfx_manage_callback
                0x0000000000021e68       0xac zephyr/drivers/gpio/libdrivers__gpio.a(gpio_nrfx.c.obj)
 .text.nrf_gpio_pin_port_decode.isra.8.part.9
                0x0000000000021f14       0x1c zephyr/drivers/gpio/libdrivers__gpio.a(gpio_nrfx.c.obj)
 .text.nrf_gpio_cfg_sense_set
                0x0000000000021f30       0x28 zephyr/drivers/gpio/libdrivers__gpio.a(gpio_nrfx.c.obj)
 .text.gpio_nrfx_init
                0x0000000000021f58       0x30 zephyr/drivers/gpio/libdrivers__gpio.a(gpio_nrfx.c.obj)
 .text.gpiote_pin_int_cfg
                0x0000000000021f88      0x144 zephyr/drivers/gpio/libdrivers__gpio.a(gpio_nrfx.c.obj)
 .text.gpio_nrfx_config
                0x00000000000220cc      0x12c zephyr/drivers/gpio/libdrivers__gpio.a(gpio_nrfx.c.obj)
 .text.gpiote_event_handler
                0x00000000000221f8      0x180 zephyr/drivers/gpio/libdrivers__gpio.a(gpio_nrfx.c.obj)
 .text.flash_nrf_write_protection
                0x0000000000022378        0xc zephyr/drivers/flash/libdrivers__flash.a(soc_flash_nrf.c.obj)
 .text.flash_nrf_pages_layout
                0x0000000000022384       0x10 zephyr/drivers/flash/libdrivers__flash.a(soc_flash_nrf.c.obj)
 .text.flash_nrf_erase
                0x0000000000022394       0x70 zephyr/drivers/flash/libdrivers__flash.a(soc_flash_nrf.c.obj)
 .text.nrf_flash_init
                0x0000000000022404       0x30 zephyr/drivers/flash/libdrivers__flash.a(soc_flash_nrf.c.obj)
 .text.flash_nrf_write
                0x0000000000022434       0xa4 zephyr/drivers/flash/libdrivers__flash.a(soc_flash_nrf.c.obj)
 .text.uarte_nrfx_configure
                0x00000000000224d8      0x16c zephyr/drivers/serial/libdrivers__serial.a(uart_nrfx_uarte.c.obj)
 .text.uarte_0_init
                0x0000000000022644       0x90 zephyr/drivers/serial/libdrivers__serial.a(uart_nrfx_uarte.c.obj)
 .text.entropy_cc310_rng_get_entropy
                0x00000000000226d4       0x5c zephyr/drivers/entropy/libdrivers__entropy.a(entropy_cc310.c.obj)
 .text.parse_string
                0x0000000000022730      0x1d8 zephyr/modules/nrf/ext/cjson/lib..__nrf__ext__cjson.a(cJSON.c.obj)
 .text.get_object_item
                0x0000000000022908       0x70 zephyr/modules/nrf/ext/cjson/lib..__nrf__ext__cjson.a(cJSON.c.obj)
 .text.print_string_ptr
                0x0000000000022978      0x140 zephyr/modules/nrf/ext/cjson/lib..__nrf__ext__cjson.a(cJSON.c.obj)
 .text.print_value
                0x0000000000022ab8      0x330 zephyr/modules/nrf/ext/cjson/lib..__nrf__ext__cjson.a(cJSON.c.obj)
 .text.print.constprop.14
                0x0000000000022de8       0x98 zephyr/modules/nrf/ext/cjson/lib..__nrf__ext__cjson.a(cJSON.c.obj)
 .text.cJSON_strdup.isra.2.constprop.16
                0x0000000000022e80       0x2c zephyr/modules/nrf/ext/cjson/lib..__nrf__ext__cjson.a(cJSON.c.obj)
 .text.add_item_to_object.constprop.12
                0x0000000000022eac       0x50 zephyr/modules/nrf/ext/cjson/lib..__nrf__ext__cjson.a(cJSON.c.obj)
 .text.cJSON_InitHooks
                0x0000000000022efc       0x48 zephyr/modules/nrf/ext/cjson/lib..__nrf__ext__cjson.a(cJSON.c.obj)
                0x0000000000022efc                cJSON_InitHooks
 .text.cJSON_Delete
                0x0000000000022f44       0x48 zephyr/modules/nrf/ext/cjson/lib..__nrf__ext__cjson.a(cJSON.c.obj)
                0x0000000000022f44                cJSON_Delete
 .text.cJSON_ParseWithOpts
                0x0000000000022f8c       0xe0 zephyr/modules/nrf/ext/cjson/lib..__nrf__ext__cjson.a(cJSON.c.obj)
                0x0000000000022f8c                cJSON_ParseWithOpts
 .text.cJSON_CreateNull
                0x000000000002306c       0x18 zephyr/modules/nrf/ext/cjson/lib..__nrf__ext__cjson.a(cJSON.c.obj)
                0x000000000002306c                cJSON_CreateNull
 .text.cJSON_CreateString
                0x0000000000023084       0x30 zephyr/modules/nrf/ext/cjson/lib..__nrf__ext__cjson.a(cJSON.c.obj)
                0x0000000000023084                cJSON_CreateString
 .text.cJSON_CreateArray
                0x00000000000230b4       0x18 zephyr/modules/nrf/ext/cjson/lib..__nrf__ext__cjson.a(cJSON.c.obj)
                0x00000000000230b4                cJSON_CreateArray
 .text.cJSON_CreateObject
                0x00000000000230cc       0x18 zephyr/modules/nrf/ext/cjson/lib..__nrf__ext__cjson.a(cJSON.c.obj)
                0x00000000000230cc                cJSON_CreateObject
 .text.cJSON_Init
                0x00000000000230e4       0x1c zephyr/modules/nrf/ext/cjson/lib..__nrf__ext__cjson.a(cJSON_os.c.obj)
                0x00000000000230e4                cJSON_Init
 .text._bsdlib_init
                0x0000000000023100       0x1c zephyr/modules/nrf/lib/bsdlib/lib..__nrf__lib__bsdlib.a(bsdlib.c.obj)
 .text.bsdlib_get_init_ret
                0x000000000002311c        0xc zephyr/modules/nrf/lib/bsdlib/lib..__nrf__lib__bsdlib.a(bsdlib.c.obj)
                0x000000000002311c                bsdlib_get_init_ret
 .text.thread_monitor_entry_get
                0x0000000000023128       0x40 zephyr/modules/nrf/lib/bsdlib/lib..__nrf__lib__bsdlib.a(bsd_os.c.obj)
 .text.rpc_proxy_irq_handler
                0x0000000000023168       0x48 zephyr/modules/nrf/lib/bsdlib/lib..__nrf__lib__bsdlib.a(bsd_os.c.obj)
                0x0000000000023168                rpc_proxy_irq_handler
 .text.bsd_os_timedwait
                0x00000000000231b0      0x128 zephyr/modules/nrf/lib/bsdlib/lib..__nrf__lib__bsdlib.a(bsd_os.c.obj)
                0x00000000000231b0                bsd_os_timedwait
 .text.bsd_os_errno_set
                0x00000000000232d8      0x1d4 zephyr/modules/nrf/lib/bsdlib/lib..__nrf__lib__bsdlib.a(bsd_os.c.obj)
                0x00000000000232d8                bsd_os_errno_set
 .text.bsd_os_application_irq_set
                0x00000000000234ac       0x10 zephyr/modules/nrf/lib/bsdlib/lib..__nrf__lib__bsdlib.a(bsd_os.c.obj)
                0x00000000000234ac                bsd_os_application_irq_set
 .text.bsd_os_application_irq_clear
                0x00000000000234bc       0x10 zephyr/modules/nrf/lib/bsdlib/lib..__nrf__lib__bsdlib.a(bsd_os.c.obj)
                0x00000000000234bc                bsd_os_application_irq_clear
 .text.bsd_os_trace_irq_set
                0x00000000000234cc       0x10 zephyr/modules/nrf/lib/bsdlib/lib..__nrf__lib__bsdlib.a(bsd_os.c.obj)
                0x00000000000234cc                bsd_os_trace_irq_set
 .text.bsd_os_trace_irq_clear
                0x00000000000234dc       0x10 zephyr/modules/nrf/lib/bsdlib/lib..__nrf__lib__bsdlib.a(bsd_os.c.obj)
                0x00000000000234dc                bsd_os_trace_irq_clear
 .text.bsd_os_init
                0x00000000000234ec       0x2c zephyr/modules/nrf/lib/bsdlib/lib..__nrf__lib__bsdlib.a(bsd_os.c.obj)
                0x00000000000234ec                bsd_os_init
 .text.z_to_nrf_optname
                0x0000000000023518       0xd0 zephyr/modules/nrf/lib/bsdlib/lib..__nrf__lib__bsdlib.a(nrf91_sockets.c.obj)
 .text.nrf91_socket_iface_init
                0x00000000000235e8       0x18 zephyr/modules/nrf/lib/bsdlib/lib..__nrf__lib__bsdlib.a(nrf91_sockets.c.obj)
 .text.dk_set_leds_state.part.7
                0x0000000000023600       0x7c zephyr/modules/nrf/lib/dk_buttons_and_leds/lib..__nrf__lib__dk_buttons_and_leds.a(dk_buttons_and_leds.c.obj)
 .text.button_pressed
                0x000000000002367c      0x120 zephyr/modules/nrf/lib/dk_buttons_and_leds/lib..__nrf__lib__dk_buttons_and_leds.a(dk_buttons_and_leds.c.obj)
 .text.buttons_scan_fn
                0x000000000002379c      0x21c zephyr/modules/nrf/lib/dk_buttons_and_leds/lib..__nrf__lib__dk_buttons_and_leds.a(dk_buttons_and_leds.c.obj)
 .text.dk_leds_init
                0x00000000000239b8       0x94 zephyr/modules/nrf/lib/dk_buttons_and_leds/lib..__nrf__lib__dk_buttons_and_leds.a(dk_buttons_and_leds.c.obj)
                0x00000000000239b8                dk_leds_init
 .text.dk_read_buttons
                0x0000000000023a4c       0x20 zephyr/modules/nrf/lib/dk_buttons_and_leds/lib..__nrf__lib__dk_buttons_and_leds.a(dk_buttons_and_leds.c.obj)
                0x0000000000023a4c                dk_read_buttons
 .text.dk_buttons_init
                0x0000000000023a6c      0x1e8 zephyr/modules/nrf/lib/dk_buttons_and_leds/lib..__nrf__lib__dk_buttons_and_leds.a(dk_buttons_and_leds.c.obj)
                0x0000000000023a6c                dk_buttons_init
 .text.find_node
                0x0000000000023c54       0x34 zephyr/modules/nrf/lib/at_notif/lib..__nrf__lib__at_notif.a(at_notif.c.obj)
 .text.module_init
                0x0000000000023c88       0x1c zephyr/modules/nrf/lib/at_notif/lib..__nrf__lib__at_notif.a(at_notif.c.obj)
 .text.notif_dispatch
                0x0000000000023ca4       0x3c zephyr/modules/nrf/lib/at_notif/lib..__nrf__lib__at_notif.a(at_notif.c.obj)
 .text.at_notif_register_handler
                0x0000000000023ce0       0x70 zephyr/modules/nrf/lib/at_notif/lib..__nrf__lib__at_notif.a(at_notif.c.obj)
                0x0000000000023ce0                at_notif_register_handler
 .text.at_notif_deregister_handler
                0x0000000000023d50       0x70 zephyr/modules/nrf/lib/at_notif/lib..__nrf__lib__at_notif.a(at_notif.c.obj)
                0x0000000000023d50                at_notif_deregister_handler
 .text.write_uart_string
                0x0000000000023dc0       0x1c zephyr/modules/nrf/lib/at_host/lib..__nrf__lib__at_host.a(at_host.c.obj)
 .text.cmd_send
                0x0000000000023ddc       0xb4 zephyr/modules/nrf/lib/at_host/lib..__nrf__lib__at_host.a(at_host.c.obj)
 .text.isr      0x0000000000023e90      0x15c zephyr/modules/nrf/lib/at_host/lib..__nrf__lib__at_host.a(at_host.c.obj)
 .text.at_host_init
                0x0000000000023fec      0x14c zephyr/modules/nrf/lib/at_host/lib..__nrf__lib__at_host.a(at_host.c.obj)
 .text.is_valid_notification_char
                0x0000000000024138       0x20 zephyr/modules/nrf/lib/at_cmd_parser/lib..__nrf__lib__at_cmd_parser.a(at_cmd_parser.c.obj)
 .text.at_parse_process_element
                0x0000000000024158      0x16c zephyr/modules/nrf/lib/at_cmd_parser/lib..__nrf__lib__at_cmd_parser.a(at_cmd_parser.c.obj)
 .text.at_parse_detect_type
                0x00000000000242c4       0xfc zephyr/modules/nrf/lib/at_cmd_parser/lib..__nrf__lib__at_cmd_parser.a(at_cmd_parser.c.obj)
 .text.at_parser_max_params_from_str
                0x00000000000243c0      0x124 zephyr/modules/nrf/lib/at_cmd_parser/lib..__nrf__lib__at_cmd_parser.a(at_cmd_parser.c.obj)
                0x00000000000243c0                at_parser_max_params_from_str
 .text.at_params_get
                0x00000000000244e4       0x44 zephyr/modules/nrf/lib/at_cmd_parser/lib..__nrf__lib__at_cmd_parser.a(at_params.c.obj)
 .text.at_param_size
                0x0000000000024528       0x50 zephyr/modules/nrf/lib/at_cmd_parser/lib..__nrf__lib__at_cmd_parser.a(at_params.c.obj)
 .text.at_param_clear
                0x0000000000024578       0x44 zephyr/modules/nrf/lib/at_cmd_parser/lib..__nrf__lib__at_cmd_parser.a(at_params.c.obj)
 .text.at_params_list_clear
                0x00000000000245bc       0x70 zephyr/modules/nrf/lib/at_cmd_parser/lib..__nrf__lib__at_cmd_parser.a(at_params.c.obj)
                0x00000000000245bc                at_params_list_clear
 .text.modem_info_parse.isra.0
                0x000000000002462c       0x2c zephyr/modules/nrf/lib/modem_info/lib..__nrf__lib__modem_info.a(modem_info.c.obj)
 .text.modem_info_rsrp_subscribe_handler
                0x0000000000024658       0x98 zephyr/modules/nrf/lib/modem_info/lib..__nrf__lib__modem_info.a(modem_info.c.obj)
 .text.modem_info_type_get
                0x00000000000246f0       0x14 zephyr/modules/nrf/lib/modem_info/lib..__nrf__lib__modem_info.a(modem_info.c.obj)
                0x00000000000246f0                modem_info_type_get
 .text.modem_info_name_get
                0x0000000000024704       0x30 zephyr/modules/nrf/lib/modem_info/lib..__nrf__lib__modem_info.a(modem_info.c.obj)
                0x0000000000024704                modem_info_name_get
 .text.modem_info_short_get
                0x0000000000024734       0x64 zephyr/modules/nrf/lib/modem_info/lib..__nrf__lib__modem_info.a(modem_info.c.obj)
                0x0000000000024734                modem_info_short_get
 .text.modem_info_string_get
                0x0000000000024798      0x114 zephyr/modules/nrf/lib/modem_info/lib..__nrf__lib__modem_info.a(modem_info.c.obj)
                0x0000000000024798                modem_info_string_get
 .text.modem_info_rsrp_register
                0x00000000000248ac       0x64 zephyr/modules/nrf/lib/modem_info/lib..__nrf__lib__modem_info.a(modem_info.c.obj)
                0x00000000000248ac                modem_info_rsrp_register
 .text.modem_info_init
                0x0000000000024910        0xc zephyr/modules/nrf/lib/modem_info/lib..__nrf__lib__modem_info.a(modem_info.c.obj)
                0x0000000000024910                modem_info_init
 .text.modem_data_get
                0x000000000002491c       0x8c zephyr/modules/nrf/lib/modem_info/lib..__nrf__lib__modem_info.a(modem_info_params.c.obj)
 .text.modem_info_params_init
                0x00000000000249a8       0xa0 zephyr/modules/nrf/lib/modem_info/lib..__nrf__lib__modem_info.a(modem_info_params.c.obj)
                0x00000000000249a8                modem_info_params_init
 .text.modem_info_params_get
                0x0000000000024a48      0x198 zephyr/modules/nrf/lib/modem_info/lib..__nrf__lib__modem_info.a(modem_info_params.c.obj)
                0x0000000000024a48                modem_info_params_get
 .text.network_data_add
                0x0000000000024be0       0xf4 zephyr/modules/nrf/lib/modem_info/lib..__nrf__lib__modem_info.a(modem_info_json.c.obj)
 .text.device_data_add
                0x0000000000024cd4       0x68 zephyr/modules/nrf/lib/modem_info/lib..__nrf__lib__modem_info.a(modem_info_json.c.obj)
 .text.modem_info_json_object_encode
                0x0000000000024d3c       0xc0 zephyr/modules/nrf/lib/modem_info/lib..__nrf__lib__modem_info.a(modem_info_json.c.obj)
                0x0000000000024d3c                modem_info_json_object_encode
 .text.cloud_get_binding
                0x0000000000024dfc       0x34 zephyr/modules/nrf/subsys/net/lib/cloud/lib..__nrf__subsys__net__lib__cloud.a(cloud.c.obj)
                0x0000000000024dfc                cloud_get_binding
 .text.uninit   0x0000000000024e30       0x30 zephyr/modules/nrf/subsys/net/lib/nrf_cloud/lib..__nrf__subsys__net__lib__nrf_cloud.a(nrf_cloud.c.obj)
 .text.event_handler
                0x0000000000024e60      0x1d0 zephyr/modules/nrf/subsys/net/lib/nrf_cloud/lib..__nrf__subsys__net__lib__nrf_cloud.a(nrf_cloud.c.obj)
 .text.send     0x0000000000025030       0xd4 zephyr/modules/nrf/subsys/net/lib/nrf_cloud/lib..__nrf__subsys__net__lib__nrf_cloud.a(nrf_cloud.c.obj)
 .text.nfsm_get_current_state
                0x0000000000025104        0xc zephyr/modules/nrf/subsys/net/lib/nrf_cloud/lib..__nrf__subsys__net__lib__nrf_cloud.a(nrf_cloud.c.obj)
                0x0000000000025104                nfsm_get_current_state
 .text.nfsm_set_current_state_and_notify
                0x0000000000025110       0x54 zephyr/modules/nrf/subsys/net/lib/nrf_cloud/lib..__nrf__subsys__net__lib__nrf_cloud.a(nrf_cloud.c.obj)
                0x0000000000025110                nfsm_set_current_state_and_notify
 .text.nrf_cloud_init
                0x0000000000025164       0x40 zephyr/modules/nrf/subsys/net/lib/nrf_cloud/lib..__nrf__subsys__net__lib__nrf_cloud.a(nrf_cloud.c.obj)
                0x0000000000025164                nrf_cloud_init
 .text.init     0x00000000000251a4       0x24 zephyr/modules/nrf/subsys/net/lib/nrf_cloud/lib..__nrf__subsys__net__lib__nrf_cloud.a(nrf_cloud.c.obj)
 .text.nrf_cloud_connect
                0x00000000000251c8       0x18 zephyr/modules/nrf/subsys/net/lib/nrf_cloud/lib..__nrf__subsys__net__lib__nrf_cloud.a(nrf_cloud.c.obj)
                0x00000000000251c8                nrf_cloud_connect
 .text.nrf_cloud_disconnect
                0x00000000000251e0       0x1c zephyr/modules/nrf/subsys/net/lib/nrf_cloud/lib..__nrf__subsys__net__lib__nrf_cloud.a(nrf_cloud.c.obj)
                0x00000000000251e0                nrf_cloud_disconnect
 .text.nct_input
                0x00000000000251fc        0xc zephyr/modules/nrf/subsys/net/lib/nrf_cloud/lib..__nrf__subsys__net__lib__nrf_cloud.a(nrf_cloud.c.obj)
                0x00000000000251fc                nct_input
 .text.nct_apply_update
                0x0000000000025208       0x10 zephyr/modules/nrf/subsys/net/lib/nrf_cloud/lib..__nrf__subsys__net__lib__nrf_cloud.a(nrf_cloud.c.obj)
                0x0000000000025208                nct_apply_update
 .text.nrf_cloud_decode_desired_obj
                0x0000000000025218       0x24 zephyr/modules/nrf/subsys/net/lib/nrf_cloud/lib..__nrf__subsys__net__lib__nrf_cloud.a(nrf_cloud_codec.c.obj)
 .text.nrf_cloud_decode_requested_state
                0x000000000002523c      0x180 zephyr/modules/nrf/subsys/net/lib/nrf_cloud/lib..__nrf__subsys__net__lib__nrf_cloud.a(nrf_cloud_codec.c.obj)
                0x000000000002523c                nrf_cloud_decode_requested_state
 .text.nrf_cloud_encode_state
                0x00000000000253bc      0x1b4 zephyr/modules/nrf/subsys/net/lib/nrf_cloud/lib..__nrf__subsys__net__lib__nrf_cloud.a(nrf_cloud_codec.c.obj)
                0x00000000000253bc                nrf_cloud_encode_state
 .text.nrf_cloud_decode_data_endpoint
                0x0000000000025570      0x188 zephyr/modules/nrf/subsys/net/lib/nrf_cloud/lib..__nrf__subsys__net__lib__nrf_cloud.a(nrf_cloud_codec.c.obj)
                0x0000000000025570                nrf_cloud_decode_data_endpoint
 .text.state_ua_pin_wait
                0x00000000000256f8       0xa8 zephyr/modules/nrf/subsys/net/lib/nrf_cloud/lib..__nrf__subsys__net__lib__nrf_cloud.a(nrf_cloud_fsm.c.obj)
 .text.initiate_cmd_handler
                0x00000000000257a0       0x50 zephyr/modules/nrf/subsys/net/lib/nrf_cloud/lib..__nrf__subsys__net__lib__nrf_cloud.a(nrf_cloud_fsm.c.obj)
 .text.initiate_n_complete_request_handler
                0x00000000000257f0      0x12c zephyr/modules/nrf/subsys/net/lib/nrf_cloud/lib..__nrf__subsys__net__lib__nrf_cloud.a(nrf_cloud_fsm.c.obj)
 .text.cc_connection_handler
                0x000000000002591c       0x4c zephyr/modules/nrf/subsys/net/lib/nrf_cloud/lib..__nrf__subsys__net__lib__nrf_cloud.a(nrf_cloud_fsm.c.obj)
 .text.initiate_cmd_in_dc_conn_handler
                0x0000000000025968       0x54 zephyr/modules/nrf/subsys/net/lib/nrf_cloud/lib..__nrf__subsys__net__lib__nrf_cloud.a(nrf_cloud_fsm.c.obj)
 .text.nfsm_handle_incoming_event
                0x00000000000259bc       0xa8 zephyr/modules/nrf/subsys/net/lib/nrf_cloud/lib..__nrf__subsys__net__lib__nrf_cloud.a(nrf_cloud_fsm.c.obj)
                0x00000000000259bc                nfsm_handle_incoming_event
 .text.dc_endpoint_reset
                0x0000000000025a64       0x18 zephyr/modules/nrf/subsys/net/lib/nrf_cloud/lib..__nrf__subsys__net__lib__nrf_cloud.a(nrf_cloud_transport.c.obj)
 .text.dc_send  0x0000000000025a7c       0x74 zephyr/modules/nrf/subsys/net/lib/nrf_cloud/lib..__nrf__subsys__net__lib__nrf_cloud.a(nrf_cloud_transport.c.obj)
 .text.dc_endpoint_free
                0x0000000000025af0       0x30 zephyr/modules/nrf/subsys/net/lib/nrf_cloud/lib..__nrf__subsys__net__lib__nrf_cloud.a(nrf_cloud_transport.c.obj)
 .text.aws_fota_cb_handler
                0x0000000000025b20       0x64 zephyr/modules/nrf/subsys/net/lib/nrf_cloud/lib..__nrf__subsys__net__lib__nrf_cloud.a(nrf_cloud_transport.c.obj)
 .text.nct_mqtt_evt_handler
                0x0000000000025b84      0x2ac zephyr/modules/nrf/subsys/net/lib/nrf_cloud/lib..__nrf__subsys__net__lib__nrf_cloud.a(nrf_cloud_transport.c.obj)
 .text.nct_mqtt_connect
                0x0000000000025e30       0xb8 zephyr/modules/nrf/subsys/net/lib/nrf_cloud/lib..__nrf__subsys__net__lib__nrf_cloud.a(nrf_cloud_transport.c.obj)
                0x0000000000025e30                nct_mqtt_connect
 .text.nct_init
                0x0000000000025ee8      0x2a8 zephyr/modules/nrf/subsys/net/lib/nrf_cloud/lib..__nrf__subsys__net__lib__nrf_cloud.a(nrf_cloud_transport.c.obj)
                0x0000000000025ee8                nct_init
 .text.nct_connect
                0x0000000000026190      0x164 zephyr/modules/nrf/subsys/net/lib/nrf_cloud/lib..__nrf__subsys__net__lib__nrf_cloud.a(nrf_cloud_transport.c.obj)
                0x0000000000026190                nct_connect
 .text.nct_cc_connect
                0x00000000000262f4       0x54 zephyr/modules/nrf/subsys/net/lib/nrf_cloud/lib..__nrf__subsys__net__lib__nrf_cloud.a(nrf_cloud_transport.c.obj)
                0x00000000000262f4                nct_cc_connect
 .text.nct_cc_send
                0x0000000000026348       0xfc zephyr/modules/nrf/subsys/net/lib/nrf_cloud/lib..__nrf__subsys__net__lib__nrf_cloud.a(nrf_cloud_transport.c.obj)
                0x0000000000026348                nct_cc_send
 .text.nct_dc_endpoint_set
                0x0000000000026444       0x68 zephyr/modules/nrf/subsys/net/lib/nrf_cloud/lib..__nrf__subsys__net__lib__nrf_cloud.a(nrf_cloud_transport.c.obj)
                0x0000000000026444                nct_dc_endpoint_set
 .text.nct_dc_endpoint_get
                0x00000000000264ac       0x64 zephyr/modules/nrf/subsys/net/lib/nrf_cloud/lib..__nrf__subsys__net__lib__nrf_cloud.a(nrf_cloud_transport.c.obj)
                0x00000000000264ac                nct_dc_endpoint_get
 .text.nct_dc_connect
                0x0000000000026510       0x64 zephyr/modules/nrf/subsys/net/lib/nrf_cloud/lib..__nrf__subsys__net__lib__nrf_cloud.a(nrf_cloud_transport.c.obj)
                0x0000000000026510                nct_dc_connect
 .text.nct_dc_disconnect
                0x0000000000026574       0x54 zephyr/modules/nrf/subsys/net/lib/nrf_cloud/lib..__nrf__subsys__net__lib__nrf_cloud.a(nrf_cloud_transport.c.obj)
                0x0000000000026574                nct_dc_disconnect
 .text.nct_disconnect
                0x00000000000265c8       0x44 zephyr/modules/nrf/subsys/net/lib/nrf_cloud/lib..__nrf__subsys__net__lib__nrf_cloud.a(nrf_cloud_transport.c.obj)
                0x00000000000265c8                nct_disconnect
 .text.nct_process
                0x000000000002660c       0x18 zephyr/modules/nrf/subsys/net/lib/nrf_cloud/lib..__nrf__subsys__net__lib__nrf_cloud.a(nrf_cloud_transport.c.obj)
                0x000000000002660c                nct_process
 .text.nct_socket_get
                0x0000000000026624        0xc zephyr/modules/nrf/subsys/net/lib/nrf_cloud/lib..__nrf__subsys__net__lib__nrf_cloud.a(nrf_cloud_transport.c.obj)
                0x0000000000026624                nct_socket_get
 .text.fragment_evt_send
                0x0000000000026630       0x8c zephyr/modules/nrf/subsys/net/lib/download_client/lib..__nrf__subsys__net__lib__download_client.a(download_client.c.obj)
 .text.setsockopt
                0x00000000000266bc       0x70 zephyr/modules/nrf/subsys/net/lib/download_client/lib..__nrf__subsys__net__lib__download_client.a(download_client.c.obj)
 .text.close    0x000000000002672c       0x58 zephyr/modules/nrf/subsys/net/lib/download_client/lib..__nrf__subsys__net__lib__download_client.a(download_client.c.obj)
 .text.get_request_send
                0x0000000000026784      0x194 zephyr/modules/nrf/subsys/net/lib/download_client/lib..__nrf__subsys__net__lib__download_client.a(download_client.c.obj)
 .text.download_client_init
                0x0000000000026918       0x54 zephyr/modules/nrf/subsys/net/lib/download_client/lib..__nrf__subsys__net__lib__download_client.a(download_client.c.obj)
                0x0000000000026918                download_client_init
 .text.download_client_connect
                0x000000000002696c      0x36c zephyr/modules/nrf/subsys/net/lib/download_client/lib..__nrf__subsys__net__lib__download_client.a(download_client.c.obj)
                0x000000000002696c                download_client_connect
 .text.download_client_disconnect
                0x0000000000026cd8       0x5c zephyr/modules/nrf/subsys/net/lib/download_client/lib..__nrf__subsys__net__lib__download_client.a(download_client.c.obj)
                0x0000000000026cd8                download_client_disconnect
 .text.reconnect
                0x0000000000026d34       0x4c zephyr/modules/nrf/subsys/net/lib/download_client/lib..__nrf__subsys__net__lib__download_client.a(download_client.c.obj)
 .text.download_thread
                0x0000000000026d80      0x414 zephyr/modules/nrf/subsys/net/lib/download_client/lib..__nrf__subsys__net__lib__download_client.a(download_client.c.obj)
                0x0000000000026d80                download_thread
 .text.download_client_start
                0x0000000000027194       0x80 zephyr/modules/nrf/subsys/net/lib/download_client/lib..__nrf__subsys__net__lib__download_client.a(download_client.c.obj)
                0x0000000000027194                download_client_start
 .text.download_with_offset
                0x0000000000027214       0x70 zephyr/modules/nrf/subsys/net/lib/fota_download/lib..__nrf__subsys__net__lib__fota_download.a(fota_download.c.obj)
 .text.download_client_callback
                0x0000000000027284      0x208 zephyr/modules/nrf/subsys/net/lib/fota_download/lib..__nrf__subsys__net__lib__fota_download.a(fota_download.c.obj)
 .text.fota_download_start
                0x000000000002748c       0x58 zephyr/modules/nrf/subsys/net/lib/fota_download/lib..__nrf__subsys__net__lib__fota_download.a(fota_download.c.obj)
                0x000000000002748c                fota_download_start
 .text.fota_download_init
                0x00000000000274e4       0x38 zephyr/modules/nrf/subsys/net/lib/fota_download/lib..__nrf__subsys__net__lib__fota_download.a(fota_download.c.obj)
                0x00000000000274e4                fota_download_init
 .text.construct_topic
                0x000000000002751c       0xf0 zephyr/modules/nrf/subsys/net/lib/aws_jobs/lib..__nrf__subsys__net__lib__aws_jobs.a(aws_jobs.c.obj)
 .text.reg_topic
                0x000000000002760c       0x98 zephyr/modules/nrf/subsys/net/lib/aws_jobs/lib..__nrf__subsys__net__lib__aws_jobs.a(aws_jobs.c.obj)
 .text.publish  0x00000000000276a4       0xa8 zephyr/modules/nrf/subsys/net/lib/aws_jobs/lib..__nrf__subsys__net__lib__aws_jobs.a(aws_jobs.c.obj)
 .text.aws_jobs_subscribe_topic_notify_next
                0x000000000002774c       0x1c zephyr/modules/nrf/subsys/net/lib/aws_jobs/lib..__nrf__subsys__net__lib__aws_jobs.a(aws_jobs.c.obj)
                0x000000000002774c                aws_jobs_subscribe_topic_notify_next
 .text.aws_jobs_unsubscribe_topic_notify_next
                0x0000000000027768       0x1c zephyr/modules/nrf/subsys/net/lib/aws_jobs/lib..__nrf__subsys__net__lib__aws_jobs.a(aws_jobs.c.obj)
                0x0000000000027768                aws_jobs_unsubscribe_topic_notify_next
 .text.aws_jobs_subscribe_topic_get
                0x0000000000027784       0x1c zephyr/modules/nrf/subsys/net/lib/aws_jobs/lib..__nrf__subsys__net__lib__aws_jobs.a(aws_jobs.c.obj)
                0x0000000000027784                aws_jobs_subscribe_topic_get
 .text.aws_jobs_subscribe_topic_update
                0x00000000000277a0       0x1c zephyr/modules/nrf/subsys/net/lib/aws_jobs/lib..__nrf__subsys__net__lib__aws_jobs.a(aws_jobs.c.obj)
                0x00000000000277a0                aws_jobs_subscribe_topic_update
 .text.aws_jobs_update_job_execution
                0x00000000000277bc       0xc4 zephyr/modules/nrf/subsys/net/lib/aws_jobs/lib..__nrf__subsys__net__lib__aws_jobs.a(aws_jobs.c.obj)
                0x00000000000277bc                aws_jobs_update_job_execution
 .text.aws_jobs_get_job_execution
                0x0000000000027880       0x2c zephyr/modules/nrf/subsys/net/lib/aws_jobs/lib..__nrf__subsys__net__lib__aws_jobs.a(aws_jobs.c.obj)
                0x0000000000027880                aws_jobs_get_job_execution
 .text.update_job_execution.constprop.0
                0x00000000000278ac       0xd4 zephyr/modules/nrf/subsys/net/lib/aws_fota/lib..__nrf__subsys__net__lib__aws_fota.a(aws_fota.c.obj)
 .text.http_fota_handler
                0x0000000000027980       0xc4 zephyr/modules/nrf/subsys/net/lib/aws_fota/lib..__nrf__subsys__net__lib__aws_fota.a(aws_fota.c.obj)
 .text.get_published_payload.constprop.1
                0x0000000000027a44       0x40 zephyr/modules/nrf/subsys/net/lib/aws_fota/lib..__nrf__subsys__net__lib__aws_fota.a(aws_fota.c.obj)
 .text.aws_fota_mqtt_evt_handler
                0x0000000000027a84      0x498 zephyr/modules/nrf/subsys/net/lib/aws_fota/lib..__nrf__subsys__net__lib__aws_fota.a(aws_fota.c.obj)
                0x0000000000027a84                aws_fota_mqtt_evt_handler
 .text.aws_fota_init
                0x0000000000027f1c       0x80 zephyr/modules/nrf/subsys/net/lib/aws_fota/lib..__nrf__subsys__net__lib__aws_fota.a(aws_fota.c.obj)
                0x0000000000027f1c                aws_fota_init
 .text.aws_fota_parse_notify_next_document
                0x0000000000027f9c       0x48 zephyr/modules/nrf/subsys/net/lib/aws_fota/lib..__nrf__subsys__net__lib__aws_fota.a(aws_fota_json.c.obj)
                0x0000000000027f9c                aws_fota_parse_notify_next_document
 .text.dfu_target_img_type
                0x0000000000027fe4       0x50 zephyr/modules/nrf/subsys/dfu/lib..__nrf__subsys__dfu.a(dfu_target.c.obj)
                0x0000000000027fe4                dfu_target_img_type
 .text.dfu_target_init
                0x0000000000028034       0x68 zephyr/modules/nrf/subsys/dfu/lib..__nrf__subsys__dfu.a(dfu_target.c.obj)
                0x0000000000028034                dfu_target_init
 .text.dfu_target_offset_get
                0x000000000002809c       0x14 zephyr/modules/nrf/subsys/dfu/lib..__nrf__subsys__dfu.a(dfu_target.c.obj)
                0x000000000002809c                dfu_target_offset_get
 .text.dfu_target_write
                0x00000000000280b0       0x18 zephyr/modules/nrf/subsys/dfu/lib..__nrf__subsys__dfu.a(dfu_target.c.obj)
                0x00000000000280b0                dfu_target_write
 .text.dfu_target_done
                0x00000000000280c8       0x50 zephyr/modules/nrf/subsys/dfu/lib..__nrf__subsys__dfu.a(dfu_target.c.obj)
                0x00000000000280c8                dfu_target_done
 .text.getsockopt.constprop.2
                0x0000000000028118       0x70 zephyr/modules/nrf/subsys/dfu/lib..__nrf__subsys__dfu.a(dfu_target_modem.c.obj)
 .text.get_modem_error
                0x0000000000028188       0x54 zephyr/modules/nrf/subsys/dfu/lib..__nrf__subsys__dfu.a(dfu_target_modem.c.obj)
 .text.setsockopt.constprop.3
                0x00000000000281dc       0x70 zephyr/modules/nrf/subsys/dfu/lib..__nrf__subsys__dfu.a(dfu_target_modem.c.obj)
 .text.delete_banked_modem_fw
                0x000000000002824c       0xe4 zephyr/modules/nrf/subsys/dfu/lib..__nrf__subsys__dfu.a(dfu_target_modem.c.obj)
 .text.dfu_target_modem_identify
                0x0000000000028330       0x10 zephyr/modules/nrf/subsys/dfu/lib..__nrf__subsys__dfu.a(dfu_target_modem.c.obj)
                0x0000000000028330                dfu_target_modem_identify
 .text.dfu_target_modem_init
                0x0000000000028340      0x1d8 zephyr/modules/nrf/subsys/dfu/lib..__nrf__subsys__dfu.a(dfu_target_modem.c.obj)
                0x0000000000028340                dfu_target_modem_init
 .text.dfu_target_modem_offset_get
                0x0000000000028518       0x10 zephyr/modules/nrf/subsys/dfu/lib..__nrf__subsys__dfu.a(dfu_target_modem.c.obj)
                0x0000000000028518                dfu_target_modem_offset_get
 .text.dfu_target_modem_write
                0x0000000000028528       0xe0 zephyr/modules/nrf/subsys/dfu/lib..__nrf__subsys__dfu.a(dfu_target_modem.c.obj)
                0x0000000000028528                dfu_target_modem_write
 .text.dfu_target_modem_done
                0x0000000000028608      0x114 zephyr/modules/nrf/subsys/dfu/lib..__nrf__subsys__dfu.a(dfu_target_modem.c.obj)
                0x0000000000028608                dfu_target_modem_done
 .text.dfu_target_mcuboot_identify
                0x000000000002871c       0x10 zephyr/modules/nrf/subsys/dfu/lib..__nrf__subsys__dfu.a(dfu_target_mcuboot.c.obj)
                0x000000000002871c                dfu_target_mcuboot_identify
 .text.dfu_target_mcuboot_init
                0x000000000002872c       0x78 zephyr/modules/nrf/subsys/dfu/lib..__nrf__subsys__dfu.a(dfu_target_mcuboot.c.obj)
                0x000000000002872c                dfu_target_mcuboot_init
 .text.dfu_target_mcuboot_offset_get
                0x00000000000287a4       0x10 zephyr/modules/nrf/subsys/dfu/lib..__nrf__subsys__dfu.a(dfu_target_mcuboot.c.obj)
                0x00000000000287a4                dfu_target_mcuboot_offset_get
 .text.dfu_target_mcuboot_write
                0x00000000000287b4       0x54 zephyr/modules/nrf/subsys/dfu/lib..__nrf__subsys__dfu.a(dfu_target_mcuboot.c.obj)
                0x00000000000287b4                dfu_target_mcuboot_write
 .text.dfu_target_mcuboot_done
                0x0000000000028808       0x98 zephyr/modules/nrf/subsys/dfu/lib..__nrf__subsys__dfu.a(dfu_target_mcuboot.c.obj)
                0x0000000000028808                dfu_target_mcuboot_done
 .text.abi_getter
                0x00000000000288a0       0x4c zephyr/modules/nrf/subsys/fw_info/lib..__nrf__subsys__fw_info.a(fw_info.c.obj)
                0x00000000000288a0                abi_getter
 .text.close    0x00000000000288ec       0x58 zephyr/modules/nrf/drivers/at_cmd/lib..__nrf__drivers__at_cmd.a(at_cmd.c.obj)
 .text.callback_worker
                0x0000000000028944       0x20 zephyr/modules/nrf/drivers/at_cmd/lib..__nrf__drivers__at_cmd.a(at_cmd.c.obj)
 .text.open_socket
                0x0000000000028964       0x74 zephyr/modules/nrf/drivers/at_cmd/lib..__nrf__drivers__at_cmd.a(at_cmd.c.obj)
 .text.at_write
                0x00000000000289d8       0xfc zephyr/modules/nrf/drivers/at_cmd/lib..__nrf__drivers__at_cmd.a(at_cmd.c.obj)
 .text.socket_thread_fn
                0x0000000000028ad4      0x2e8 zephyr/modules/nrf/drivers/at_cmd/lib..__nrf__drivers__at_cmd.a(at_cmd.c.obj)
 .text.at_cmd_driver_init
                0x0000000000028dbc       0x68 zephyr/modules/nrf/drivers/at_cmd/lib..__nrf__drivers__at_cmd.a(at_cmd.c.obj)
 .text.at_cmd_write_with_callback
                0x0000000000028e24       0x34 zephyr/modules/nrf/drivers/at_cmd/lib..__nrf__drivers__at_cmd.a(at_cmd.c.obj)
                0x0000000000028e24                at_cmd_write_with_callback
 .text.at_cmd_write
                0x0000000000028e58       0x44 zephyr/modules/nrf/drivers/at_cmd/lib..__nrf__drivers__at_cmd.a(at_cmd.c.obj)
                0x0000000000028e58                at_cmd_write
 .text.at_cmd_set_notification_handler
                0x0000000000028e9c       0x54 zephyr/modules/nrf/drivers/at_cmd/lib..__nrf__drivers__at_cmd.a(at_cmd.c.obj)
                0x0000000000028e9c                at_cmd_set_notification_handler
 .text.w_lte_lc_init
                0x0000000000028ef0       0x2c zephyr/modules/nrf/drivers/lte_link_control/lib..__nrf__drivers__lte_link_control.a(lte_lc.c.obj)
 .text.parse_nw_reg_status
                0x0000000000028f1c      0x164 zephyr/modules/nrf/drivers/lte_link_control/lib..__nrf__drivers__lte_link_control.a(lte_lc.c.obj)
 .text.at_handler
                0x0000000000029080       0x70 zephyr/modules/nrf/drivers/lte_link_control/lib..__nrf__drivers__lte_link_control.a(lte_lc.c.obj)
                0x0000000000029080                at_handler
 .text.w_lte_lc_connect
                0x00000000000290f0      0x14c zephyr/modules/nrf/drivers/lte_link_control/lib..__nrf__drivers__lte_link_control.a(lte_lc.c.obj)
 .text.lte_lc_power_off
                0x000000000002923c       0x1c zephyr/modules/nrf/drivers/lte_link_control/lib..__nrf__drivers__lte_link_control.a(lte_lc.c.obj)
                0x000000000002923c                lte_lc_power_off
 .text.lte_lc_psm_req
                0x0000000000029258       0x2c zephyr/modules/nrf/drivers/lte_link_control/lib..__nrf__drivers__lte_link_control.a(lte_lc.c.obj)
                0x0000000000029258                lte_lc_psm_req
 .text.sensor_sim_channel_get
                0x0000000000029284       0x80 zephyr/modules/nrf/drivers/sensor/sensor_sim/lib..__nrf__drivers__sensor__sensor_sim.a(sensor_sim.c.obj)
 .text.sensor_sim_trigger_set
                0x0000000000029304       0x44 zephyr/modules/nrf/drivers/sensor/sensor_sim/lib..__nrf__drivers__sensor__sensor_sim.a(sensor_sim.c.obj)
 .text.generate_sine.constprop.2
                0x0000000000029348       0x3c zephyr/modules/nrf/drivers/sensor/sensor_sim/lib..__nrf__drivers__sensor__sensor_sim.a(sensor_sim.c.obj)
 .text.sensor_sim_init
                0x0000000000029384       0x3c zephyr/modules/nrf/drivers/sensor/sensor_sim/lib..__nrf__drivers__sensor__sensor_sim.a(sensor_sim.c.obj)
 .text.start    0x00000000000293c0      0x418 zephyr/modules/nrf/drivers/nrf9160_gps/lib..__nrf__drivers__nrf9160_gps.a(nrf9160_gps.c.obj)
 .text.channel_get
                0x00000000000297d8       0x44 zephyr/modules/nrf/drivers/nrf9160_gps/lib..__nrf__drivers__nrf9160_gps.a(nrf9160_gps.c.obj)
 .text.trigger_set
                0x000000000002981c       0x5c zephyr/modules/nrf/drivers/nrf9160_gps/lib..__nrf__drivers__nrf9160_gps.a(nrf9160_gps.c.obj)
 .text.gps_thread
                0x0000000000029878      0x458 zephyr/modules/nrf/drivers/nrf9160_gps/lib..__nrf__drivers__nrf9160_gps.a(nrf9160_gps.c.obj)
 .text.stop     0x0000000000029cd0       0x78 zephyr/modules/nrf/drivers/nrf9160_gps/lib..__nrf__drivers__nrf9160_gps.a(nrf9160_gps.c.obj)
 .text.init     0x0000000000029d48      0x11c zephyr/modules/nrf/drivers/nrf9160_gps/lib..__nrf__drivers__nrf9160_gps.a(nrf9160_gps.c.obj)
 .text.ip_client_event_handler
                0x0000000000029e64        0xc /Users/justin/Github/FORKS/WIP_interval_cmds/nrfxlib/bsdlib/lib/cortex-m33/hard-float/libbsd_nrf9160_xxaa.a(obfuscated.elf)
 .text.rpc_ip_client_init
                0x0000000000029e70        0xc /Users/justin/Github/FORKS/WIP_interval_cmds/nrfxlib/bsdlib/lib/cortex-m33/hard-float/libbsd_nrf9160_xxaa.a(obfuscated.elf)
                0x0000000000029e70                rpc_ip_client_init
 .text.rpc_ip_client_request_alloc
                0x0000000000029e7c       0x28 /Users/justin/Github/FORKS/WIP_interval_cmds/nrfxlib/bsdlib/lib/cortex-m33/hard-float/libbsd_nrf9160_xxaa.a(obfuscated.elf)
                0x0000000000029e7c                rpc_ip_client_request_alloc
 .text.rpc_ip_client_request_send
                0x0000000000029ea4       0x2c /Users/justin/Github/FORKS/WIP_interval_cmds/nrfxlib/bsdlib/lib/cortex-m33/hard-float/libbsd_nrf9160_xxaa.a(obfuscated.elf)
                0x0000000000029ea4                rpc_ip_client_request_send
 .text.rpc_ip_client_message_free
                0x0000000000029ed0       0x10 /Users/justin/Github/FORKS/WIP_interval_cmds/nrfxlib/bsdlib/lib/cortex-m33/hard-float/libbsd_nrf9160_xxaa.a(obfuscated.elf)
                0x0000000000029ed0                rpc_ip_client_message_free
 .text.rpc_ip_client_data_free
                0x0000000000029ee0       0x10 /Users/justin/Github/FORKS/WIP_interval_cmds/nrfxlib/bsdlib/lib/cortex-m33/hard-float/libbsd_nrf9160_xxaa.a(obfuscated.elf)
                0x0000000000029ee0                rpc_ip_client_data_free
 .text.mbedtls_asn1_write_len.part.0
                0x0000000000029ef0       0xc0 /Users/justin/Github/FORKS/WIP_interval_cmds/nrfxlib/bsdlib/lib/cortex-m33/hard-float/libbsd_nrf9160_xxaa.a(obfuscated.elf)
 .text.mbedtls_asn1_write_len
                0x0000000000029fb0       0xf4 /Users/justin/Github/FORKS/WIP_interval_cmds/nrfxlib/bsdlib/lib/cortex-m33/hard-float/libbsd_nrf9160_xxaa.a(obfuscated.elf)
                0x0000000000029fb0                symbol_000646e
 .text.mbedtls_asn1_write_tag
                0x000000000002a0a4       0x1c /Users/justin/Github/FORKS/WIP_interval_cmds/nrfxlib/bsdlib/lib/cortex-m33/hard-float/libbsd_nrf9160_xxaa.a(obfuscated.elf)
                0x000000000002a0a4                symbol_00036c0
 .text.mbedtls_asn1_write_oid
                0x000000000002a0c0       0x90 /Users/justin/Github/FORKS/WIP_interval_cmds/nrfxlib/bsdlib/lib/cortex-m33/hard-float/libbsd_nrf9160_xxaa.a(obfuscated.elf)
                0x000000000002a0c0                symbol_0008475
 .text.mbedtls_asn1_write_algorithm_identifier
                0x000000000002a150      0x12c /Users/justin/Github/FORKS/WIP_interval_cmds/nrfxlib/bsdlib/lib/cortex-m33/hard-float/libbsd_nrf9160_xxaa.a(obfuscated.elf)
                0x000000000002a150                symbol_0002662
 .text.mbedtls_pk_write_pubkey_pem
                0x000000000002a27c      0x158 /Users/justin/Github/FORKS/WIP_interval_cmds/nrfxlib/bsdlib/lib/cortex-m33/hard-float/libbsd_nrf9160_xxaa.a(obfuscated.elf)
                0x000000000002a27c                symbol_0005bf5
 .text.authenticated_atcmd_init
                0x000000000002a3d4      0x104 /Users/justin/Github/FORKS/WIP_interval_cmds/nrfxlib/bsdlib/lib/cortex-m33/hard-float/libbsd_nrf9160_xxaa.a(obfuscated.elf)
                0x000000000002a3d4                authenticated_atcmd_init
 .text.authenticated_atcmd_shutdown
                0x000000000002a4d8        0xc /Users/justin/Github/FORKS/WIP_interval_cmds/nrfxlib/bsdlib/lib/cortex-m33/hard-float/libbsd_nrf9160_xxaa.a(obfuscated.elf)
                0x000000000002a4d8                authenticated_atcmd_shutdown
 .text.gnss_client_event_handler
                0x000000000002a4e4        0xc /Users/justin/Github/FORKS/WIP_interval_cmds/nrfxlib/bsdlib/lib/cortex-m33/hard-float/libbsd_nrf9160_xxaa.a(obfuscated.elf)
 .text.rpc_gnss_client_init
                0x000000000002a4f0        0xc /Users/justin/Github/FORKS/WIP_interval_cmds/nrfxlib/bsdlib/lib/cortex-m33/hard-float/libbsd_nrf9160_xxaa.a(obfuscated.elf)
                0x000000000002a4f0                rpc_gnss_client_init
 .text.rpc_gnss_client_request_alloc
                0x000000000002a4fc       0x28 /Users/justin/Github/FORKS/WIP_interval_cmds/nrfxlib/bsdlib/lib/cortex-m33/hard-float/libbsd_nrf9160_xxaa.a(obfuscated.elf)
                0x000000000002a4fc                rpc_gnss_client_request_alloc
 .text.rpc_gnss_client_request_send
                0x000000000002a524       0x2c /Users/justin/Github/FORKS/WIP_interval_cmds/nrfxlib/bsdlib/lib/cortex-m33/hard-float/libbsd_nrf9160_xxaa.a(obfuscated.elf)
                0x000000000002a524                rpc_gnss_client_request_send
 .text.rpc_gnss_client_message_free
                0x000000000002a550       0x10 /Users/justin/Github/FORKS/WIP_interval_cmds/nrfxlib/bsdlib/lib/cortex-m33/hard-float/libbsd_nrf9160_xxaa.a(obfuscated.elf)
                0x000000000002a550                rpc_gnss_client_message_free
 .text.rpc_gnss_client_data_free
                0x000000000002a560       0x10 /Users/justin/Github/FORKS/WIP_interval_cmds/nrfxlib/bsdlib/lib/cortex-m33/hard-float/libbsd_nrf9160_xxaa.a(obfuscated.elf)
                0x000000000002a560                rpc_gnss_client_data_free
 .text.eckey_can_do
                0x000000000002a570        0xc /Users/justin/Github/FORKS/WIP_interval_cmds/nrfxlib/bsdlib/lib/cortex-m33/hard-float/libbsd_nrf9160_xxaa.a(obfuscated.elf)
 .text.eckey_get_bitlen
                0x000000000002a57c        0x4 /Users/justin/Github/FORKS/WIP_interval_cmds/nrfxlib/bsdlib/lib/cortex-m33/hard-float/libbsd_nrf9160_xxaa.a(obfuscated.elf)
 .text.eckey_debug
                0x000000000002a580       0x14 /Users/justin/Github/FORKS/WIP_interval_cmds/nrfxlib/bsdlib/lib/cortex-m33/hard-float/libbsd_nrf9160_xxaa.a(obfuscated.elf)
 .text.eckeydh_can_do
                0x000000000002a594        0xc /Users/justin/Github/FORKS/WIP_interval_cmds/nrfxlib/bsdlib/lib/cortex-m33/hard-float/libbsd_nrf9160_xxaa.a(obfuscated.elf)
 .text.eckey_free_wrap
                0x000000000002a5a0       0x14 /Users/justin/Github/FORKS/WIP_interval_cmds/nrfxlib/bsdlib/lib/cortex-m33/hard-float/libbsd_nrf9160_xxaa.a(obfuscated.elf)
 .text.eckey_alloc_wrap
                0x000000000002a5b4       0x18 /Users/justin/Github/FORKS/WIP_interval_cmds/nrfxlib/bsdlib/lib/cortex-m33/hard-float/libbsd_nrf9160_xxaa.a(obfuscated.elf)
 .text.eckey_check_pair
                0x000000000002a5cc        0x4 /Users/justin/Github/FORKS/WIP_interval_cmds/nrfxlib/bsdlib/lib/cortex-m33/hard-float/libbsd_nrf9160_xxaa.a(obfuscated.elf)
 .text.mbedtls_base64_encode
                0x000000000002a5d0      0x120 /Users/justin/Github/FORKS/WIP_interval_cmds/nrfxlib/bsdlib/lib/cortex-m33/hard-float/libbsd_nrf9160_xxaa.a(obfuscated.elf)
                0x000000000002a5d0                symbol_0005c7f
 .text.packet_free_cb
                0x000000000002a6f0       0x38 /Users/justin/Github/FORKS/WIP_interval_cmds/nrfxlib/bsdlib/lib/cortex-m33/hard-float/libbsd_nrf9160_xxaa.a(obfuscated.elf)
 .text.at_interface_write
                0x000000000002a728       0xa8 /Users/justin/Github/FORKS/WIP_interval_cmds/nrfxlib/bsdlib/lib/cortex-m33/hard-float/libbsd_nrf9160_xxaa.a(obfuscated.elf)
                0x000000000002a728                at_interface_write
 .text.at_interface_init
                0x000000000002a7d0        0x4 /Users/justin/Github/FORKS/WIP_interval_cmds/nrfxlib/bsdlib/lib/cortex-m33/hard-float/libbsd_nrf9160_xxaa.a(obfuscated.elf)
                0x000000000002a7d0                at_interface_init
 .text.at_interface_open
                0x000000000002a7d4       0x94 /Users/justin/Github/FORKS/WIP_interval_cmds/nrfxlib/bsdlib/lib/cortex-m33/hard-float/libbsd_nrf9160_xxaa.a(obfuscated.elf)
                0x000000000002a7d4                at_interface_open
 .text.at_interface_close
                0x000000000002a868       0x90 /Users/justin/Github/FORKS/WIP_interval_cmds/nrfxlib/bsdlib/lib/cortex-m33/hard-float/libbsd_nrf9160_xxaa.a(obfuscated.elf)
                0x000000000002a868                at_interface_close
 .text.at_interface_read
                0x000000000002a8f8       0xb8 /Users/justin/Github/FORKS/WIP_interval_cmds/nrfxlib/bsdlib/lib/cortex-m33/hard-float/libbsd_nrf9160_xxaa.a(obfuscated.elf)
                0x000000000002a8f8                at_interface_read
 .text.at_interface_getopt
                0x000000000002a9b0        0x4 /Users/justin/Github/FORKS/WIP_interval_cmds/nrfxlib/bsdlib/lib/cortex-m33/hard-float/libbsd_nrf9160_xxaa.a(obfuscated.elf)
                0x000000000002a9b0                at_interface_getopt
 .text.at_interface_setopt
                0x000000000002a9b4        0x4 /Users/justin/Github/FORKS/WIP_interval_cmds/nrfxlib/bsdlib/lib/cortex-m33/hard-float/libbsd_nrf9160_xxaa.a(obfuscated.elf)
                0x000000000002a9b4                at_interface_setopt
 .text.rpc_at_event_handler
                0x000000000002a9b8       0xa4 /Users/justin/Github/FORKS/WIP_interval_cmds/nrfxlib/bsdlib/lib/cortex-m33/hard-float/libbsd_nrf9160_xxaa.a(obfuscated.elf)
                0x000000000002a9b8                rpc_at_event_handler
 .text.at_client_evt_handler
                0x000000000002aa5c       0x10 /Users/justin/Github/FORKS/WIP_interval_cmds/nrfxlib/bsdlib/lib/cortex-m33/hard-float/libbsd_nrf9160_xxaa.a(obfuscated.elf)
 .text.rpc_at_client_init
                0x000000000002aa6c        0xc /Users/justin/Github/FORKS/WIP_interval_cmds/nrfxlib/bsdlib/lib/cortex-m33/hard-float/libbsd_nrf9160_xxaa.a(obfuscated.elf)
                0x000000000002aa6c                rpc_at_client_init
 .text.rpc_at_client_request_alloc
                0x000000000002aa78       0x28 /Users/justin/Github/FORKS/WIP_interval_cmds/nrfxlib/bsdlib/lib/cortex-m33/hard-float/libbsd_nrf9160_xxaa.a(obfuscated.elf)
                0x000000000002aa78                rpc_at_client_request_alloc
 .text.rpc_at_client_request_send
                0x000000000002aaa0       0x1c /Users/justin/Github/FORKS/WIP_interval_cmds/nrfxlib/bsdlib/lib/cortex-m33/hard-float/libbsd_nrf9160_xxaa.a(obfuscated.elf)
                0x000000000002aaa0                rpc_at_client_request_send
 .text.rpc_at_client_message_free
                0x000000000002aabc       0x10 /Users/justin/Github/FORKS/WIP_interval_cmds/nrfxlib/bsdlib/lib/cortex-m33/hard-float/libbsd_nrf9160_xxaa.a(obfuscated.elf)
                0x000000000002aabc                rpc_at_client_message_free
 .text.rpc_at_client_data_free
                0x000000000002aacc       0x10 /Users/justin/Github/FORKS/WIP_interval_cmds/nrfxlib/bsdlib/lib/cortex-m33/hard-float/libbsd_nrf9160_xxaa.a(obfuscated.elf)
                0x000000000002aacc                rpc_at_client_data_free
 .text.logobj_event_handler
                0x000000000002aadc       0xfc /Users/justin/Github/FORKS/WIP_interval_cmds/nrfxlib/bsdlib/lib/cortex-m33/hard-float/libbsd_nrf9160_xxaa.a(obfuscated.elf)
                0x000000000002aadc                logobj_event_handler
 .text.logobj_interface_init
                0x000000000002abd8       0x34 /Users/justin/Github/FORKS/WIP_interval_cmds/nrfxlib/bsdlib/lib/cortex-m33/hard-float/libbsd_nrf9160_xxaa.a(obfuscated.elf)
                0x000000000002abd8                logobj_interface_init
 .text.logobj_interface_open
                0x000000000002ac0c      0x150 /Users/justin/Github/FORKS/WIP_interval_cmds/nrfxlib/bsdlib/lib/cortex-m33/hard-float/libbsd_nrf9160_xxaa.a(obfuscated.elf)
                0x000000000002ac0c                logobj_interface_open
 .text.logobj_interface_read
                0x000000000002ad5c       0xe0 /Users/justin/Github/FORKS/WIP_interval_cmds/nrfxlib/bsdlib/lib/cortex-m33/hard-float/libbsd_nrf9160_xxaa.a(obfuscated.elf)
                0x000000000002ad5c                logobj_interface_read
 .text.logobj_interface_write
                0x000000000002ae3c       0xfc /Users/justin/Github/FORKS/WIP_interval_cmds/nrfxlib/bsdlib/lib/cortex-m33/hard-float/libbsd_nrf9160_xxaa.a(obfuscated.elf)
                0x000000000002ae3c                logobj_interface_write
 .text.logobj_interface_setopt
                0x000000000002af38      0x19c /Users/justin/Github/FORKS/WIP_interval_cmds/nrfxlib/bsdlib/lib/cortex-m33/hard-float/libbsd_nrf9160_xxaa.a(obfuscated.elf)
                0x000000000002af38                logobj_interface_setopt
 .text.logobj_interface_getopt
                0x000000000002b0d4       0xa4 /Users/justin/Github/FORKS/WIP_interval_cmds/nrfxlib/bsdlib/lib/cortex-m33/hard-float/libbsd_nrf9160_xxaa.a(obfuscated.elf)
                0x000000000002b0d4                logobj_interface_getopt
 .text.logobj_interface_close
                0x000000000002b178       0x2c /Users/justin/Github/FORKS/WIP_interval_cmds/nrfxlib/bsdlib/lib/cortex-m33/hard-float/libbsd_nrf9160_xxaa.a(obfuscated.elf)
                0x000000000002b178                logobj_interface_close
 .text.transport_reset
                0x000000000002b1a4        0x4 /Users/justin/Github/FORKS/WIP_interval_cmds/nrfxlib/bsdlib/lib/cortex-m33/hard-float/libbsd_nrf9160_xxaa.a(obfuscated.elf)
 .text.transport_data_free
                0x000000000002b1a8       0x38 /Users/justin/Github/FORKS/WIP_interval_cmds/nrfxlib/bsdlib/lib/cortex-m33/hard-float/libbsd_nrf9160_xxaa.a(obfuscated.elf)
 .text.rpc_transport_ipc_init
                0x000000000002b1e0       0x84 /Users/justin/Github/FORKS/WIP_interval_cmds/nrfxlib/bsdlib/lib/cortex-m33/hard-float/libbsd_nrf9160_xxaa.a(obfuscated.elf)
                0x000000000002b1e0                rpc_transport_ipc_init
 .text.rpc_transport_rx_handle
                0x000000000002b264       0x44 /Users/justin/Github/FORKS/WIP_interval_cmds/nrfxlib/bsdlib/lib/cortex-m33/hard-float/libbsd_nrf9160_xxaa.a(obfuscated.elf)
                0x000000000002b264                rpc_transport_rx_handle
 .text.rpc_transport_ipc_fault_handler
                0x000000000002b2a8        0x8 /Users/justin/Github/FORKS/WIP_interval_cmds/nrfxlib/bsdlib/lib/cortex-m33/hard-float/libbsd_nrf9160_xxaa.a(obfuscated.elf)
                0x000000000002b2ac                rpc_transport_ipc_fault_handler
 .text.rpc_transport_ipc_shutdown
                0x000000000002b2b0       0x18 /Users/justin/Github/FORKS/WIP_interval_cmds/nrfxlib/bsdlib/lib/cortex-m33/hard-float/libbsd_nrf9160_xxaa.a(obfuscated.elf)
                0x000000000002b2b0                rpc_transport_ipc_shutdown
 .text.nrf_socket
                0x000000000002b2c8       0x24 /Users/justin/Github/FORKS/WIP_interval_cmds/nrfxlib/bsdlib/lib/cortex-m33/hard-float/libbsd_nrf9160_xxaa.a(obfuscated.elf)
                0x000000000002b2c8                nrf_socket
 .text.nrf_close
                0x000000000002b2ec       0x1c /Users/justin/Github/FORKS/WIP_interval_cmds/nrfxlib/bsdlib/lib/cortex-m33/hard-float/libbsd_nrf9160_xxaa.a(obfuscated.elf)
                0x000000000002b2ec                nrf_close
 .text.nrf_sendto
                0x000000000002b308       0x38 /Users/justin/Github/FORKS/WIP_interval_cmds/nrfxlib/bsdlib/lib/cortex-m33/hard-float/libbsd_nrf9160_xxaa.a(obfuscated.elf)
                0x000000000002b308                nrf_sendto
 .text.nrf_send
                0x000000000002b340       0x34 /Users/justin/Github/FORKS/WIP_interval_cmds/nrfxlib/bsdlib/lib/cortex-m33/hard-float/libbsd_nrf9160_xxaa.a(obfuscated.elf)
                0x000000000002b340                nrf_send
 .text.nrf_write
                0x000000000002b374       0x2c /Users/justin/Github/FORKS/WIP_interval_cmds/nrfxlib/bsdlib/lib/cortex-m33/hard-float/libbsd_nrf9160_xxaa.a(obfuscated.elf)
                0x000000000002b374                nrf_write
 .text.nrf_recvfrom